Archive member included to satisfy reference by file (symbol)

/usr/lib/gcc/avr/5.4.0/avr5/libgcc.a(_mulsi3.o)
                              ./MCAL/I2C/source/I2C.o (__mulsi3)
/usr/lib/gcc/avr/5.4.0/avr5/libgcc.a(_udivmodsi4.o)
                              ./MCAL/I2C/source/I2C.o (__udivmodsi4)
/usr/lib/gcc/avr/5.4.0/avr5/libgcc.a(_exit.o)
                              /usr/lib/gcc/avr/5.4.0/../../../avr/lib/avr5/crtatmega32.o (exit)
/usr/lib/gcc/avr/5.4.0/avr5/libgcc.a(_tablejump2.o)
                              ./MCAL/TIMER2/source/TIMER2.o (__tablejump2__)
/usr/lib/gcc/avr/5.4.0/avr5/libgcc.a(_copy_data.o)
                              ./SERIVICES/source/calculation_functions.o (__do_copy_data)
/usr/lib/gcc/avr/5.4.0/avr5/libgcc.a(_clear_bss.o)
                              ./MCAL/USART/source/USART.o (__do_clear_bss)
/usr/lib/gcc/avr/5.4.0/avr5/libgcc.a(_muluhisi3.o)
                              /usr/lib/gcc/avr/5.4.0/avr5/libgcc.a(_mulsi3.o) (__muluhisi3)
/usr/lib/gcc/avr/5.4.0/avr5/libgcc.a(_ashldi3.o)
                              ./SERIVICES/source/calculation_functions.o (__ashldi3)
/usr/lib/gcc/avr/5.4.0/avr5/libgcc.a(_adddi3.o)
                              ./SERIVICES/source/calculation_functions.o (__adddi3)
/usr/lib/gcc/avr/5.4.0/avr5/libgcc.a(_umulhisi3.o)
                              /usr/lib/gcc/avr/5.4.0/avr5/libgcc.a(_muluhisi3.o) (__umulhisi3)
/usr/lib/gcc/avr/5.4.0/../../../avr/lib/avr5/libm.a(addsf3.o)
                              ./SERIVICES/source/calculation_functions.o (__subsf3)
/usr/lib/gcc/avr/5.4.0/../../../avr/lib/avr5/libm.a(addsf3x.o)
                              /usr/lib/gcc/avr/5.4.0/../../../avr/lib/avr5/libm.a(addsf3.o) (__addsf3x)
/usr/lib/gcc/avr/5.4.0/../../../avr/lib/avr5/libm.a(cmpsf2.o)
                              ./SERIVICES/source/calculation_functions.o (__ltsf2)
/usr/lib/gcc/avr/5.4.0/../../../avr/lib/avr5/libm.a(divsf3.o)
                              ./MCAL/USART/source/USART.o (__divsf3)
/usr/lib/gcc/avr/5.4.0/../../../avr/lib/avr5/libm.a(divsf3x.o)
                              /usr/lib/gcc/avr/5.4.0/../../../avr/lib/avr5/libm.a(divsf3.o) (__divsf3x)
/usr/lib/gcc/avr/5.4.0/../../../avr/lib/avr5/libm.a(fixsfsi.o)
                              ./SERIVICES/source/calculation_functions.o (__fixsfsi)
/usr/lib/gcc/avr/5.4.0/../../../avr/lib/avr5/libm.a(fixunssfsi.o)
                              ./SERIVICES/source/calculation_functions.o (__fixunssfsi)
/usr/lib/gcc/avr/5.4.0/../../../avr/lib/avr5/libm.a(floatsisf.o)
                              ./MCAL/USART/source/USART.o (__floatunsisf)
/usr/lib/gcc/avr/5.4.0/../../../avr/lib/avr5/libm.a(fp_cmp.o)
                              /usr/lib/gcc/avr/5.4.0/../../../avr/lib/avr5/libm.a(cmpsf2.o) (__fp_cmp)
/usr/lib/gcc/avr/5.4.0/../../../avr/lib/avr5/libm.a(fp_inf.o)
                              /usr/lib/gcc/avr/5.4.0/../../../avr/lib/avr5/libm.a(addsf3x.o) (__fp_inf)
/usr/lib/gcc/avr/5.4.0/../../../avr/lib/avr5/libm.a(fp_nan.o)
                              /usr/lib/gcc/avr/5.4.0/../../../avr/lib/avr5/libm.a(addsf3x.o) (__fp_nan)
/usr/lib/gcc/avr/5.4.0/../../../avr/lib/avr5/libm.a(fp_pscA.o)
                              /usr/lib/gcc/avr/5.4.0/../../../avr/lib/avr5/libm.a(addsf3x.o) (__fp_pscA)
/usr/lib/gcc/avr/5.4.0/../../../avr/lib/avr5/libm.a(fp_pscB.o)
                              /usr/lib/gcc/avr/5.4.0/../../../avr/lib/avr5/libm.a(addsf3x.o) (__fp_pscB)
/usr/lib/gcc/avr/5.4.0/../../../avr/lib/avr5/libm.a(fp_round.o)
                              /usr/lib/gcc/avr/5.4.0/../../../avr/lib/avr5/libm.a(addsf3.o) (__fp_round)
/usr/lib/gcc/avr/5.4.0/../../../avr/lib/avr5/libm.a(fp_split3.o)
                              /usr/lib/gcc/avr/5.4.0/../../../avr/lib/avr5/libm.a(addsf3x.o) (__fp_split3)
/usr/lib/gcc/avr/5.4.0/../../../avr/lib/avr5/libm.a(fp_zero.o)
                              /usr/lib/gcc/avr/5.4.0/../../../avr/lib/avr5/libm.a(addsf3x.o) (__fp_zero)
/usr/lib/gcc/avr/5.4.0/../../../avr/lib/avr5/libm.a(gesf2.o)
                              ./MCAL/ADC/source/ADC.o (__gtsf2)
/usr/lib/gcc/avr/5.4.0/../../../avr/lib/avr5/libm.a(mulsf3.o)
                              ./SERIVICES/source/calculation_functions.o (__mulsf3)
/usr/lib/gcc/avr/5.4.0/../../../avr/lib/avr5/libm.a(mulsf3x.o)
                              /usr/lib/gcc/avr/5.4.0/../../../avr/lib/avr5/libm.a(mulsf3.o) (__mulsf3x)
/usr/lib/gcc/avr/5.4.0/../../../avr/lib/avr5/libc.a(sprintf.o)
                              ./SERIVICES/source/calculation_functions.o (sprintf)
/usr/lib/gcc/avr/5.4.0/../../../avr/lib/avr5/libc.a(vfprintf_std.o)
                              /usr/lib/gcc/avr/5.4.0/../../../avr/lib/avr5/libc.a(sprintf.o) (vfprintf)
/usr/lib/gcc/avr/5.4.0/../../../avr/lib/avr5/libc.a(strnlen_P.o)
                              /usr/lib/gcc/avr/5.4.0/../../../avr/lib/avr5/libc.a(vfprintf_std.o) (strnlen_P)
/usr/lib/gcc/avr/5.4.0/../../../avr/lib/avr5/libc.a(strnlen.o)
[...]
Memory Configuration

Name             Origin             Length             Attributes
text             0x0000000000000000 0x0000000000020000 xr
data             0x0000000000800060 0x000000000000ffa0 rw !x
eeprom           0x0000000000810000 0x0000000000010000 rw !x
fuse             0x0000000000820000 0x0000000000000002 rw !x
lock             0x0000000000830000 0x0000000000000400 rw !x
signature        0x0000000000840000 0x0000000000000400 rw !x
user_signatures  0x0000000000850000 0x0000000000000400 rw !x
*default*        0x0000000000000000 0xffffffffffffffff

Linker script and memory map

LOAD /usr/lib/gcc/avr/5.4.0/../../../avr/lib/avr5/crtatmega32.o
LOAD ./SERIVICES/source/calculation_functions.o
LOAD ./MCAL/WTD/source/WDT.o
LOAD ./MCAL/WTD/source/WDT_config.o
LOAD ./MCAL/USART/source/USART.o
LOAD ./MCAL/USART/source/USART_config.o
LOAD ./MCAL/TIMER2/source/TIMER2.o
LOAD ./MCAL/TIMER2/source/TIMER2_config.o
LOAD ./MCAL/TIMER1/source/TIMER1.o
LOAD ./MCAL/TIMER1/source/TIMER1_config.o
LOAD ./MCAL/TIMER0/soruce/TIMER0.o
LOAD ./MCAL/TIMER0/soruce/TIMER0_config.o
LOAD ./MCAL/SPI/source/SPI.o
LOAD ./MCAL/SPI/source/SPI_config.o
LOAD ./MCAL/PORT/source/PORT.o
LOAD ./MCAL/PORT/source/PORT_config.o
LOAD ./MCAL/I2C/source/I2C.o
LOAD ./MCAL/I2C/source/I2C_config.o
LOAD ./MCAL/GIE/source/GIE.o
LOAD ./MCAL/GIE/source/GIE_config.o
LOAD ./MCAL/EXTI/source/EXTI.o
LOAD ./MCAL/EXTI/source/EXTI_config.o
LOAD ./MCAL/DIO/source/DIO.o
LOAD ./MCAL/DIO/source/DIO_config.o
LOAD ./MCAL/ADC/source/ADC.o
LOAD ./MCAL/ADC/source/ADC_config.o
LOAD ./HAL/source/TC74/TC74.o
LOAD ./HAL/source/SEVEN_SEGMENT/SEVEN_SEGMENT.o
LOAD ./HAL/source/SEVEN_SEGMENT/SEVEN_SEGMENT_config.o
LOAD ./HAL/source/SERVO/SERVO.o
LOAD ./HAL/source/SERVO/SERVO_config.o
LOAD ./HAL/source/RTC/RTC.o
LOAD ./HAL/source/RTC/RTC_config.o
LOAD ./HAL/source/LCD/LCD.o
LOAD ./HAL/source/LCD/LCD_config.o
LOAD ./HAL/source/KEYPAD/KEYPAD.o
LOAD ./HAL/source/KEYPAD/KEYPAD_config.o
LOAD ./HAL/source/ICUSW/ICUSW.o
LOAD ./HAL/source/ICUSW/ICUSW_config.o
LOAD ./HAL/source/EXTERNAL_EEPROM_24C02C/EXTERNAL_EEPROM.o
LOAD ./HAL/source/EXTERNAL_EEPROM_24C02C/EXTERNAL_EEPROM_config.o
LOAD ./HAL/source/DC_MOTOR/DC_MOTOR.o
LOAD ./HAL/source/BUTTON/BUTTON.o
LOAD ./HAL/source/BUTTON/BUTTON_config.o
LOAD ./APP/main.o
START GROUP
LOAD /usr/lib/gcc/avr/5.4.0/avr5/libgcc.a
LOAD /usr/lib/gcc/avr/5.4.0/../../../avr/lib/avr5/libm.a
LOAD /usr/lib/gcc/avr/5.4.0/../../../avr/lib/avr5/libc.a
LOAD /usr/lib/gcc/avr/5.4.0/../../../avr/lib/avr5/libatmega32.a
END GROUP
                0x0000000000000000                __TEXT_REGION_ORIGIN__ = DEFINED (__TEXT_REGION_ORIGIN__)?__TEXT_REGION_ORIGIN__:0x0
                0x0000000000800060                __DATA_REGION_ORIGIN__ = DEFINED (__DATA_REGION_ORIGIN__)?__DATA_REGION_ORIGIN__:0x800060
                0x0000000000020000                __TEXT_REGION_LENGTH__ = DEFINED (__TEXT_REGION_LENGTH__)?__TEXT_REGION_LENGTH__:0x20000
                0x000000000000ffa0                __DATA_REGION_LENGTH__ = DEFINED (__DATA_REGION_LENGTH__)?__DATA_REGION_LENGTH__:0xffa0
                0x0000000000010000                __EEPROM_REGION_LENGTH__ = DEFINED (__EEPROM_REGION_LENGTH__)?__EEPROM_REGION_LENGTH__:0x10000
                [0x0000000000000002]                __FUSE_REGION_LENGTH__ = DEFINED (__FUSE_REGION_LENGTH__)?__FUSE_REGION_LENGTH__:0x400
                0x0000000000000400                __LOCK_REGION_LENGTH__ = DEFINED (__LOCK_REGION_LENGTH__)?__LOCK_REGION_LENGTH__:0x400
                0x0000000000000400                __SIGNATURE_REGION_LENGTH__ = DEFINED (__SIGNATURE_REGION_LENGTH__)?__SIGNATURE_REGION_LENGTH__:0x400
                0x0000000000000400                __USER_SIGNATURE_REGION_LENGTH__ = DEFINED (__USER_SIGNATURE_REGION_LENGTH__)?__USER_SIGNATURE_REGION_LENGTH__:0x400

.hash
 *(.hash)

.dynsym
 *(.dynsym)

.dynstr
 *(.dynstr)

.gnu.version
 *(.gnu.version)

.gnu.version_d
 *(.gnu.version_d)

.gnu.version_r
 *(.gnu.version_r)

.rel.init
 *(.rel.init)

.rela.init
 *(.rela.init)

.rel.text
 *(.rel.text)
 *(.rel.text.*)
 *(.rel.gnu.linkonce.t*)

.rela.text
 *(.rela.text)
 *(.rela.text.*)
 *(.rela.gnu.linkonce.t*)

.rel.fini
 *(.rel.fini)

.rela.fini
 *(.rela.fini)

.rel.rodata
 *(.rel.rodata)
 *(.rel.rodata.*)
 *(.rel.gnu.linkonce.r*)

.rela.rodata
 *(.rela.rodata)
 *(.rela.rodata.*)
 *(.rela.gnu.linkonce.r*)

.rel.data
 *(.rel.data)
 *(.rel.data.*)
 *(.rel.gnu.linkonce.d*)

.rela.data
 *(.rela.data)
 *(.rela.data.*)
 *(.rela.gnu.linkonce.d*)

.rel.ctors
 *(.rel.ctors)

.rela.ctors
 *(.rela.ctors)

.rel.dtors
 *(.rel.dtors)

.rela.dtors
 *(.rela.dtors)

.rel.got
 *(.rel.got)

.rela.got
 *(.rela.got)

.rel.bss
 *(.rel.bss)

.rela.bss
 *(.rela.bss)

.rel.plt
 *(.rel.plt)

.rela.plt
 *(.rela.plt)

.text           0x0000000000000000     0x784a
 *(.vectors)
 .vectors       0x0000000000000000       0x54 /usr/lib/gcc/avr/5.4.0/../../../avr/lib/avr5/crtatmega32.o
                0x0000000000000000                __vectors
                0x0000000000000000                __vector_default
 *(.vectors)
 *(.progmem.gcc*)
 .progmem.gcc_sw_table.Timer2_enuSetDutyCyclePwm
                0x0000000000000054       0x20 ./MCAL/TIMER2/source/TIMER2.o
 .progmem.gcc_sw_table.Timer0_enuSetDutyCyclePwm
                0x0000000000000074       0x20 ./MCAL/TIMER0/soruce/TIMER0.o
                0x0000000000000094                . = ALIGN (0x2)
                0x0000000000000094                __trampolines_start = .
 *(.trampolines)
 .trampolines   0x0000000000000094        0x0 linker stubs
 *(.trampolines*)
                0x0000000000000094                __trampolines_end = .
 *libprintf_flt.a:*(.progmem.data)
 *libc.a:*(.progmem.data)
 *(.progmem*)
                0x0000000000000094                . = ALIGN (0x2)
 *(.jumptables)
 *(.jumptables*)
 *(.lowtext)
 *(.lowtext*)
                0x0000000000000094                __ctors_start = .
 *(.ctors)
                0x0000000000000094                __ctors_end = .
                0x0000000000000094                __dtors_start = .
 *(.dtors)
                0x0000000000000094                __dtors_end = .
 SORT(*)(.ctors)
 SORT(*)(.dtors)
 *(.init0)
 .init0         0x0000000000000094        0x0 /usr/lib/gcc/avr/5.4.0/../../../avr/lib/avr5/crtatmega32.o
                0x0000000000000094                __init
 *(.init0)
 *(.init1)
 *(.init1)
 *(.init2)
 .init2         0x0000000000000094        0xc /usr/lib/gcc/avr/5.4.0/../../../avr/lib/avr5/crtatmega32.o
 *(.init2)
 *(.init3)
 *(.init3)
 *(.init4)
 .init4         0x00000000000000a0       0x16 /usr/lib/gcc/avr/5.4.0/avr5/libgcc.a(_copy_data.o)
                0x00000000000000a0                __do_copy_data
 .init4         0x00000000000000b6       0x10 /usr/lib/gcc/avr/5.4.0/avr5/libgcc.a(_clear_bss.o)
                0x00000000000000b6                __do_clear_bss
 *(.init4)
 *(.init5)
 *(.init5)
 *(.init6)
 *(.init6)
 *(.init7)
 *(.init7)
 *(.init8)
 *(.init8)
 *(.init9)
 .init9         0x00000000000000c6        0x8 /usr/lib/gcc/avr/5.4.0/../../../avr/lib/avr5/crtatmega32.o
 *(.init9)
 *(.text)
 .text          0x00000000000000ce        0x4 /usr/lib/gcc/avr/5.4.0/../../../avr/lib/avr5/crtatmega32.o
                0x00000000000000ce                __bad_interrupt
                0x00000000000000ce                __vector_17
                0x00000000000000ce                __vector_19
                0x00000000000000ce                __vector_18
                0x00000000000000ce                __vector_20
 .text          0x00000000000000d2        0x0 ./SERIVICES/source/calculation_functions.o
 .text          0x00000000000000d2        0x0 ./MCAL/WTD/source/WDT.o
 .text          0x00000000000000d2        0x0 ./MCAL/WTD/source/WDT_config.o
 .text          0x00000000000000d2        0x0 ./MCAL/USART/source/USART.o
 .text          0x00000000000000d2        0x0 ./MCAL/USART/source/USART_config.o
 .text          0x00000000000000d2        0x0 ./MCAL/TIMER2/source/TIMER2.o
 .text          0x00000000000000d2        0x0 ./MCAL/TIMER2/source/TIMER2_config.o
 .text          0x00000000000000d2        0x0 ./MCAL/TIMER1/source/TIMER1.o
 .text          0x00000000000000d2        0x0 ./MCAL/TIMER1/source/TIMER1_config.o
 .text          0x00000000000000d2        0x0 ./MCAL/TIMER0/soruce/TIMER0.o
 .text          0x00000000000000d2        0x0 ./MCAL/TIMER0/soruce/TIMER0_config.o
 .text          0x00000000000000d2        0x0 ./MCAL/SPI/source/SPI.o
 .text          0x00000000000000d2        0x0 ./MCAL/SPI/source/SPI_config.o
 .text          0x00000000000000d2        0x0 ./MCAL/PORT/source/PORT.o
 .text          0x00000000000000d2        0x0 ./MCAL/PORT/source/PORT_config.o
 .text          0x00000000000000d2        0x0 ./MCAL/I2C/source/I2C.o
 .text          0x00000000000000d2        0x0 ./MCAL/I2C/source/I2C_config.o
 .text          0x00000000000000d2        0x0 ./MCAL/GIE/source/GIE.o
 .text          0x00000000000000d2        0x0 ./MCAL/GIE/source/GIE_config.o
 .text          0x00000000000000d2        0x0 ./MCAL/EXTI/source/EXTI.o
 .text          0x00000000000000d2        0x0 ./MCAL/EXTI/source/EXTI_config.o
 .text          0x00000000000000d2        0x0 ./MCAL/DIO/source/DIO.o
 .text          0x00000000000000d2        0x0 ./MCAL/DIO/source/DIO_config.o
 .text          0x00000000000000d2        0x0 ./MCAL/ADC/source/ADC.o
 .text          0x00000000000000d2        0x0 ./MCAL/ADC/source/ADC_config.o
 .text          0x00000000000000d2        0x0 ./HAL/source/TC74/TC74.o
 .text          0x00000000000000d2        0x0 ./HAL/source/SEVEN_SEGMENT/SEVEN_SEGMENT.o
 .text          0x00000000000000d2        0x0 ./HAL/source/SEVEN_SEGMENT/SEVEN_SEGMENT_config.o
 .text          0x00000000000000d2        0x0 ./HAL/source/SERVO/SERVO.o
 .text          0x00000000000000d2        0x0 ./HAL/source/SERVO/SERVO_config.o
 .text          0x00000000000000d2        0x0 ./HAL/source/RTC/RTC.o
 .text          0x00000000000000d2        0x0 ./HAL/source/RTC/RTC_config.o
 .text          0x00000000000000d2        0x0 ./HAL/source/LCD/LCD.o
 .text          0x00000000000000d2        0x0 ./HAL/source/LCD/LCD_config.o
 .text          0x00000000000000d2        0x0 ./HAL/source/KEYPAD/KEYPAD.o
 .text          0x00000000000000d2        0x0 ./HAL/source/KEYPAD/KEYPAD_config.o
 .text          0x00000000000000d2        0x0 ./HAL/source/ICUSW/ICUSW.o
 .text          0x00000000000000d2        0x0 ./HAL/source/ICUSW/ICUSW_config.o
 .text          0x00000000000000d2        0x0 ./HAL/source/EXTERNAL_EEPROM_24C02C/EXTERNAL_EEPROM.o
 .text          0x00000000000000d2        0x0 ./HAL/source/EXTERNAL_EEPROM_24C02C/EXTERNAL_EEPROM_config.o
 .text          0x00000000000000d2        0x0 ./HAL/source/DC_MOTOR/DC_MOTOR.o
 .text          0x00000000000000d2        0x0 ./HAL/source/BUTTON/BUTTON.o
 .text          0x00000000000000d2        0x0 ./HAL/source/BUTTON/BUTTON_config.o
 .text          0x00000000000000d2        0x0 ./APP/main.o
 .text          0x00000000000000d2        0x0 /usr/lib/gcc/avr/5.4.0/avr5/libgcc.a(_mulsi3.o)
 .text          0x00000000000000d2        0x0 /usr/lib/gcc/avr/5.4.0/avr5/libgcc.a(_udivmodsi4.o)
 .text          0x00000000000000d2        0x0 /usr/lib/gcc/avr/5.4.0/avr5/libgcc.a(_exit.o)
 .text          0x00000000000000d2        0x0 /usr/lib/gcc/avr/5.4.0/avr5/libgcc.a(_tablejump2.o)
 .text          0x00000000000000d2        0x0 /usr/lib/gcc/avr/5.4.0/avr5/libgcc.a(_copy_data.o)
 .text          0x00000000000000d2        0x0 /usr/lib/gcc/avr/5.4.0/avr5/libgcc.a(_clear_bss.o)
 .text          0x00000000000000d2        0x0 /usr/lib/gcc/avr/5.4.0/avr5/libgcc.a(_muluhisi3.o)
 .text          0x00000000000000d2        0x0 /usr/lib/gcc/avr/5.4.0/avr5/libgcc.a(_ashldi3.o)
 .text          0x00000000000000d2        0x0 /usr/lib/gcc/avr/5.4.0/avr5/libgcc.a(_adddi3.o)
 .text          0x00000000000000d2        0x0 /usr/lib/gcc/avr/5.4.0/avr5/libgcc.a(_umulhisi3.o)
 .text          0x00000000000000d2        0x0 /usr/lib/gcc/avr/5.4.0/../../../avr/lib/avr5/libm.a(addsf3.o)
 .text          0x00000000000000d2        0x0 /usr/lib/gcc/avr/5.4.0/../../../avr/lib/avr5/libm.a(addsf3x.o)
 .text          0x00000000000000d2        0x0 /usr/lib/gcc/avr/5.4.0/../../../avr/lib/avr5/libm.a(cmpsf2.o)
 .text          0x00000000000000d2        0x0 /usr/lib/gcc/avr/5.4.0/../../../avr/lib/avr5/libm.a(divsf3.o)
 .text          0x00000000000000d2        0x0 /usr/lib/gcc/avr/5.4.0/../../../avr/lib/avr5/libm.a(divsf3x.o)
 .text          0x00000000000000d2        0x0 /usr/lib/gcc/avr/5.4.0/../../../avr/lib/avr5/libm.a(fixsfsi.o)
 .text          0x00000000000000d2        0x0 /usr/lib/gcc/avr/5.4.0/../../../avr/lib/avr5/libm.a(fixunssfsi.o)
 .text          0x00000000000000d2        0x0 /usr/lib/gcc/avr/5.4.0/../../../avr/lib/avr5/libm.a(floatsisf.o)
 .text          0x00000000000000d2        0x0 /usr/lib/gcc/avr/5.4.0/../../../avr/lib/avr5/libm.a(fp_cmp.o)
 .text          0x00000000000000d2        0x0 /usr/lib/gcc/avr/5.4.0/../../../avr/lib/avr5/libm.a(fp_inf.o)
 .text          0x00000000000000d2        0x0 /usr/lib/gcc/avr/5.4.0/../../../avr/lib/avr5/libm.a(fp_nan.o)
 .text          0x00000000000000d2        0x0 /usr/lib/gcc/avr/5.4.0/../../../avr/lib/avr5/libm.a(fp_pscA.o)
 .text          0x00000000000000d2        0x0 /usr/lib/gcc/avr/5.4.0/../../../avr/lib/avr5/libm.a(fp_pscB.o)
 .text          0x00000000000000d2        0x0 /usr/lib/gcc/avr/5.4.0/../../../avr/lib/avr5/libm.a(fp_round.o)
 .text          0x00000000000000d2        0x0 /usr/lib/gcc/avr/5.4.0/../../../avr/lib/avr5/libm.a(fp_split3.o)
 .text          0x00000000000000d2        0x0 /usr/lib/gcc/avr/5.4.0/../../../avr/lib/avr5/libm.a(fp_zero.o)
 .text          0x00000000000000d2        0x0 /usr/lib/gcc/avr/5.4.0/../../../avr/lib/avr5/libm.a(gesf2.o)
 .text          0x00000000000000d2        0x0 /usr/lib/gcc/avr/5.4.0/../../../avr/lib/avr5/libm.a(mulsf3.o)
 .text          0x00000000000000d2        0x0 /usr/lib/gcc/avr/5.4.0/../../../avr/lib/avr5/libm.a(mulsf3x.o)
 .text          0x00000000000000d2        0x0 /usr/lib/gcc/avr/5.4.0/../../../avr/lib/avr5/libc.a(sprintf.o)
 .text          0x00000000000000d2        0x0 /usr/lib/gcc/avr/5.4.0/../../../avr/lib/avr5/libc.a(vfprintf_std.o)
 .text          0x00000000000000d2        0x0 /usr/lib/gcc/avr/5.4.0/../../../avr/lib/avr5/libc.a(strnlen_P.o)
 .text          0x00000000000000d2        0x0 /usr/lib/gcc/avr/5.4.0/../../../avr/lib/avr5/libc.a(strnlen.o)
 .text          0x00000000000000d2        0x0 /usr/lib/gcc/avr/5.4.0/../../../avr/lib/avr5/libc.a(fputc.o)
 .text          0x00000000000000d2        0x0 /usr/lib/gcc/avr/5.4.0/../../../avr/lib/avr5/libc.a(ultoa_invert.o)
 .text          0x00000000000000d2        0x0 /usr/lib/gcc/avr/5.4.0/avr5/libgcc.a(_prologue.o)
 .text          0x00000000000000d2        0x0 /usr/lib/gcc/avr/5.4.0/avr5/libgcc.a(_epilogue.o)
                0x00000000000000d2                . = ALIGN (0x2)
 *(.text.*)
 .text.Convert_IntToString
                0x00000000000000d2       0x7e ./SERIVICES/source/calculation_functions.o
                0x00000000000000d2                Convert_IntToString
 .text.Convert_FloatToString
                0x0000000000000150      0x138 ./SERIVICES/source/calculation_functions.o
                0x0000000000000150                Convert_FloatToString
 .text.Convert_StringTou8
                0x0000000000000288      0x1d8 ./SERIVICES/source/calculation_functions.o
                0x0000000000000288                Convert_StringTou8
 .text.Convert_StringTou16
                0x0000000000000460      0x1dc ./SERIVICES/source/calculation_functions.o
                0x0000000000000460                Convert_StringTou16
 .text.Convert_StringTou32
                0x000000000000063c      0x1e4 ./SERIVICES/source/calculation_functions.o
                0x000000000000063c                Convert_StringTou32
 .text.Convert_StringTou64
                0x0000000000000820      0x202 ./SERIVICES/source/calculation_functions.o
                0x0000000000000820                Convert_StringTou64
 .text.Convert_BCDToInt
                0x0000000000000a22       0x74 ./SERIVICES/source/calculation_functions.o
                0x0000000000000a22                Convert_BCDToInt
 .text.Convert_VoltToTempLm35
                0x0000000000000a96       0x74 ./SERIVICES/source/calculation_functions.o
                0x0000000000000a96                Convert_VoltToTempLm35
 .text.Wtd_enuSleep
                0x0000000000000b0a       0x36 ./MCAL/WTD/source/WDT.o
                0x0000000000000b0a                Wtd_enuSleep
 .text.Wtd_enuDisable
                0x0000000000000b40       0x34 ./MCAL/WTD/source/WDT.o
                0x0000000000000b40                Wtd_enuDisable
 .text.Usart_enuInit
                0x0000000000000b74      0x1ae ./MCAL/USART/source/USART.o
                0x0000000000000b74                Usart_enuInit
 .text.Usart_enuTransmitCharBlocking
                0x0000000000000d22       0x60 ./MCAL/USART/source/USART.o
                0x0000000000000d22                Usart_enuTransmitCharBlocking
 .text.Usart_enuReceiveBlocking
                0x0000000000000d82       0x74 ./MCAL/USART/source/USART.o
                0x0000000000000d82                Usart_enuReceiveBlocking
 .text.Usart_enuTransmitStringBlocking
                0x0000000000000df6       0x84 ./MCAL/USART/source/USART.o
                0x0000000000000df6                Usart_enuTransmitStringBlocking
 .text.Usart_enuEnableRxInterrupt
                0x0000000000000e7a       0x2a ./MCAL/USART/source/USART.o
                0x0000000000000e7a                Usart_enuEnableRxInterrupt
 .text.Usart_enuDisableRxInterrupt
                0x0000000000000ea4       0x2a ./MCAL/USART/source/USART.o
                0x0000000000000ea4                Usart_enuDisableRxInterrupt
 .text.Usart_enuSetCallbackRxFunction
                0x0000000000000ece       0x3c ./MCAL/USART/source/USART.o
                0x0000000000000ece                Usart_enuSetCallbackRxFunction
 .text.Usart_enuEnableTxInterrupt
                0x0000000000000f0a       0x2a ./MCAL/USART/source/USART.o
                0x0000000000000f0a                Usart_enuEnableTxInterrupt
 .text.Usart_enuDisableTxInterrupt
                0x0000000000000f34       0x2a ./MCAL/USART/source/USART.o
                0x0000000000000f34                Usart_enuDisableTxInterrupt
 .text.Usart_enuSetCallbackTxFunction
                0x0000000000000f5e       0x3c ./MCAL/USART/source/USART.o
                0x0000000000000f5e                Usart_enuSetCallbackTxFunction
 .text.Usart_enuEnableDataRegEmptyInterrupt
                0x0000000000000f9a       0x2a ./MCAL/USART/source/USART.o
                0x0000000000000f9a                Usart_enuEnableDataRegEmptyInterrupt
 .text.Usart_enuDisableDataRegEmptyInterrupt
                0x0000000000000fc4       0x2a ./MCAL/USART/source/USART.o
                0x0000000000000fc4                Usart_enuDisableDataRegEmptyInterrupt
 .text.Usart_enuSetCallbackDataRegEmptyFunction
                0x0000000000000fee       0x3c ./MCAL/USART/source/USART.o
                0x0000000000000fee                Usart_enuSetCallbackDataRegEmptyFunction
 .text.__vector_15
                0x000000000000102a       0x6e ./MCAL/USART/source/USART.o
                0x000000000000102a                __vector_15
 .text.__vector_13
                0x0000000000001098       0x88 ./MCAL/USART/source/USART.o
                0x0000000000001098                __vector_13
 .text.__vector_14
                0x0000000000001120       0x6e ./MCAL/USART/source/USART.o
                0x0000000000001120                __vector_14
 .text.Timer2_enuInit
                0x000000000000118e      0x164 ./MCAL/TIMER2/source/TIMER2.o
                0x000000000000118e                Timer2_enuInit
 .text.Timer2_DeInit
                0x00000000000012f2       0x42 ./MCAL/TIMER2/source/TIMER2.o
                0x00000000000012f2                Timer2_DeInit
 .text.Timer2_enuEnableOverflowInterrupt
                0x0000000000001334       0x2a ./MCAL/TIMER2/source/TIMER2.o
                0x0000000000001334                Timer2_enuEnableOverflowInterrupt
 .text.Timer2_enuEnableCaptureInterrupt
                0x000000000000135e       0x2a ./MCAL/TIMER2/source/TIMER2.o
                0x000000000000135e                Timer2_enuEnableCaptureInterrupt
 .text.Timer2_enuDisableOverflowInterrupt
                0x0000000000001388       0x2a ./MCAL/TIMER2/source/TIMER2.o
                0x0000000000001388                Timer2_enuDisableOverflowInterrupt
 .text.Timer2_enuDisableCaptureInterrupt
                0x00000000000013b2       0x2a ./MCAL/TIMER2/source/TIMER2.o
                0x00000000000013b2                Timer2_enuDisableCaptureInterrupt
 .text.Timer2_enuSetCallbackOverflowInterrupt
                0x00000000000013dc       0x3c ./MCAL/TIMER2/source/TIMER2.o
                0x00000000000013dc                Timer2_enuSetCallbackOverflowInterrupt
 .text.Timer2_enuSetCallbackCompareInterrupt
                0x0000000000001418       0x3c ./MCAL/TIMER2/source/TIMER2.o
                0x0000000000001418                Timer2_enuSetCallbackCompareInterrupt
 .text.Timer2_enuCtcForcePinImmediatly
                0x0000000000001454       0x2a ./MCAL/TIMER2/source/TIMER2.o
                0x0000000000001454                Timer2_enuCtcForcePinImmediatly
 .text.Timer2_enuSetDutyCyclePwm
                0x000000000000147e      0x10e ./MCAL/TIMER2/source/TIMER2.o
                0x000000000000147e                Timer2_enuSetDutyCyclePwm
 .text.Timer2_enuSetValueNormalCounter
                0x000000000000158c       0x26 ./MCAL/TIMER2/source/TIMER2.o
                0x000000000000158c                Timer2_enuSetValueNormalCounter
 .text.Timer2_enuGetTimeElapsedNormalCounter
                0x00000000000015b2       0x40 ./MCAL/TIMER2/source/TIMER2.o
                0x00000000000015b2                Timer2_enuGetTimeElapsedNormalCounter
 .text.Timer2_enuGetRemainingNormalCounter
                0x00000000000015f2       0x44 ./MCAL/TIMER2/source/TIMER2.o
                0x00000000000015f2                Timer2_enuGetRemainingNormalCounter
 .text.Timer2_enuSetValueCompareMode
                0x0000000000001636       0x26 ./MCAL/TIMER2/source/TIMER2.o
                0x0000000000001636                Timer2_enuSetValueCompareMode
 .text.Timer2_enuGetTimeElapsedCompareMode
                0x000000000000165c       0x40 ./MCAL/TIMER2/source/TIMER2.o
                0x000000000000165c                Timer2_enuGetTimeElapsedCompareMode
 .text.Timer2_enuGetRemainingCompareMode
                0x000000000000169c       0x4a ./MCAL/TIMER2/source/TIMER2.o
                0x000000000000169c                Timer2_enuGetRemainingCompareMode
 .text.__vector_4
                0x00000000000016e6       0x6e ./MCAL/TIMER2/source/TIMER2.o
                0x00000000000016e6                __vector_4
 .text.__vector_5
                0x0000000000001754       0x7a ./MCAL/TIMER2/source/TIMER2.o
                0x0000000000001754                __vector_5
 .text.Timer1_enuInit
                0x00000000000017ce      0x126 ./MCAL/TIMER1/source/TIMER1.o
                0x00000000000017ce                Timer1_enuInit
 .text.Timer1_DeInit
                0x00000000000018f4       0x40 ./MCAL/TIMER1/source/TIMER1.o
                0x00000000000018f4                Timer1_DeInit
 .text.Timer1_enuEnableInterruptOverflow
                0x0000000000001934       0x28 ./MCAL/TIMER1/source/TIMER1.o
                0x0000000000001934                Timer1_enuEnableInterruptOverflow
 .text.Timer1_enuDisableInterruptOverflow
                0x000000000000195c       0x28 ./MCAL/TIMER1/source/TIMER1.o
                0x000000000000195c                Timer1_enuDisableInterruptOverflow
 .text.Timer1_enuEnableInterruptCompareChannelA
                0x0000000000001984       0x28 ./MCAL/TIMER1/source/TIMER1.o
                0x0000000000001984                Timer1_enuEnableInterruptCompareChannelA
 .text.Timer1_enuDisableInterruptCompareChannelA
                0x00000000000019ac       0x28 ./MCAL/TIMER1/source/TIMER1.o
                0x00000000000019ac                Timer1_enuDisableInterruptCompareChannelA
 .text.Timer1_enuEnableInterruptCompareChannelB
                0x00000000000019d4       0x28 ./MCAL/TIMER1/source/TIMER1.o
                0x00000000000019d4                Timer1_enuEnableInterruptCompareChannelB
 .text.Timer1_enuDisableInterruptCompareChannelB
                0x00000000000019fc       0x28 ./MCAL/TIMER1/source/TIMER1.o
                0x00000000000019fc                Timer1_enuDisableInterruptCompareChannelB
 .text.Timer1_enuEnableInterruptIcu
                0x0000000000001a24       0x28 ./MCAL/TIMER1/source/TIMER1.o
                0x0000000000001a24                Timer1_enuEnableInterruptIcu
 .text.Timer1_enuDisableInterruptIcu
                0x0000000000001a4c       0x28 ./MCAL/TIMER1/source/TIMER1.o
                0x0000000000001a4c                Timer1_enuDisableInterruptIcu
 .text.Timer1_enuSetCallbackFunctionOverflow
                0x0000000000001a74       0x3a ./MCAL/TIMER1/source/TIMER1.o
                0x0000000000001a74                Timer1_enuSetCallbackFunctionOverflow
 .text.Timer1_enuSetCallbackFunctionCompareChannelA
                0x0000000000001aae       0x3a ./MCAL/TIMER1/source/TIMER1.o
                0x0000000000001aae                Timer1_enuSetCallbackFunctionCompareChannelA
 .text.Timer1_enuSetCallbackFunctionCompareChannelB
                0x0000000000001ae8       0x3a ./MCAL/TIMER1/source/TIMER1.o
                0x0000000000001ae8                Timer1_enuSetCallbackFunctionCompareChannelB
 .text.Timer1_enuSetCallbackFunctionIcu
                0x0000000000001b22       0x3a ./MCAL/TIMER1/source/TIMER1.o
                0x0000000000001b22                Timer1_enuSetCallbackFunctionIcu
 .text.Timer1_enuSetValueNormalCounter
                0x0000000000001b5c       0x3c ./MCAL/TIMER1/source/TIMER1.o
                0x0000000000001b5c                Timer1_enuSetValueNormalCounter
 .text.Timer1_enuSetValueCompareChannelA
                0x0000000000001b98       0x3c ./MCAL/TIMER1/source/TIMER1.o
                0x0000000000001b98                Timer1_enuSetValueCompareChannelA
 .text.Timer1_enuSetValueCompareChannelB
                0x0000000000001bd4       0x2e ./MCAL/TIMER1/source/TIMER1.o
                0x0000000000001bd4                Timer1_enuSetValueCompareChannelB
 .text.Timer1_enuSetValueIcu
                0x0000000000001c02       0x2e ./MCAL/TIMER1/source/TIMER1.o
                0x0000000000001c02                Timer1_enuSetValueIcu
 .text.Timer1_enuGetTimeElapsedNormalCounter
                0x0000000000001c30       0x6c ./MCAL/TIMER1/source/TIMER1.o
                0x0000000000001c30                Timer1_enuGetTimeElapsedNormalCounter
 .text.Timer1_enuGetTimeElapsedCompareChannelA
                0x0000000000001c9c       0x6c ./MCAL/TIMER1/source/TIMER1.o
                0x0000000000001c9c                Timer1_enuGetTimeElapsedCompareChannelA
 .text.Timer1_enuGetTimeElapsedCompareChannelB
                0x0000000000001d08       0x6c ./MCAL/TIMER1/source/TIMER1.o
                0x0000000000001d08                Timer1_enuGetTimeElapsedCompareChannelB
 .text.Timer1_enuGetTimeElapsedIcu
                0x0000000000001d74       0x6c ./MCAL/TIMER1/source/TIMER1.o
                0x0000000000001d74                Timer1_enuGetTimeElapsedIcu
 .text.Timer1_enuCtcForcePinImmediatlyChannelA
                0x0000000000001de0       0x28 ./MCAL/TIMER1/source/TIMER1.o
                0x0000000000001de0                Timer1_enuCtcForcePinImmediatlyChannelA
 .text.Timer1_enuCtcForcePinImmediatlyChannelB
                0x0000000000001e08       0x28 ./MCAL/TIMER1/source/TIMER1.o
                0x0000000000001e08                Timer1_enuCtcForcePinImmediatlyChannelB
 .text.Timer1_enuSetRisingEdgeIcu
                0x0000000000001e30       0x28 ./MCAL/TIMER1/source/TIMER1.o
                0x0000000000001e30                Timer1_enuSetRisingEdgeIcu
 .text.Timer1_enuSetFailingEdgeIcu
                0x0000000000001e58       0x28 ./MCAL/TIMER1/source/TIMER1.o
                0x0000000000001e58                Timer1_enuSetFailingEdgeIcu
 .text.Timer1_enuToggleEdgeIcu
                0x0000000000001e80       0x2a ./MCAL/TIMER1/source/TIMER1.o
                0x0000000000001e80                Timer1_enuToggleEdgeIcu
 .text.__vector_9
                0x0000000000001eaa       0x7a ./MCAL/TIMER1/source/TIMER1.o
                0x0000000000001eaa                __vector_9
 .text.__vector_6
                0x0000000000001f24       0x6e ./MCAL/TIMER1/source/TIMER1.o
                0x0000000000001f24                __vector_6
 .text.__vector_8
                0x0000000000001f92       0x6e ./MCAL/TIMER1/source/TIMER1.o
                0x0000000000001f92                __vector_8
 .text.__vector_7
                0x0000000000002000       0x6e ./MCAL/TIMER1/source/TIMER1.o
                0x0000000000002000                __vector_7
 .text.Timer0_enuInit
                0x000000000000206e      0x15e ./MCAL/TIMER0/soruce/TIMER0.o
                0x000000000000206e                Timer0_enuInit
 .text.Timer0_enuDeInit
                0x00000000000021cc       0x42 ./MCAL/TIMER0/soruce/TIMER0.o
                0x00000000000021cc                Timer0_enuDeInit
 .text.Timer0_enuEnableInterrupt
                0x000000000000220e       0x62 ./MCAL/TIMER0/soruce/TIMER0.o
                0x000000000000220e                Timer0_enuEnableInterrupt
 .text.Timer0_enuDisableInterrupt
                0x0000000000002270       0x62 ./MCAL/TIMER0/soruce/TIMER0.o
                0x0000000000002270                Timer0_enuDisableInterrupt
 .text.Timer0_enuSetValue
                0x00000000000022d2       0x56 ./MCAL/TIMER0/soruce/TIMER0.o
                0x00000000000022d2                Timer0_enuSetValue
 .text.Timer0_enuGetTimeElapsed
                0x0000000000002328       0x50 ./MCAL/TIMER0/soruce/TIMER0.o
                0x0000000000002328                Timer0_enuGetTimeElapsed
 .text.Timer0_enuGetRemaining
                0x0000000000002378       0x38 ./MCAL/TIMER0/soruce/TIMER0.o
                0x0000000000002378                Timer0_enuGetRemaining
 .text.Timer0_enuSetCallbackFunction
                0x00000000000023b0       0x60 ./MCAL/TIMER0/soruce/TIMER0.o
                0x00000000000023b0                Timer0_enuSetCallbackFunction
 .text.Timer0_enuEnableOverflowInterrupt
                0x0000000000002410       0x2a ./MCAL/TIMER0/soruce/TIMER0.o
                0x0000000000002410                Timer0_enuEnableOverflowInterrupt
 .text.Timer0_enuEnableCaptureInterrupt
                0x000000000000243a       0x2a ./MCAL/TIMER0/soruce/TIMER0.o
                0x000000000000243a                Timer0_enuEnableCaptureInterrupt
 .text.Timer0_enuSetCallbackOverflowInterrupt
                0x0000000000002464       0x3c ./MCAL/TIMER0/soruce/TIMER0.o
                0x0000000000002464                Timer0_enuSetCallbackOverflowInterrupt
 .text.Timer0_enuSetCallbackCompareInterrupt
                0x00000000000024a0       0x3c ./MCAL/TIMER0/soruce/TIMER0.o
                0x00000000000024a0                Timer0_enuSetCallbackCompareInterrupt
 .text.Timer0_enuDisableOverflowInterrupt
                0x00000000000024dc       0x2a ./MCAL/TIMER0/soruce/TIMER0.o
                0x00000000000024dc                Timer0_enuDisableOverflowInterrupt
 .text.Timer0_enuDisableCaptureInterrupt
                0x0000000000002506       0x2a ./MCAL/TIMER0/soruce/TIMER0.o
                0x0000000000002506                Timer0_enuDisableCaptureInterrupt
 .text.Timer0_enuCtcForcePinImmediatly
                0x0000000000002530       0x42 ./MCAL/TIMER0/soruce/TIMER0.o
                0x0000000000002530                Timer0_enuCtcForcePinImmediatly
 .text.Timer0_enuSetDutyCyclePwm
                0x0000000000002572      0x12a ./MCAL/TIMER0/soruce/TIMER0.o
                0x0000000000002572                Timer0_enuSetDutyCyclePwm
 .text.__vector_10
                0x000000000000269c       0x6e ./MCAL/TIMER0/soruce/TIMER0.o
                0x000000000000269c                __vector_10
 .text.__vector_11
                0x000000000000270a       0x7a ./MCAL/TIMER0/soruce/TIMER0.o
                0x000000000000270a                __vector_11
 .text.Spi_enuInit
                0x0000000000002784      0x14e ./MCAL/SPI/source/SPI.o
                0x0000000000002784                Spi_enuInit
 .text.Spi_enuDeInit
                0x00000000000028d2       0x2a ./MCAL/SPI/source/SPI.o
                0x00000000000028d2                Spi_enuDeInit
 .text.Spi_enuEnableInterrupt
                0x00000000000028fc       0x2a ./MCAL/SPI/source/SPI.o
                0x00000000000028fc                Spi_enuEnableInterrupt
 .text.Spi_enuDisableInterrupt
                0x0000000000002926       0x2a ./MCAL/SPI/source/SPI.o
                0x0000000000002926                Spi_enuDisableInterrupt
 .text.Spi_enuSetCallbackFunction
                0x0000000000002950       0x3c ./MCAL/SPI/source/SPI.o
                0x0000000000002950                Spi_enuSetCallbackFunction
 .text.Spi_enuChangeClk
                0x000000000000298c       0x74 ./MCAL/SPI/source/SPI.o
                0x000000000000298c                Spi_enuChangeClk
 .text.Spi_enuIsWriteCollisionHappened
                0x0000000000002a00       0x58 ./MCAL/SPI/source/SPI.o
                0x0000000000002a00                Spi_enuIsWriteCollisionHappened
 .text.Spi_enuReceiveBlocking
                0x0000000000002a58       0x6a ./MCAL/SPI/source/SPI.o
                0x0000000000002a58                Spi_enuReceiveBlocking
 .text.Spi_enuTransmitBlocking
                0x0000000000002ac2       0x80 ./MCAL/SPI/source/SPI.o
                0x0000000000002ac2                Spi_enuTransmitBlocking
 .text.Spi_enuTransmitNonBlockingMasterMode
                0x0000000000002b42       0x3a ./MCAL/SPI/source/SPI.o
                0x0000000000002b42                Spi_enuTransmitNonBlockingMasterMode
 .text.Spi_enuRecevingNonBlockingSlaveModeForever
                0x0000000000002b7c       0x26 ./MCAL/SPI/source/SPI.o
                0x0000000000002b7c                Spi_enuRecevingNonBlockingSlaveModeForever
 .text.__vector_12
                0x0000000000002ba2       0x98 ./MCAL/SPI/source/SPI.o
                0x0000000000002ba2                __vector_12
 .text.Port_voidInit
                0x0000000000002c3a       0x5c ./MCAL/PORT/source/PORT.o
                0x0000000000002c3a                Port_voidInit
 .text.Port_enuSetPinDirection
                0x0000000000002c96       0xf4 ./MCAL/PORT/source/PORT.o
                0x0000000000002c96                Port_enuSetPinDirection
 .text.Port_enuSetPinMode
                0x0000000000002d8a      0x2c8 ./MCAL/PORT/source/PORT.o
                0x0000000000002d8a                Port_enuSetPinMode
 .text.I2c_enuInit
                0x0000000000003052      0x166 ./MCAL/I2C/source/I2C.o
                0x0000000000003052                I2c_enuInit
 .text.I2c_DeInit
                0x00000000000031b8       0x42 ./MCAL/I2C/source/I2C.o
                0x00000000000031b8                I2c_DeInit
 .text.I2c_enuEnableInterrupt
                0x00000000000031fa       0x2a ./MCAL/I2C/source/I2C.o
                0x00000000000031fa                I2c_enuEnableInterrupt
 .text.I2c_enuDisableInterrupt
                0x0000000000003224       0x2a ./MCAL/I2C/source/I2C.o
                0x0000000000003224                I2c_enuDisableInterrupt
 .text.I2c_enuSetCallbackFunction
                0x000000000000324e       0x3c ./MCAL/I2C/source/I2C.o
                0x000000000000324e                I2c_enuSetCallbackFunction
 .text.I2c_enuIsWriteCollisionHappened
                0x000000000000328a       0x56 ./MCAL/I2C/source/I2C.o
                0x000000000000328a                I2c_enuIsWriteCollisionHappened
 .text.I2c_enuMasterTransmitStartConditionBlocking
                0x00000000000032e0       0x3e ./MCAL/I2C/source/I2C.o
                0x00000000000032e0                I2c_enuMasterTransmitStartConditionBlocking
 .text.I2c_enuMasterTransmitStopConditionBlocking
                0x000000000000331e       0x2c ./MCAL/I2C/source/I2C.o
                0x000000000000331e                I2c_enuMasterTransmitStopConditionBlocking
 .text.I2c_enuMasterTransmitRepeatedStartConditionBlocking
                0x000000000000334a       0x3e ./MCAL/I2C/source/I2C.o
                0x000000000000334a                I2c_enuMasterTransmitRepeatedStartConditionBlocking
 .text.I2c_enuMasterTransmitDataWritingBlocking
                0x0000000000003388       0x64 ./MCAL/I2C/source/I2C.o
                0x0000000000003388                I2c_enuMasterTransmitDataWritingBlocking
 .text.I2c_enuMasterTransmitAddressReadingBlocking
                0x00000000000033ec       0x6e ./MCAL/I2C/source/I2C.o
                0x00000000000033ec                I2c_enuMasterTransmitAddressReadingBlocking
 .text.I2c_enuMasterTransmitAddressWritingBlocking
                0x000000000000345a       0x66 ./MCAL/I2C/source/I2C.o
                0x000000000000345a                I2c_enuMasterTransmitAddressWritingBlocking
 .text.I2c_enuMasterReceiveDataBlocking
                0x00000000000034c0       0x98 ./MCAL/I2C/source/I2C.o
                0x00000000000034c0                I2c_enuMasterReceiveDataBlocking
 .text.I2c_enuSlaveTransmitDataBlocking
                0x0000000000003558       0x64 ./MCAL/I2C/source/I2C.o
                0x0000000000003558                I2c_enuSlaveTransmitDataBlocking
 .text.I2c_enuSlaveReceiveDataBlocking
                0x00000000000035bc       0x6a ./MCAL/I2C/source/I2C.o
                0x00000000000035bc                I2c_enuSlaveReceiveDataBlocking
 .text.Gie_enuEnableGlobalInterrupt
                0x0000000000003626       0x28 ./MCAL/GIE/source/GIE.o
                0x0000000000003626                Gie_enuEnableGlobalInterrupt
 .text.Gie_enuDisableGlobalInterrupt
                0x000000000000364e       0x28 ./MCAL/GIE/source/GIE.o
                0x000000000000364e                Gie_enuDisableGlobalInterrupt
 .text.Gie_enuSetGloablInterrupt
                0x0000000000003676       0x40 ./MCAL/GIE/source/GIE.o
                0x0000000000003676                Gie_enuSetGloablInterrupt
 .text.Gie_enuGetGloablInterrupt
                0x00000000000036b6       0x4a ./MCAL/GIE/source/GIE.o
                0x00000000000036b6                Gie_enuGetGloablInterrupt
 .text.Exti_enuEnable
                0x0000000000003700      0x14c ./MCAL/EXTI/source/EXTI.o
                0x0000000000003700                Exti_enuEnable
 .text.Exti_enuDisable
                0x000000000000384c       0x7c ./MCAL/EXTI/source/EXTI.o
                0x000000000000384c                Exti_enuDisable
 .text.Exti_enuSetCallbackFunction
                0x00000000000038c8       0x58 ./MCAL/EXTI/source/EXTI.o
                0x00000000000038c8                Exti_enuSetCallbackFunction
 .text.__vector_1
                0x0000000000003920       0x6e ./MCAL/EXTI/source/EXTI.o
                0x0000000000003920                __vector_1
 .text.__vector_2
                0x000000000000398e       0x6e ./MCAL/EXTI/source/EXTI.o
                0x000000000000398e                __vector_2
 .text.__vector_3
                0x00000000000039fc       0x6e ./MCAL/EXTI/source/EXTI.o
                0x00000000000039fc                __vector_3
 .text.Dio_enuWriteChannel
                0x0000000000003a6a       0xde ./MCAL/DIO/source/DIO.o
                0x0000000000003a6a                Dio_enuWriteChannel
 .text.Dio_enuReadChannel
                0x0000000000003b48       0xc6 ./MCAL/DIO/source/DIO.o
                0x0000000000003b48                Dio_enuReadChannel
 .text.Dio_enuWritePort
                0x0000000000003c0e       0x68 ./MCAL/DIO/source/DIO.o
                0x0000000000003c0e                Dio_enuWritePort
 .text.Dio_enuReadPort
                0x0000000000003c76       0x80 ./MCAL/DIO/source/DIO.o
                0x0000000000003c76                Dio_enuReadPort
 .text.Dio_enuFlipChannel
                0x0000000000003cf6       0xbe ./MCAL/DIO/source/DIO.o
                0x0000000000003cf6                Dio_enuFlipChannel
 .text.Adc_enuInit
                0x0000000000003db4       0xfa ./MCAL/ADC/source/ADC.o
                0x0000000000003db4                Adc_enuInit
 .text.Adc_enuDeInit
                0x0000000000003eae       0x2a ./MCAL/ADC/source/ADC.o
                0x0000000000003eae                Adc_enuDeInit
 .text.Adc_enuStartConversionSync
                0x0000000000003ed8      0x2f4 ./MCAL/ADC/source/ADC.o
                0x0000000000003ed8                Adc_enuStartConversionSync
 .text.Adc_ConvertResultToVoltage
                0x00000000000041cc       0x72 ./MCAL/ADC/source/ADC.o
                0x00000000000041cc                Adc_ConvertResultToVoltage
 .text.Adc_StartConversionAsync
                0x000000000000423e       0x98 ./MCAL/ADC/source/ADC.o
                0x000000000000423e                Adc_StartConversionAsync
 .text.Adc_enuEnableInterrupt
                0x00000000000042d6       0x2a ./MCAL/ADC/source/ADC.o
                0x00000000000042d6                Adc_enuEnableInterrupt
 .text.Adc_enuDisableInterrupt
                0x0000000000004300       0x2a ./MCAL/ADC/source/ADC.o
                0x0000000000004300                Adc_enuDisableInterrupt
 .text.Adc_GetResult
                0x000000000000432a       0x94 ./MCAL/ADC/source/ADC.o
 .text.Adc_SetCallbackFunction
                0x00000000000043be       0x58 ./MCAL/ADC/source/ADC.o
                0x00000000000043be                Adc_SetCallbackFunction
 .text.__vector_16
                0x0000000000004416       0xae ./MCAL/ADC/source/ADC.o
                0x0000000000004416                __vector_16
 .text.Tc74_ReadByte
                0x00000000000044c4      0x15c ./HAL/source/TC74/TC74.o
                0x00000000000044c4                Tc74_ReadByte
 .text.Seven_Segment_WriteBCDConnection
                0x0000000000004620       0x88 ./HAL/source/SEVEN_SEGMENT/SEVEN_SEGMENT.o
                0x0000000000004620                Seven_Segment_WriteBCDConnection
 .text.Servo_enuInitTimer1
                0x00000000000046a8       0x2e ./HAL/source/SERVO/SERVO.o
                0x00000000000046a8                Servo_enuInitTimer1
 .text.Servo_enuSetAngle
                0x00000000000046d6       0x82 ./HAL/source/SERVO/SERVO.o
                0x00000000000046d6                Servo_enuSetAngle
 .text.Rtc_enuGetSecond
                0x0000000000004758      0x168 ./HAL/source/RTC/RTC.o
                0x0000000000004758                Rtc_enuGetSecond
 .text.Rtc_enuGetMinute
                0x00000000000048c0      0x168 ./HAL/source/RTC/RTC.o
                0x00000000000048c0                Rtc_enuGetMinute
 .text.Rtc_enuGetHour
                0x0000000000004a28      0x168 ./HAL/source/RTC/RTC.o
                0x0000000000004a28                Rtc_enuGetHour
 .text.Rtc_enuGetDay
                0x0000000000004b90      0x168 ./HAL/source/RTC/RTC.o
                0x0000000000004b90                Rtc_enuGetDay
 .text.Rtc_enuGetMonth
                0x0000000000004cf8      0x168 ./HAL/source/RTC/RTC.o
                0x0000000000004cf8                Rtc_enuGetMonth
 .text.Rtc_enuGetYear
                0x0000000000004e60      0x168 ./HAL/source/RTC/RTC.o
                0x0000000000004e60                Rtc_enuGetYear
 .text.Lcd_4bit_enuInit
                0x0000000000004fc8      0x45a ./HAL/source/LCD/LCD.o
                0x0000000000004fc8                Lcd_4bit_enuInit
 .text.Lcd_4bit_enuSendCommand
                0x0000000000005422       0x7c ./HAL/source/LCD/LCD.o
                0x0000000000005422                Lcd_4bit_enuSendCommand
 .text.Lcd_4bit_enuDisplayCharacter
                0x000000000000549e       0x76 ./HAL/source/LCD/LCD.o
                0x000000000000549e                Lcd_4bit_enuDisplayCharacter
 .text.Lcd_4bit_enuDisplayCharacterWithPosition
                0x0000000000005514       0x8e ./HAL/source/LCD/LCD.o
                0x0000000000005514                Lcd_4bit_enuDisplayCharacterWithPosition
 .text.Lcd_4bit_enuDisplayStringWithPosition
                0x00000000000055a2       0x98 ./HAL/source/LCD/LCD.o
                0x00000000000055a2                Lcd_4bit_enuDisplayStringWithPosition
 .text.Lcd_4bit_enuCreateCustomCharacter
                0x000000000000563a       0xac ./HAL/source/LCD/LCD.o
                0x000000000000563a                Lcd_4bit_enuCreateCustomCharacter
 .text.Lcd_4bit_enuGoToXY
                0x00000000000056e6       0xe4 ./HAL/source/LCD/LCD.o
                0x00000000000056e6                Lcd_4bit_enuGoToXY
 .text.Lcd_4bit_enuDisplayString
                0x00000000000057ca       0x7e ./HAL/source/LCD/LCD.o
                0x00000000000057ca                Lcd_4bit_enuDisplayString
 .text.Lcd_4bit_enuDisplayNumber
                0x0000000000005848       0x9e ./HAL/source/LCD/LCD.o
                0x0000000000005848                Lcd_4bit_enuDisplayNumber
 .text.Lcd_4bit_enuDisplayNumberWithPosition
                0x00000000000058e6       0xdc ./HAL/source/LCD/LCD.o
                0x00000000000058e6                Lcd_4bit_enuDisplayNumberWithPosition
 .text.Lcd_4bit_enuDisplayFloatNumber
                0x00000000000059c2       0x9e ./HAL/source/LCD/LCD.o
                0x00000000000059c2                Lcd_4bit_enuDisplayFloatNumber
 .text.Lcd_4bit_enuSet4BitsOnPins
                0x0000000000005a60       0x7c ./HAL/source/LCD/LCD.o
 .text.Lcd_4bit_enuSendEnableSignal
                0x0000000000005adc      0x23a ./HAL/source/LCD/LCD.o
 .text.Keypad_enuRead
                0x0000000000005d16      0x218 ./HAL/source/KEYPAD/KEYPAD.o
                0x0000000000005d16                Keypad_enuRead
 .text.Keypad_DisableControlPins
                0x0000000000005f2e       0xbe ./HAL/source/KEYPAD/KEYPAD.o
 .text.Icusw_enuInit
                0x0000000000005fec      0x108 ./HAL/source/ICUSW/ICUSW.o
                0x0000000000005fec                Icusw_enuInit
 .text.Icusw_enuDeint
                0x00000000000060f4       0x2c ./HAL/source/ICUSW/ICUSW.o
                0x00000000000060f4                Icusw_enuDeint
 .text.Icusw_enuGetOnTimeMilliSeconds
                0x0000000000006120       0x5e ./HAL/source/ICUSW/ICUSW.o
                0x0000000000006120                Icusw_enuGetOnTimeMilliSeconds
 .text.Icusw_enuGetTotalTimeMilliSeconds
                0x000000000000617e       0x5e ./HAL/source/ICUSW/ICUSW.o
                0x000000000000617e                Icusw_enuGetTotalTimeMilliSeconds
 .text.Icusw_enuGetDutyCycleMilliSeconds
                0x00000000000061dc       0x5e ./HAL/source/ICUSW/ICUSW.o
                0x00000000000061dc                Icusw_enuGetDutyCycleMilliSeconds
 .text.Timer_voidTimerOverflowIsr
                0x000000000000623a       0x36 ./HAL/source/ICUSW/ICUSW.o
                0x000000000000623a                Timer_voidTimerOverflowIsr
 .text.Icusw_voidINT0Isr
                0x0000000000006270      0x2fc ./HAL/source/ICUSW/ICUSW.o
                0x0000000000006270                Icusw_voidINT0Isr
 .text.Icusw_voidINT1Isr
                0x000000000000656c       0x10 ./HAL/source/ICUSW/ICUSW.o
                0x000000000000656c                Icusw_voidINT1Isr
 .text.Icusw_voidINT2Isr
                0x000000000000657c       0x10 ./HAL/source/ICUSW/ICUSW.o
                0x000000000000657c                Icusw_voidINT2Isr
 .text.ExternalEeprom_WriteByte
                0x000000000000658c       0x54 ./HAL/source/EXTERNAL_EEPROM_24C02C/EXTERNAL_EEPROM.o
                0x000000000000658c                ExternalEeprom_WriteByte
 .text.ExternalEeprom_ReadByte
                0x00000000000065e0      0x150 ./HAL/source/EXTERNAL_EEPROM_24C02C/EXTERNAL_EEPROM.o
                0x00000000000065e0                ExternalEeprom_ReadByte
 .text.ExternalEeprom_WriteU8Array
                0x0000000000006730      0x16a ./HAL/source/EXTERNAL_EEPROM_24C02C/EXTERNAL_EEPROM.o
                0x0000000000006730                ExternalEeprom_WriteU8Array
 .text.Dc_Motor_MoveForward
                0x000000000000689a       0x4e ./HAL/source/DC_MOTOR/DC_MOTOR.o
                0x000000000000689a                Dc_Motor_MoveForward
 .text.Dc_Motor_MoveBackward
                0x00000000000068e8       0x4e ./HAL/source/DC_MOTOR/DC_MOTOR.o
                0x00000000000068e8                Dc_Motor_MoveBackward
 .text.Dc_Motor_Stop
                0x0000000000006936       0x4e ./HAL/source/DC_MOTOR/DC_MOTOR.o
                0x0000000000006936                Dc_Motor_Stop
 .text.Button_enuRead
                0x0000000000006984       0xa6 ./HAL/source/BUTTON/BUTTON.o
                0x0000000000006984                Button_enuRead
 .text.main     0x0000000000006a2a      0x2e4 ./APP/main.o
                0x0000000000006a2a                main
 .text.libgcc.mul
                0x0000000000006d0e       0x20 /usr/lib/gcc/avr/5.4.0/avr5/libgcc.a(_mulsi3.o)
                0x0000000000006d0e                __mulsi3
 .text.libgcc.div
                0x0000000000006d2e        0x0 /usr/lib/gcc/avr/5.4.0/avr5/libgcc.a(_mulsi3.o)
 .text.libgcc   0x0000000000006d2e        0x0 /usr/lib/gcc/avr/5.4.0/avr5/libgcc.a(_mulsi3.o)
 .text.libgcc.prologue
                0x0000000000006d2e        0x0 /usr/lib/gcc/avr/5.4.0/avr5/libgcc.a(_mulsi3.o)
 .text.libgcc.builtins
                0x0000000000006d2e        0x0 /usr/lib/gcc/avr/5.4.0/avr5/libgcc.a(_mulsi3.o)
 .text.libgcc.fmul
                0x0000000000006d2e        0x0 /usr/lib/gcc/avr/5.4.0/avr5/libgcc.a(_mulsi3.o)
 .text.libgcc.fixed
                0x0000000000006d2e        0x0 /usr/lib/gcc/avr/5.4.0/avr5/libgcc.a(_mulsi3.o)
 .text.libgcc.mul
                0x0000000000006d2e        0x0 /usr/lib/gcc/avr/5.4.0/avr5/libgcc.a(_udivmodsi4.o)
 .text.libgcc.div
                0x0000000000006d2e       0x44 /usr/lib/gcc/avr/5.4.0/avr5/libgcc.a(_udivmodsi4.o)
                0x0000000000006d2e                __udivmodsi4
 .text.libgcc   0x0000000000006d72        0x0 /usr/lib/gcc/avr/5.4.0/avr5/libgcc.a(_udivmodsi4.o)
 .text.libgcc.prologue
                0x0000000000006d72        0x0 /usr/lib/gcc/avr/5.4.0/avr5/libgcc.a(_udivmodsi4.o)
 .text.libgcc.builtins
                0x0000000000006d72        0x0 /usr/lib/gcc/avr/5.4.0/avr5/libgcc.a(_udivmodsi4.o)
 .text.libgcc.fmul
                0x0000000000006d72        0x0 /usr/lib/gcc/avr/5.4.0/avr5/libgcc.a(_udivmodsi4.o)
 .text.libgcc.fixed
                0x0000000000006d72        0x0 /usr/lib/gcc/avr/5.4.0/avr5/libgcc.a(_udivmodsi4.o)
 .text.libgcc.mul
                0x0000000000006d72        0x0 /usr/lib/gcc/avr/5.4.0/avr5/libgcc.a(_exit.o)
 .text.libgcc.div
                0x0000000000006d72        0x0 /usr/lib/gcc/avr/5.4.0/avr5/libgcc.a(_exit.o)
 .text.libgcc   0x0000000000006d72        0x0 /usr/lib/gcc/avr/5.4.0/avr5/libgcc.a(_exit.o)
 .text.libgcc.prologue
                0x0000000000006d72        0x0 /usr/lib/gcc/avr/5.4.0/avr5/libgcc.a(_exit.o)
 .text.libgcc.builtins
                0x0000000000006d72        0x0 /usr/lib/gcc/avr/5.4.0/avr5/libgcc.a(_exit.o)
 .text.libgcc.fmul
                0x0000000000006d72        0x0 /usr/lib/gcc/avr/5.4.0/avr5/libgcc.a(_exit.o)
 .text.libgcc.fixed
                0x0000000000006d72        0x0 /usr/lib/gcc/avr/5.4.0/avr5/libgcc.a(_exit.o)
 .text.libgcc.mul
                0x0000000000006d72        0x0 /usr/lib/gcc/avr/5.4.0/avr5/libgcc.a(_tablejump2.o)
 .text.libgcc.div
                0x0000000000006d72        0x0 /usr/lib/gcc/avr/5.4.0/avr5/libgcc.a(_tablejump2.o)
 .text.libgcc   0x0000000000006d72        0xc /usr/lib/gcc/avr/5.4.0/avr5/libgcc.a(_tablejump2.o)
                0x0000000000006d72                __tablejump2__
 .text.libgcc.prologue
                0x0000000000006d7e        0x0 /usr/lib/gcc/avr/5.4.0/avr5/libgcc.a(_tablejump2.o)
 .text.libgcc.builtins
                0x0000000000006d7e        0x0 /usr/lib/gcc/avr/5.4.0/avr5/libgcc.a(_tablejump2.o)
 .text.libgcc.fmul
                0x0000000000006d7e        0x0 /usr/lib/gcc/avr/5.4.0/avr5/libgcc.a(_tablejump2.o)
 .text.libgcc.fixed
                0x0000000000006d7e        0x0 /usr/lib/gcc/avr/5.4.0/avr5/libgcc.a(_tablejump2.o)
 .text.libgcc.mul
                0x0000000000006d7e        0x0 /usr/lib/gcc/avr/5.4.0/avr5/libgcc.a(_copy_data.o)
 .text.libgcc.div
                0x0000000000006d7e        0x0 /usr/lib/gcc/avr/5.4.0/avr5/libgcc.a(_copy_data.o)
 .text.libgcc   0x0000000000006d7e        0x0 /usr/lib/gcc/avr/5.4.0/avr5/libgcc.a(_copy_data.o)
 .text.libgcc.prologue
                0x0000000000006d7e        0x0 /usr/lib/gcc/avr/5.4.0/avr5/libgcc.a(_copy_data.o)
 .text.libgcc.builtins
                0x0000000000006d7e        0x0 /usr/lib/gcc/avr/5.4.0/avr5/libgcc.a(_copy_data.o)
 .text.libgcc.fmul
                0x0000000000006d7e        0x0 /usr/lib/gcc/avr/5.4.0/avr5/libgcc.a(_copy_data.o)
 .text.libgcc.fixed
                0x0000000000006d7e        0x0 /usr/lib/gcc/avr/5.4.0/avr5/libgcc.a(_copy_data.o)
 .text.libgcc.mul
                0x0000000000006d7e        0x0 /usr/lib/gcc/avr/5.4.0/avr5/libgcc.a(_clear_bss.o)
 .text.libgcc.div
                0x0000000000006d7e        0x0 /usr/lib/gcc/avr/5.4.0/avr5/libgcc.a(_clear_bss.o)
 .text.libgcc   0x0000000000006d7e        0x0 /usr/lib/gcc/avr/5.4.0/avr5/libgcc.a(_clear_bss.o)
 .text.libgcc.prologue
                0x0000000000006d7e        0x0 /usr/lib/gcc/avr/5.4.0/avr5/libgcc.a(_clear_bss.o)
 .text.libgcc.builtins
                0x0000000000006d7e        0x0 /usr/lib/gcc/avr/5.4.0/avr5/libgcc.a(_clear_bss.o)
 .text.libgcc.fmul
                0x0000000000006d7e        0x0 /usr/lib/gcc/avr/5.4.0/avr5/libgcc.a(_clear_bss.o)
 .text.libgcc.fixed
                0x0000000000006d7e        0x0 /usr/lib/gcc/avr/5.4.0/avr5/libgcc.a(_clear_bss.o)
 .text.libgcc.mul
                0x0000000000006d7e       0x16 /usr/lib/gcc/avr/5.4.0/avr5/libgcc.a(_muluhisi3.o)
                0x0000000000006d7e                __muluhisi3
 .text.libgcc.div
                0x0000000000006d94        0x0 /usr/lib/gcc/avr/5.4.0/avr5/libgcc.a(_muluhisi3.o)
 .text.libgcc   0x0000000000006d94        0x0 /usr/lib/gcc/avr/5.4.0/avr5/libgcc.a(_muluhisi3.o)
 .text.libgcc.prologue
                0x0000000000006d94        0x0 /usr/lib/gcc/avr/5.4.0/avr5/libgcc.a(_muluhisi3.o)
 .text.libgcc.builtins
                0x0000000000006d94        0x0 /usr/lib/gcc/avr/5.4.0/avr5/libgcc.a(_muluhisi3.o)
 .text.libgcc.fmul
                0x0000000000006d94        0x0 /usr/lib/gcc/avr/5.4.0/avr5/libgcc.a(_muluhisi3.o)
 .text.libgcc.fixed
                0x0000000000006d94        0x0 /usr/lib/gcc/avr/5.4.0/avr5/libgcc.a(_muluhisi3.o)
 .text.libgcc.mul
                0x0000000000006d94        0x0 /usr/lib/gcc/avr/5.4.0/avr5/libgcc.a(_ashldi3.o)
 .text.libgcc.div
                0x0000000000006d94        0x0 /usr/lib/gcc/avr/5.4.0/avr5/libgcc.a(_ashldi3.o)
 .text.libgcc   0x0000000000006d94        0x0 /usr/lib/gcc/avr/5.4.0/avr5/libgcc.a(_ashldi3.o)
 .text.libgcc.prologue
                0x0000000000006d94        0x0 /usr/lib/gcc/avr/5.4.0/avr5/libgcc.a(_ashldi3.o)
 .text.libgcc.builtins
                0x0000000000006d94       0x32 /usr/lib/gcc/avr/5.4.0/avr5/libgcc.a(_ashldi3.o)
                0x0000000000006d94                __ashldi3
 .text.libgcc.fmul
                0x0000000000006dc6        0x0 /usr/lib/gcc/avr/5.4.0/avr5/libgcc.a(_ashldi3.o)
 .text.libgcc.fixed
                0x0000000000006dc6        0x0 /usr/lib/gcc/avr/5.4.0/avr5/libgcc.a(_ashldi3.o)
 .text.libgcc.mul
                0x0000000000006dc6        0x0 /usr/lib/gcc/avr/5.4.0/avr5/libgcc.a(_adddi3.o)
 .text.libgcc.div
                0x0000000000006dc6        0x0 /usr/lib/gcc/avr/5.4.0/avr5/libgcc.a(_adddi3.o)
 .text.libgcc   0x0000000000006dc6       0x12 /usr/lib/gcc/avr/5.4.0/avr5/libgcc.a(_adddi3.o)
                0x0000000000006dc6                __adddi3
 .text.libgcc.prologue
                0x0000000000006dd8        0x0 /usr/lib/gcc/avr/5.4.0/avr5/libgcc.a(_adddi3.o)
 .text.libgcc.builtins
                0x0000000000006dd8        0x0 /usr/lib/gcc/avr/5.4.0/avr5/libgcc.a(_adddi3.o)
 .text.libgcc.fmul
                0x0000000000006dd8        0x0 /usr/lib/gcc/avr/5.4.0/avr5/libgcc.a(_adddi3.o)
 .text.libgcc.fixed
                0x0000000000006dd8        0x0 /usr/lib/gcc/avr/5.4.0/avr5/libgcc.a(_adddi3.o)
 .text.libgcc.mul
                0x0000000000006dd8       0x1e /usr/lib/gcc/avr/5.4.0/avr5/libgcc.a(_umulhisi3.o)
                0x0000000000006dd8                __umulhisi3
 .text.libgcc.div
                0x0000000000006df6        0x0 /usr/lib/gcc/avr/5.4.0/avr5/libgcc.a(_umulhisi3.o)
 .text.libgcc   0x0000000000006df6        0x0 /usr/lib/gcc/avr/5.4.0/avr5/libgcc.a(_umulhisi3.o)
 .text.libgcc.prologue
                0x0000000000006df6        0x0 /usr/lib/gcc/avr/5.4.0/avr5/libgcc.a(_umulhisi3.o)
 .text.libgcc.builtins
                0x0000000000006df6        0x0 /usr/lib/gcc/avr/5.4.0/avr5/libgcc.a(_umulhisi3.o)
 .text.libgcc.fmul
                0x0000000000006df6        0x0 /usr/lib/gcc/avr/5.4.0/avr5/libgcc.a(_umulhisi3.o)
 .text.libgcc.fixed
                0x0000000000006df6        0x0 /usr/lib/gcc/avr/5.4.0/avr5/libgcc.a(_umulhisi3.o)
 .text.avr-libc.fplib
                0x0000000000006df6        0xe /usr/lib/gcc/avr/5.4.0/../../../avr/lib/avr5/libm.a(addsf3.o)
                0x0000000000006df6                __subsf3
                0x0000000000006df8                __addsf3
 .text.avr-libc.fplib
                0x0000000000006e04       0xcc /usr/lib/gcc/avr/5.4.0/../../../avr/lib/avr5/libm.a(addsf3x.o)
                0x0000000000006e26                __addsf3x
 .text.avr-libc.fplib
                0x0000000000006ed0        0xa /usr/lib/gcc/avr/5.4.0/../../../avr/lib/avr5/libm.a(cmpsf2.o)
                0x0000000000006ed0                __lesf2
                0x0000000000006ed0                __nesf2
                0x0000000000006ed0                __eqsf2
                0x0000000000006ed0                __cmpsf2
                0x0000000000006ed0                __ltsf2
 .text.avr-libc.fplib
                0x0000000000006eda        0x8 /usr/lib/gcc/avr/5.4.0/../../../avr/lib/avr5/libm.a(divsf3.o)
                0x0000000000006eda                __divsf3
 .text.avr-libc.fplib
                0x0000000000006ee2       0xdc /usr/lib/gcc/avr/5.4.0/../../../avr/lib/avr5/libm.a(divsf3x.o)
                0x0000000000006f02                __divsf3x
                0x0000000000006f08                __divsf3_pse
 .text.avr-libc.fplib
                0x0000000000006fbe        0xe /usr/lib/gcc/avr/5.4.0/../../../avr/lib/avr5/libm.a(fixsfsi.o)
                0x0000000000006fbe                __fixsfsi
 .text.avr-libc.fplib
                0x0000000000006fcc       0x5e /usr/lib/gcc/avr/5.4.0/../../../avr/lib/avr5/libm.a(fixunssfsi.o)
                0x0000000000006fcc                __fixunssfsi
 .text.avr-libc.fplib
                0x000000000000702a       0x7a /usr/lib/gcc/avr/5.4.0/../../../avr/lib/avr5/libm.a(floatsisf.o)
                0x000000000000702a                __floatunsisf
                0x000000000000702e                __floatsisf
 .text.avr-libc.fplib
                0x00000000000070a4       0x48 /usr/lib/gcc/avr/5.4.0/../../../avr/lib/avr5/libm.a(fp_cmp.o)
                0x00000000000070a4                __fp_cmp
 .text.avr-libc.fplib
                0x00000000000070ec        0xc /usr/lib/gcc/avr/5.4.0/../../../avr/lib/avr5/libm.a(fp_inf.o)
                0x00000000000070ec                __fp_inf
 .text.avr-libc.fplib
                0x00000000000070f8        0x6 /usr/lib/gcc/avr/5.4.0/../../../avr/lib/avr5/libm.a(fp_nan.o)
                0x00000000000070f8                __fp_nan
 .text.avr-libc.fplib
                0x00000000000070fe        0xe /usr/lib/gcc/avr/5.4.0/../../../avr/lib/avr5/libm.a(fp_pscA.o)
                0x00000000000070fe                __fp_pscA
 .text.avr-libc.fplib
                0x000000000000710c        0xe /usr/lib/gcc/avr/5.4.0/../../../avr/lib/avr5/libm.a(fp_pscB.o)
                0x000000000000710c                __fp_pscB
 .text.avr-libc.fplib
                0x000000000000711a       0x22 /usr/lib/gcc/avr/5.4.0/../../../avr/lib/avr5/libm.a(fp_round.o)
                0x000000000000711a                __fp_round
 .text.avr-libc.fplib
                0x000000000000713c       0x44 /usr/lib/gcc/avr/5.4.0/../../../avr/lib/avr5/libm.a(fp_split3.o)
                0x000000000000713c                __fp_split3
                0x000000000000714c                __fp_splitA
 .text.avr-libc.fplib
                0x0000000000007180        0xe /usr/lib/gcc/avr/5.4.0/../../../avr/lib/avr5/libm.a(fp_zero.o)
                0x0000000000007180                __fp_zero
                0x0000000000007182                __fp_szero
 .text.avr-libc.fplib
                0x000000000000718e        0xa /usr/lib/gcc/avr/5.4.0/../../../avr/lib/avr5/libm.a(gesf2.o)
                0x000000000000718e                __gtsf2
                0x000000000000718e                __gesf2
 .text.avr-libc.fplib
                0x0000000000007198        0x8 /usr/lib/gcc/avr/5.4.0/../../../avr/lib/avr5/libm.a(mulsf3.o)
                0x0000000000007198                __mulsf3
 .text.avr-libc.fplib
                0x00000000000071a0       0xd2 /usr/lib/gcc/avr/5.4.0/../../../avr/lib/avr5/libm.a(mulsf3x.o)
                0x00000000000071be                __mulsf3x
                0x00000000000071c4                __mulsf3_pse
 .text.avr-libc
                0x0000000000007272       0x44 /usr/lib/gcc/avr/5.4.0/../../../avr/lib/avr5/libc.a(sprintf.o)
                0x0000000000007272                sprintf
 .text.avr-libc
                0x00000000000072b6      0x3c2 /usr/lib/gcc/avr/5.4.0/../../../avr/lib/avr5/libc.a(vfprintf_std.o)
                0x00000000000072b6                vfprintf
 .text.avr-libc
                0x0000000000007678       0x16 /usr/lib/gcc/avr/5.4.0/../../../avr/lib/avr5/libc.a(strnlen_P.o)
                0x0000000000007678                strnlen_P
 .text.avr-libc
                0x000000000000768e       0x16 /usr/lib/gcc/avr/5.4.0/../../../avr/lib/avr5/libc.a(strnlen.o)
                0x000000000000768e                strnlen
 .text.avr-libc
                0x00000000000076a4       0x78 /usr/lib/gcc/avr/5.4.0/../../../avr/lib/avr5/libc.a(fputc.o)
                0x00000000000076a4                fputc
 .text.avr-libc
                0x000000000000771c       0xbc /usr/lib/gcc/avr/5.4.0/../../../avr/lib/avr5/libc.a(ultoa_invert.o)
                0x000000000000771c                __ultoa_invert
 .text.libgcc.mul
                0x00000000000077d8        0x0 /usr/lib/gcc/avr/5.4.0/avr5/libgcc.a(_prologue.o)
 .text.libgcc.div
                0x00000000000077d8        0x0 /usr/lib/gcc/avr/5.4.0/avr5/libgcc.a(_prologue.o)
 .text.libgcc   0x00000000000077d8        0x0 /usr/lib/gcc/avr/5.4.0/avr5/libgcc.a(_prologue.o)
 .text.libgcc.prologue
                0x00000000000077d8       0x38 /usr/lib/gcc/avr/5.4.0/avr5/libgcc.a(_prologue.o)
                0x00000000000077d8                __prologue_saves__
 .text.libgcc.builtins
                0x0000000000007810        0x0 /usr/lib/gcc/avr/5.4.0/avr5/libgcc.a(_prologue.o)
 .text.libgcc.fmul
                0x0000000000007810        0x0 /usr/lib/gcc/avr/5.4.0/avr5/libgcc.a(_prologue.o)
 .text.libgcc.fixed
                0x0000000000007810        0x0 /usr/lib/gcc/avr/5.4.0/avr5/libgcc.a(_prologue.o)
 .text.libgcc.mul
                0x0000000000007810        0x0 /usr/lib/gcc/avr/5.4.0/avr5/libgcc.a(_epilogue.o)
 .text.libgcc.div
                0x0000000000007810        0x0 /usr/lib/gcc/avr/5.4.0/avr5/libgcc.a(_epilogue.o)
 .text.libgcc   0x0000000000007810        0x0 /usr/lib/gcc/avr/5.4.0/avr5/libgcc.a(_epilogue.o)
 .text.libgcc.prologue
                0x0000000000007810       0x36 /usr/lib/gcc/avr/5.4.0/avr5/libgcc.a(_epilogue.o)
                0x0000000000007810                __epilogue_restores__
 .text.libgcc.builtins
                0x0000000000007846        0x0 /usr/lib/gcc/avr/5.4.0/avr5/libgcc.a(_epilogue.o)
 .text.libgcc.fmul
                0x0000000000007846        0x0 /usr/lib/gcc/avr/5.4.0/avr5/libgcc.a(_epilogue.o)
 .text.libgcc.fixed
                0x0000000000007846        0x0 /usr/lib/gcc/avr/5.4.0/avr5/libgcc.a(_epilogue.o)
                0x0000000000007846                . = ALIGN (0x2)
 *(.fini9)
 .fini9         0x0000000000007846        0x0 /usr/lib/gcc/avr/5.4.0/avr5/libgcc.a(_exit.o)
                0x0000000000007846                exit
                0x0000000000007846                _exit
 *(.fini9)
 *(.fini8)
 *(.fini8)
 *(.fini7)
 *(.fini7)
 *(.fini6)
 *(.fini6)
 *(.fini5)
 *(.fini5)
 *(.fini4)
 *(.fini4)
 *(.fini3)
 *(.fini3)
 *(.fini2)
 *(.fini2)
 *(.fini1)
 *(.fini1)
 *(.fini0)
 .fini0         0x0000000000007846        0x4 /usr/lib/gcc/avr/5.4.0/avr5/libgcc.a(_exit.o)
 *(.fini0)
                0x000000000000784a                _etext = .

.data           0x0000000000800060       0x70 load address 0x000000000000784a
                0x0000000000800060                PROVIDE (__data_start, .)
 *(.data)
 .data          0x0000000000800060        0x0 /usr/lib/gcc/avr/5.4.0/../../../avr/lib/avr5/crtatmega32.o
 .data          0x0000000000800060        0x0 ./SERIVICES/source/calculation_functions.o
 .data          0x0000000000800060        0x0 ./MCAL/WTD/source/WDT.o
 .data          0x0000000000800060        0x0 ./MCAL/WTD/source/WDT_config.o
 .data          0x0000000000800060        0x0 ./MCAL/USART/source/USART.o
 .data          0x0000000000800060        0x0 ./MCAL/USART/source/USART_config.o
 .data          0x0000000000800060        0x0 ./MCAL/TIMER2/source/TIMER2.o
 .data          0x0000000000800060        0x0 ./MCAL/TIMER2/source/TIMER2_config.o
 .data          0x0000000000800060        0x0 ./MCAL/TIMER1/source/TIMER1.o
 .data          0x0000000000800060        0x0 ./MCAL/TIMER1/source/TIMER1_config.o
 .data          0x0000000000800060        0x0 ./MCAL/TIMER0/soruce/TIMER0.o
 .data          0x0000000000800060        0x0 ./MCAL/TIMER0/soruce/TIMER0_config.o
 .data          0x0000000000800060        0x0 ./MCAL/SPI/source/SPI.o
 .data          0x0000000000800060        0x0 ./MCAL/SPI/source/SPI_config.o
 .data          0x0000000000800060        0x0 ./MCAL/PORT/source/PORT.o
 .data          0x0000000000800060        0x0 ./MCAL/PORT/source/PORT_config.o
 .data          0x0000000000800060        0x0 ./MCAL/I2C/source/I2C.o
 .data          0x0000000000800060        0x0 ./MCAL/I2C/source/I2C_config.o
 .data          0x0000000000800060        0x0 ./MCAL/GIE/source/GIE.o
 .data          0x0000000000800060        0x0 ./MCAL/GIE/source/GIE_config.o
 .data          0x0000000000800060        0x0 ./MCAL/EXTI/source/EXTI.o
 .data          0x0000000000800060        0x0 ./MCAL/EXTI/source/EXTI_config.o
 .data          0x0000000000800060        0x0 ./MCAL/DIO/source/DIO.o
 .data          0x0000000000800060        0x0 ./MCAL/DIO/source/DIO_config.o
 .data          0x0000000000800060        0x0 ./MCAL/ADC/source/ADC.o
 .data          0x0000000000800060        0x0 ./MCAL/ADC/source/ADC_config.o
 .data          0x0000000000800060        0x0 ./HAL/source/TC74/TC74.o
 .data          0x0000000000800060        0x0 ./HAL/source/SEVEN_SEGMENT/SEVEN_SEGMENT.o
 .data          0x0000000000800060        0x0 ./HAL/source/SEVEN_SEGMENT/SEVEN_SEGMENT_config.o
 .data          0x0000000000800060        0x0 ./HAL/source/SERVO/SERVO.o
 .data          0x0000000000800060        0x0 ./HAL/source/SERVO/SERVO_config.o
 .data          0x0000000000800060        0x0 ./HAL/source/RTC/RTC.o
 .data          0x0000000000800060        0x0 ./HAL/source/RTC/RTC_config.o
 .data          0x0000000000800060        0x0 ./HAL/source/LCD/LCD.o
 .data          0x0000000000800060        0x0 ./HAL/source/LCD/LCD_config.o
 .data          0x0000000000800060        0x0 ./HAL/source/KEYPAD/KEYPAD.o
 .data          0x0000000000800060        0x0 ./HAL/source/KEYPAD/KEYPAD_config.o
 .data          0x0000000000800060        0x0 ./HAL/source/ICUSW/ICUSW.o
 .data          0x0000000000800060        0x0 ./HAL/source/ICUSW/ICUSW_config.o
 .data          0x0000000000800060        0x0 ./HAL/source/EXTERNAL_EEPROM_24C02C/EXTERNAL_EEPROM.o
 .data          0x0000000000800060        0x0 ./HAL/source/EXTERNAL_EEPROM_24C02C/EXTERNAL_EEPROM_config.o
 .data          0x0000000000800060        0x0 ./HAL/source/DC_MOTOR/DC_MOTOR.o
 .data          0x0000000000800060        0x0 ./HAL/source/BUTTON/BUTTON.o
 .data          0x0000000000800060        0x0 ./HAL/source/BUTTON/BUTTON_config.o
 .data          0x0000000000800060        0x0 ./APP/main.o
 .data          0x0000000000800060        0x0 /usr/lib/gcc/avr/5.4.0/avr5/libgcc.a(_mulsi3.o)
 .data          0x0000000000800060        0x0 /usr/lib/gcc/avr/5.4.0/avr5/libgcc.a(_udivmodsi4.o)
 .data          0x0000000000800060        0x0 /usr/lib/gcc/avr/5.4.0/avr5/libgcc.a(_exit.o)
 .data          0x0000000000800060        0x0 /usr/lib/gcc/avr/5.4.0/avr5/libgcc.a(_tablejump2.o)
 .data          0x0000000000800060        0x0 /usr/lib/gcc/avr/5.4.0/avr5/libgcc.a(_copy_data.o)
 .data          0x0000000000800060        0x0 /usr/lib/gcc/avr/5.4.0/avr5/libgcc.a(_clear_bss.o)
 .data          0x0000000000800060        0x0 /usr/lib/gcc/avr/5.4.0/avr5/libgcc.a(_muluhisi3.o)
 .data          0x0000000000800060        0x0 /usr/lib/gcc/avr/5.4.0/avr5/libgcc.a(_ashldi3.o)
 .data          0x0000000000800060        0x0 /usr/lib/gcc/avr/5.4.0/avr5/libgcc.a(_adddi3.o)
 .data          0x0000000000800060        0x0 /usr/lib/gcc/avr/5.4.0/avr5/libgcc.a(_umulhisi3.o)
 .data          0x0000000000800060        0x0 /usr/lib/gcc/avr/5.4.0/../../../avr/lib/avr5/libm.a(addsf3.o)
 .data          0x0000000000800060        0x0 /usr/lib/gcc/avr/5.4.0/../../../avr/lib/avr5/libm.a(addsf3x.o)
 .data          0x0000000000800060        0x0 /usr/lib/gcc/avr/5.4.0/../../../avr/lib/avr5/libm.a(cmpsf2.o)
 .data          0x0000000000800060        0x0 /usr/lib/gcc/avr/5.4.0/../../../avr/lib/avr5/libm.a(divsf3.o)
 .data          0x0000000000800060        0x0 /usr/lib/gcc/avr/5.4.0/../../../avr/lib/avr5/libm.a(divsf3x.o)
 .data          0x0000000000800060        0x0 /usr/lib/gcc/avr/5.4.0/../../../avr/lib/avr5/libm.a(fixsfsi.o)
 .data          0x0000000000800060        0x0 /usr/lib/gcc/avr/5.4.0/../../../avr/lib/avr5/libm.a(fixunssfsi.o)
 .data          0x0000000000800060        0x0 /usr/lib/gcc/avr/5.4.0/../../../avr/lib/avr5/libm.a(floatsisf.o)
 .data          0x0000000000800060        0x0 /usr/lib/gcc/avr/5.4.0/../../../avr/lib/avr5/libm.a(fp_cmp.o)
 .data          0x0000000000800060        0x0 /usr/lib/gcc/avr/5.4.0/../../../avr/lib/avr5/libm.a(fp_inf.o)
 .data          0x0000000000800060        0x0 /usr/lib/gcc/avr/5.4.0/../../../avr/lib/avr5/libm.a(fp_nan.o)
 .data          0x0000000000800060        0x0 /usr/lib/gcc/avr/5.4.0/../../../avr/lib/avr5/libm.a(fp_pscA.o)
 .data          0x0000000000800060        0x0 /usr/lib/gcc/avr/5.4.0/../../../avr/lib/avr5/libm.a(fp_pscB.o)
 .data          0x0000000000800060        0x0 /usr/lib/gcc/avr/5.4.0/../../../avr/lib/avr5/libm.a(fp_round.o)
 .data          0x0000000000800060        0x0 /usr/lib/gcc/avr/5.4.0/../../../avr/lib/avr5/libm.a(fp_split3.o)
 .data          0x0000000000800060        0x0 /usr/lib/gcc/avr/5.4.0/../../../avr/lib/avr5/libm.a(fp_zero.o)
 .data          0x0000000000800060        0x0 /usr/lib/gcc/avr/5.4.0/../../../avr/lib/avr5/libm.a(gesf2.o)
 .data          0x0000000000800060        0x0 /usr/lib/gcc/avr/5.4.0/../../../avr/lib/avr5/libm.a(mulsf3.o)
 .data          0x0000000000800060        0x0 /usr/lib/gcc/avr/5.4.0/../../../avr/lib/avr5/libm.a(mulsf3x.o)
 .data          0x0000000000800060        0x0 /usr/lib/gcc/avr/5.4.0/../../../avr/lib/avr5/libc.a(sprintf.o)
 .data          0x0000000000800060        0x0 /usr/lib/gcc/avr/5.4.0/../../../avr/lib/avr5/libc.a(vfprintf_std.o)
 .data          0x0000000000800060        0x0 /usr/lib/gcc/avr/5.4.0/../../../avr/lib/avr5/libc.a(strnlen_P.o)
 .data          0x0000000000800060        0x0 /usr/lib/gcc/avr/5.4.0/../../../avr/lib/avr5/libc.a(strnlen.o)
 .data          0x0000000000800060        0x0 /usr/lib/gcc/avr/5.4.0/../../../avr/lib/avr5/libc.a(fputc.o)
 .data          0x0000000000800060        0x0 /usr/lib/gcc/avr/5.4.0/../../../avr/lib/avr5/libc.a(ultoa_invert.o)
 .data          0x0000000000800060        0x0 /usr/lib/gcc/avr/5.4.0/avr5/libgcc.a(_prologue.o)
 .data          0x0000000000800060        0x0 /usr/lib/gcc/avr/5.4.0/avr5/libgcc.a(_epilogue.o)
 *(.data*)
 .data.Dio_DdraRegsiterArr
                0x0000000000800060        0x8 ./MCAL/PORT/source/PORT.o
 .data.Dio_PortRegistersArr
                0x0000000000800068        0x8 ./MCAL/PORT/source/PORT.o
 .data.Dio_DdraRegsiterArr
                0x0000000000800070        0x8 ./MCAL/DIO/source/DIO.o
 .data.Dio_PortRegistersArr
                0x0000000000800078        0x8 ./MCAL/DIO/source/DIO.o
 .data.Dio_PinRegistersArr
                0x0000000000800080        0x8 ./MCAL/DIO/source/DIO.o
 .data.Seven_Segment
                0x0000000000800088        0x4 ./HAL/source/SEVEN_SEGMENT/SEVEN_SEGMENT_config.o
                0x0000000000800088                Seven_Segment
 .data.Seven_SegmentCom4
                0x000000000080008c        0x1 ./HAL/source/SEVEN_SEGMENT/SEVEN_SEGMENT_config.o
                0x000000000080008c                Seven_SegmentCom4
 .data.Seven_SegmentCom3
                0x000000000080008d        0x1 ./HAL/source/SEVEN_SEGMENT/SEVEN_SEGMENT_config.o
                0x000000000080008d                Seven_SegmentCom3
 .data.Seven_SegmentCom2
                0x000000000080008e        0x1 ./HAL/source/SEVEN_SEGMENT/SEVEN_SEGMENT_config.o
                0x000000000080008e                Seven_SegmentCom2
 .data.Seven_SegmentCom1
                0x000000000080008f        0x1 ./HAL/source/SEVEN_SEGMENT/SEVEN_SEGMENT_config.o
                0x000000000080008f                Seven_SegmentCom1
 .data.Timer1   0x0000000000800090        0x6 ./HAL/source/SERVO/SERVO_config.o
                0x0000000000800090                Timer1
 .data.Lcd      0x0000000000800096        0x7 ./HAL/source/LCD/LCD_config.o
                0x0000000000800096                Lcd
 .data.Keypad   0x000000000080009d        0xa ./HAL/source/KEYPAD/KEYPAD_config.o
                0x000000000080009d                Keypad
 .data.Global_StaticTimer0
                0x00000000008000a7        0x3 ./HAL/source/ICUSW/ICUSW.o
 .data.Inc_Button
                0x00000000008000aa        0x2 ./HAL/source/BUTTON/BUTTON_config.o
                0x00000000008000aa                Inc_Button
 .data.Dec_Button
                0x00000000008000ac        0x2 ./HAL/source/BUTTON/BUTTON_config.o
                0x00000000008000ac                Dec_Button
 .data.Reset_Button
                0x00000000008000ae        0x2 ./HAL/source/BUTTON/BUTTON_config.o
                0x00000000008000ae                Reset_Button
 *(.gnu.linkonce.d*)
 *(.rodata)
 .rodata        0x00000000008000b0        0xf ./SERIVICES/source/calculation_functions.o
 *(.rodata*)
 .rodata.Keypad_Matrix
                0x00000000008000bf       0x10 ./HAL/source/KEYPAD/KEYPAD_config.o
                0x00000000008000bf                Keypad_Matrix
 *(.gnu.linkonce.r*)
                0x00000000008000d0                . = ALIGN (0x2)
 *fill*         0x00000000008000cf        0x1 
                0x00000000008000d0                _edata = .
                0x00000000008000d0                PROVIDE (__data_end, .)

.bss            0x00000000008000d0       0x60
                0x00000000008000d0                PROVIDE (__bss_start, .)
 *(.bss)
 .bss           0x00000000008000d0        0x0 /usr/lib/gcc/avr/5.4.0/../../../avr/lib/avr5/crtatmega32.o
 .bss           0x00000000008000d0        0x0 ./SERIVICES/source/calculation_functions.o
 .bss           0x00000000008000d0        0x0 ./MCAL/WTD/source/WDT.o
 .bss           0x00000000008000d0        0x0 ./MCAL/WTD/source/WDT_config.o
 .bss           0x00000000008000d0        0x0 ./MCAL/USART/source/USART.o
 .bss           0x00000000008000d0        0x0 ./MCAL/USART/source/USART_config.o
 .bss           0x00000000008000d0        0x0 ./MCAL/TIMER2/source/TIMER2.o
 .bss           0x00000000008000d0        0x0 ./MCAL/TIMER2/source/TIMER2_config.o
 .bss           0x00000000008000d0        0x0 ./MCAL/TIMER1/source/TIMER1.o
 .bss           0x00000000008000d0        0x0 ./MCAL/TIMER1/source/TIMER1_config.o
 .bss           0x00000000008000d0        0x0 ./MCAL/TIMER0/soruce/TIMER0.o
 .bss           0x00000000008000d0        0x0 ./MCAL/TIMER0/soruce/TIMER0_config.o
 .bss           0x00000000008000d0        0x0 ./MCAL/SPI/source/SPI.o
 .bss           0x00000000008000d0        0x0 ./MCAL/SPI/source/SPI_config.o
 .bss           0x00000000008000d0        0x0 ./MCAL/PORT/source/PORT.o
 .bss           0x00000000008000d0        0x0 ./MCAL/PORT/source/PORT_config.o
 .bss           0x00000000008000d0        0x0 ./MCAL/I2C/source/I2C.o
 .bss           0x00000000008000d0        0x0 ./MCAL/I2C/source/I2C_config.o
 .bss           0x00000000008000d0        0x0 ./MCAL/GIE/source/GIE.o
 .bss           0x00000000008000d0        0x0 ./MCAL/GIE/source/GIE_config.o
 .bss           0x00000000008000d0        0x0 ./MCAL/EXTI/source/EXTI.o
 .bss           0x00000000008000d0        0x0 ./MCAL/EXTI/source/EXTI_config.o
 .bss           0x00000000008000d0        0x0 ./MCAL/DIO/source/DIO.o
 .bss           0x00000000008000d0        0x0 ./MCAL/DIO/source/DIO_config.o
 .bss           0x00000000008000d0        0x0 ./MCAL/ADC/source/ADC.o
 .bss           0x00000000008000d0        0x0 ./MCAL/ADC/source/ADC_config.o
 .bss           0x00000000008000d0        0x0 ./HAL/source/TC74/TC74.o
 .bss           0x00000000008000d0        0x0 ./HAL/source/SEVEN_SEGMENT/SEVEN_SEGMENT.o
 .bss           0x00000000008000d0        0x0 ./HAL/source/SEVEN_SEGMENT/SEVEN_SEGMENT_config.o
 .bss           0x00000000008000d0        0x0 ./HAL/source/SERVO/SERVO.o
 .bss           0x00000000008000d0        0x0 ./HAL/source/SERVO/SERVO_config.o
 .bss           0x00000000008000d0        0x0 ./HAL/source/RTC/RTC.o
 .bss           0x00000000008000d0        0x0 ./HAL/source/RTC/RTC_config.o
 .bss           0x00000000008000d0        0x0 ./HAL/source/LCD/LCD.o
 .bss           0x00000000008000d0        0x0 ./HAL/source/LCD/LCD_config.o
 .bss           0x00000000008000d0        0x0 ./HAL/source/KEYPAD/KEYPAD.o
 .bss           0x00000000008000d0        0x0 ./HAL/source/KEYPAD/KEYPAD_config.o
 .bss           0x00000000008000d0        0x0 ./HAL/source/ICUSW/ICUSW.o
 .bss           0x00000000008000d0        0x0 ./HAL/source/ICUSW/ICUSW_config.o
 .bss           0x00000000008000d0        0x0 ./HAL/source/EXTERNAL_EEPROM_24C02C/EXTERNAL_EEPROM.o
 .bss           0x00000000008000d0        0x0 ./HAL/source/EXTERNAL_EEPROM_24C02C/EXTERNAL_EEPROM_config.o
 .bss           0x00000000008000d0        0x0 ./HAL/source/DC_MOTOR/DC_MOTOR.o
 .bss           0x00000000008000d0        0x0 ./HAL/source/BUTTON/BUTTON.o
 .bss           0x00000000008000d0        0x0 ./HAL/source/BUTTON/BUTTON_config.o
 .bss           0x00000000008000d0        0x0 ./APP/main.o
 .bss           0x00000000008000d0        0x0 /usr/lib/gcc/avr/5.4.0/avr5/libgcc.a(_mulsi3.o)
 .bss           0x00000000008000d0        0x0 /usr/lib/gcc/avr/5.4.0/avr5/libgcc.a(_udivmodsi4.o)
 .bss           0x00000000008000d0        0x0 /usr/lib/gcc/avr/5.4.0/avr5/libgcc.a(_exit.o)
 .bss           0x00000000008000d0        0x0 /usr/lib/gcc/avr/5.4.0/avr5/libgcc.a(_tablejump2.o)
 .bss           0x00000000008000d0        0x0 /usr/lib/gcc/avr/5.4.0/avr5/libgcc.a(_copy_data.o)
 .bss           0x00000000008000d0        0x0 /usr/lib/gcc/avr/5.4.0/avr5/libgcc.a(_clear_bss.o)
 .bss           0x00000000008000d0        0x0 /usr/lib/gcc/avr/5.4.0/avr5/libgcc.a(_muluhisi3.o)
 .bss           0x00000000008000d0        0x0 /usr/lib/gcc/avr/5.4.0/avr5/libgcc.a(_ashldi3.o)
 .bss           0x00000000008000d0        0x0 /usr/lib/gcc/avr/5.4.0/avr5/libgcc.a(_adddi3.o)
 .bss           0x00000000008000d0        0x0 /usr/lib/gcc/avr/5.4.0/avr5/libgcc.a(_umulhisi3.o)
 .bss           0x00000000008000d0        0x0 /usr/lib/gcc/avr/5.4.0/../../../avr/lib/avr5/libm.a(addsf3.o)
 .bss           0x00000000008000d0        0x0 /usr/lib/gcc/avr/5.4.0/../../../avr/lib/avr5/libm.a(addsf3x.o)
 .bss           0x00000000008000d0        0x0 /usr/lib/gcc/avr/5.4.0/../../../avr/lib/avr5/libm.a(cmpsf2.o)
 .bss           0x00000000008000d0        0x0 /usr/lib/gcc/avr/5.4.0/../../../avr/lib/avr5/libm.a(divsf3.o)
 .bss           0x00000000008000d0        0x0 /usr/lib/gcc/avr/5.4.0/../../../avr/lib/avr5/libm.a(divsf3x.o)
 .bss           0x00000000008000d0        0x0 /usr/lib/gcc/avr/5.4.0/../../../avr/lib/avr5/libm.a(fixsfsi.o)
 .bss           0x00000000008000d0        0x0 /usr/lib/gcc/avr/5.4.0/../../../avr/lib/avr5/libm.a(fixunssfsi.o)
 .bss           0x00000000008000d0        0x0 /usr/lib/gcc/avr/5.4.0/../../../avr/lib/avr5/libm.a(floatsisf.o)
 .bss           0x00000000008000d0        0x0 /usr/lib/gcc/avr/5.4.0/../../../avr/lib/avr5/libm.a(fp_cmp.o)
 .bss           0x00000000008000d0        0x0 /usr/lib/gcc/avr/5.4.0/../../../avr/lib/avr5/libm.a(fp_inf.o)
 .bss           0x00000000008000d0        0x0 /usr/lib/gcc/avr/5.4.0/../../../avr/lib/avr5/libm.a(fp_nan.o)
 .bss           0x00000000008000d0        0x0 /usr/lib/gcc/avr/5.4.0/../../../avr/lib/avr5/libm.a(fp_pscA.o)
 .bss           0x00000000008000d0        0x0 /usr/lib/gcc/avr/5.4.0/../../../avr/lib/avr5/libm.a(fp_pscB.o)
 .bss           0x00000000008000d0        0x0 /usr/lib/gcc/avr/5.4.0/../../../avr/lib/avr5/libm.a(fp_round.o)
 .bss           0x00000000008000d0        0x0 /usr/lib/gcc/avr/5.4.0/../../../avr/lib/avr5/libm.a(fp_split3.o)
 .bss           0x00000000008000d0        0x0 /usr/lib/gcc/avr/5.4.0/../../../avr/lib/avr5/libm.a(fp_zero.o)
 .bss           0x00000000008000d0        0x0 /usr/lib/gcc/avr/5.4.0/../../../avr/lib/avr5/libm.a(gesf2.o)
 .bss           0x00000000008000d0        0x0 /usr/lib/gcc/avr/5.4.0/../../../avr/lib/avr5/libm.a(mulsf3.o)
 .bss           0x00000000008000d0        0x0 /usr/lib/gcc/avr/5.4.0/../../../avr/lib/avr5/libm.a(mulsf3x.o)
 .bss           0x00000000008000d0        0x0 /usr/lib/gcc/avr/5.4.0/../../../avr/lib/avr5/libc.a(sprintf.o)
 .bss           0x00000000008000d0        0x0 /usr/lib/gcc/avr/5.4.0/../../../avr/lib/avr5/libc.a(vfprintf_std.o)
 .bss           0x00000000008000d0        0x0 /usr/lib/gcc/avr/5.4.0/../../../avr/lib/avr5/libc.a(strnlen_P.o)
 .bss           0x00000000008000d0        0x0 /usr/lib/gcc/avr/5.4.0/../../../avr/lib/avr5/libc.a(strnlen.o)
 .bss           0x00000000008000d0        0x0 /usr/lib/gcc/avr/5.4.0/../../../avr/lib/avr5/libc.a(fputc.o)
 .bss           0x00000000008000d0        0x0 /usr/lib/gcc/avr/5.4.0/../../../avr/lib/avr5/libc.a(ultoa_invert.o)
 .bss           0x00000000008000d0        0x0 /usr/lib/gcc/avr/5.4.0/avr5/libgcc.a(_prologue.o)
 .bss           0x00000000008000d0        0x0 /usr/lib/gcc/avr/5.4.0/avr5/libgcc.a(_epilogue.o)
 *(.bss*)
 .bss.Usart_RxInterruptHandler
                0x00000000008000d0        0x2 ./MCAL/USART/source/USART.o
 .bss.Usart_TxInterruptHandler
                0x00000000008000d2        0x2 ./MCAL/USART/source/USART.o
 .bss.Usart_DataRegEmptyInterruptHandler
                0x00000000008000d4        0x2 ./MCAL/USART/source/USART.o
 .bss.Timer2_OverflowInterruptHandler
                0x00000000008000d6        0x2 ./MCAL/TIMER2/source/TIMER2.o
 .bss.Timer2_CompareInterruptHandler
                0x00000000008000d8        0x2 ./MCAL/TIMER2/source/TIMER2.o
 .bss.Global_StaticU8InitValueTimer2
                0x00000000008000da        0x1 ./MCAL/TIMER2/source/TIMER2.o
 .bss.Global_enuTimer2Mode
                0x00000000008000db        0x1 ./MCAL/TIMER2/source/TIMER2.o
 .bss.Timer1_OverflowInterruptHandler
                0x00000000008000dc        0x2 ./MCAL/TIMER1/source/TIMER1.o
 .bss.Timer1_CompareChannelAInterruptHandler
                0x00000000008000de        0x2 ./MCAL/TIMER1/source/TIMER1.o
 .bss.Timer1_CompareChannelBInterruptHandler
                0x00000000008000e0        0x2 ./MCAL/TIMER1/source/TIMER1.o
 .bss.Timer1_IcuInterruptHandler
                0x00000000008000e2        0x2 ./MCAL/TIMER1/source/TIMER1.o
 .bss.Timer1_StaticU16InitValue
                0x00000000008000e4        0x2 ./MCAL/TIMER1/source/TIMER1.o
 .bss.Timer0_OverflowInterruptHandler
                0x00000000008000e6        0x2 ./MCAL/TIMER0/soruce/TIMER0.o
 .bss.Timer0_CompareInterruptHandler
                0x00000000008000e8        0x2 ./MCAL/TIMER0/soruce/TIMER0.o
 .bss.Timer0_InitValue
                0x00000000008000ea        0x1 ./MCAL/TIMER0/soruce/TIMER0.o
 .bss.Spi_InterruptHandler
                0x00000000008000eb        0x2 ./MCAL/SPI/source/SPI.o
 .bss.Global_StaticU8SlavePin
                0x00000000008000ed        0x1 ./MCAL/SPI/source/SPI.o
 .bss.Global_StaticEnuMode
                0x00000000008000ee        0x1 ./MCAL/SPI/source/SPI.o
 .bss.I2c_InterruptHandler
                0x00000000008000ef        0x2 ./MCAL/I2C/source/I2C.o
 .bss.Exti_InterruptHandler
                0x00000000008000f1        0x6 ./MCAL/EXTI/source/EXTI.o
 .bss.Adc_InterruptHandlerArr
                0x00000000008000f7       0x10 ./MCAL/ADC/source/ADC.o
 .bss.current_format
                0x0000000000800107        0x1 ./MCAL/ADC/source/ADC.o
 .bss.Global_AdcInterruptIndex
                0x0000000000800108        0x1 ./MCAL/ADC/source/ADC.o
 .bss.Global_StaticU32OnTime
                0x0000000000800109        0x4 ./HAL/source/ICUSW/ICUSW.o
 .bss.Global_StaticU32TotalTime
                0x000000000080010d        0x4 ./HAL/source/ICUSW/ICUSW.o
 .bss.Global_StaticU32DutyTime
                0x0000000000800111        0x4 ./HAL/source/ICUSW/ICUSW.o
 .bss.Global_StaticU32OverflowCounter
                0x0000000000800115        0x4 ./HAL/source/ICUSW/ICUSW.o
 .bss.Global_StaticINTxWhichTimer
                0x0000000000800119        0xc ./HAL/source/ICUSW/ICUSW.o
 .bss.Loc_u8Counter.1797
                0x0000000000800125        0x1 ./HAL/source/ICUSW/ICUSW.o
 .bss.Loc_u16FirstTicks.1798
                0x0000000000800126        0x2 ./HAL/source/ICUSW/ICUSW.o
 .bss.Loc_u16SecondTicks.1799
                0x0000000000800128        0x2 ./HAL/source/ICUSW/ICUSW.o
 .bss.Loc_u32OnTicks.1801
                0x000000000080012a        0x2 ./HAL/source/ICUSW/ICUSW.o
 .bss.Loc_u16ThirdTicks.1800
                0x000000000080012c        0x2 ./HAL/source/ICUSW/ICUSW.o
 .bss.Loc_u32TotalTicks.1802
                0x000000000080012e        0x2 ./HAL/source/ICUSW/ICUSW.o
 *(COMMON)
                0x0000000000800130                PROVIDE (__bss_end, .)
                0x000000000000784a                __data_load_start = LOADADDR (.data)
                0x00000000000078ba                __data_load_end = (__data_load_start + SIZEOF (.data))

.noinit         0x0000000000800130        0x0
                [!provide]                        PROVIDE (__noinit_start, .)
 *(.noinit*)
                [!provide]                        PROVIDE (__noinit_end, .)
                0x0000000000800130                _end = .
                [!provide]                        PROVIDE (__heap_start, .)

.eeprom         0x0000000000810000        0x0
 *(.eeprom*)
                0x0000000000810000                __eeprom_end = .

.fuse
 *(.fuse)
 *(.lfuse)
 *(.hfuse)
 *(.efuse)

.lock
 *(.lock*)

.signature
 *(.signature*)

.user_signatures
 *(.user_signatures*)

.stab           0x0000000000000000    0x12354
 *(.stab)
 .stab          0x0000000000000000      0xcd8 ./SERIVICES/source/calculation_functions.o
 .stab          0x0000000000000cd8      0x474 ./MCAL/WTD/source/WDT.o
                                        0x480 (size before relaxing)
 .stab          0x000000000000114c      0x270 ./MCAL/WTD/source/WDT_config.o
                                        0x27c (size before relaxing)
 .stab          0x00000000000013bc      0xcb4 ./MCAL/USART/source/USART.o
                                        0xe4c (size before relaxing)
 .stab          0x0000000000002070      0x270 ./MCAL/USART/source/USART_config.o
                                        0x27c (size before relaxing)
 .stab          0x00000000000022e0      0xd20 ./MCAL/TIMER2/source/TIMER2.o
                                        0xd2c (size before relaxing)
 .stab          0x0000000000003000      0x270 ./MCAL/TIMER2/source/TIMER2_config.o
                                        0x27c (size before relaxing)
 .stab          0x0000000000003270     0x12a8 ./MCAL/TIMER1/source/TIMER1.o
                                       0x12b4 (size before relaxing)
 .stab          0x0000000000004518      0x270 ./MCAL/TIMER1/source/TIMER1_config.o
                                        0x27c (size before relaxing)
 .stab          0x0000000000004788      0xe04 ./MCAL/TIMER0/soruce/TIMER0.o
                                        0xe10 (size before relaxing)
 .stab          0x000000000000558c      0x270 ./MCAL/TIMER0/soruce/TIMER0_config.o
                                        0x27c (size before relaxing)
 .stab          0x00000000000057fc      0xb58 ./MCAL/SPI/source/SPI.o
                                        0xb64 (size before relaxing)
 .stab          0x0000000000006354      0x270 ./MCAL/SPI/source/SPI_config.o
                                        0x27c (size before relaxing)
 .stab          0x00000000000065c4      0x69c ./MCAL/PORT/source/PORT.o
                                        0x6a8 (size before relaxing)
 .stab          0x0000000000006c60      0x270 ./MCAL/PORT/source/PORT_config.o
                                        0x27c (size before relaxing)
 .stab          0x0000000000006ed0      0xd44 ./MCAL/I2C/source/I2C.o
                                        0xd50 (size before relaxing)
 .stab          0x0000000000007c14      0x270 ./MCAL/I2C/source/I2C_config.o
                                        0x27c (size before relaxing)
 .stab          0x0000000000007e84      0x54c ./MCAL/GIE/source/GIE.o
                                        0x558 (size before relaxing)
 .stab          0x00000000000083d0      0x270 ./MCAL/GIE/source/GIE_config.o
                                        0x27c (size before relaxing)
 .stab          0x0000000000008640      0x72c ./MCAL/EXTI/source/EXTI.o
                                        0x738 (size before relaxing)
 .stab          0x0000000000008d6c      0x270 ./MCAL/EXTI/source/EXTI_config.o
                                        0x27c (size before relaxing)
 .stab          0x0000000000008fdc      0x7a4 ./MCAL/DIO/source/DIO.o
                                        0x7b0 (size before relaxing)
 .stab          0x0000000000009780      0x270 ./MCAL/DIO/source/DIO_config.o
                                        0x27c (size before relaxing)
 .stab          0x00000000000099f0      0xc18 ./MCAL/ADC/source/ADC.o
                                        0xdbc (size before relaxing)
 .stab          0x000000000000a608      0x270 ./MCAL/ADC/source/ADC_config.o
                                        0x27c (size before relaxing)
 .stab          0x000000000000a878      0x5d0 ./HAL/source/TC74/TC74.o
                                        0x774 (size before relaxing)
 .stab          0x000000000000ae48      0x4b0 ./HAL/source/SEVEN_SEGMENT/SEVEN_SEGMENT.o
                                        0x4bc (size before relaxing)
 .stab          0x000000000000b2f8      0x2d0 ./HAL/source/SEVEN_SEGMENT/SEVEN_SEGMENT_config.o
                                        0x3e4 (size before relaxing)
 .stab          0x000000000000b5c8      0x51c ./HAL/source/SERVO/SERVO.o
                                        0x528 (size before relaxing)
 .stab          0x000000000000bae4      0x2a0 ./HAL/source/SERVO/SERVO_config.o
                                        0x3fc (size before relaxing)
 .stab          0x000000000000bd84      0xe7c ./HAL/source/RTC/RTC.o
                                       0x1020 (size before relaxing)
 .stab          0x000000000000cc00      0x270 ./HAL/source/RTC/RTC_config.o
                                        0x27c (size before relaxing)
 .stab          0x000000000000ce70     0x1440 ./HAL/source/LCD/LCD.o
                                       0x15e4 (size before relaxing)
 .stab          0x000000000000e2b0      0x2a0 ./HAL/source/LCD/LCD_config.o
                                        0x3a8 (size before relaxing)
 .stab          0x000000000000e550      0x7a4 ./HAL/source/KEYPAD/KEYPAD.o
                                        0x7b0 (size before relaxing)
 .stab          0x000000000000ecf4      0x2ac ./HAL/source/KEYPAD/KEYPAD_config.o
                                        0x3d8 (size before relaxing)
 .stab          0x000000000000efa0      0xbb8 ./HAL/source/ICUSW/ICUSW.o
                                        0xbc4 (size before relaxing)
 .stab          0x000000000000fb58      0x270 ./HAL/source/ICUSW/ICUSW_config.o
                                        0x27c (size before relaxing)
 .stab          0x000000000000fdc8      0x858 ./HAL/source/EXTERNAL_EEPROM_24C02C/EXTERNAL_EEPROM.o
                                        0x9fc (size before relaxing)
 .stab          0x0000000000010620      0x270 ./HAL/source/EXTERNAL_EEPROM_24C02C/EXTERNAL_EEPROM_config.o
                                        0x27c (size before relaxing)
 .stab          0x0000000000010890      0x558 ./HAL/source/DC_MOTOR/DC_MOTOR.o
                                        0x564 (size before relaxing)
 .stab          0x0000000000010de8      0x4bc ./HAL/source/BUTTON/BUTTON.o
                                        0x4c8 (size before relaxing)
 .stab          0x00000000000112a4      0x2b8 ./HAL/source/BUTTON/BUTTON_config.o
                                        0x3e4 (size before relaxing)
 .stab          0x000000000001155c      0xdf8 ./APP/main.o
                                        0xf9c (size before relaxing)

.stabstr        0x0000000000000000     0xc7ab
 *(.stabstr)
 .stabstr       0x0000000000000000     0xc7ab ./SERIVICES/source/calculation_functions.o

.stab.excl
 *(.stab.excl)

.stab.exclstr
 *(.stab.exclstr)

.stab.index
 *(.stab.index)

.stab.indexstr
 *(.stab.indexstr)

.comment        0x0000000000000000       0x11
 *(.comment)
 .comment       0x0000000000000000       0x11 ./SERIVICES/source/calculation_functions.o
                                         0x12 (size before relaxing)
 .comment       0x0000000000000011       0x12 ./MCAL/WTD/source/WDT.o