Archive member included to satisfy reference by file (symbol)

/usr/lib/gcc/avr/5.4.0/avr5/libgcc.a(_mulsi3.o)
                              ./APP/main.o (__mulsi3)
/usr/lib/gcc/avr/5.4.0/avr5/libgcc.a(_exit.o)
                              /usr/lib/gcc/avr/5.4.0/../../../avr/lib/avr5/crtatmega32.o (exit)
/usr/lib/gcc/avr/5.4.0/avr5/libgcc.a(_copy_data.o)
                              ./SERIVICES/source/calculation_functions.o (__do_copy_data)
/usr/lib/gcc/avr/5.4.0/avr5/libgcc.a(_clear_bss.o)
                              ./MCAL/TIMER0/soruce/TIMER.o (__do_clear_bss)
/usr/lib/gcc/avr/5.4.0/avr5/libgcc.a(_muluhisi3.o)
                              /usr/lib/gcc/avr/5.4.0/avr5/libgcc.a(_mulsi3.o) (__muluhisi3)
/usr/lib/gcc/avr/5.4.0/avr5/libgcc.a(_ashldi3.o)
                              ./SERIVICES/source/calculation_functions.o (__ashldi3)
/usr/lib/gcc/avr/5.4.0/avr5/libgcc.a(_adddi3.o)
                              ./SERIVICES/source/calculation_functions.o (__adddi3)
/usr/lib/gcc/avr/5.4.0/avr5/libgcc.a(_umulhisi3.o)
                              /usr/lib/gcc/avr/5.4.0/avr5/libgcc.a(_muluhisi3.o) (__umulhisi3)
/usr/lib/gcc/avr/5.4.0/../../../avr/lib/avr5/libm.a(addsf3.o)
                              ./SERIVICES/source/calculation_functions.o (__subsf3)
/usr/lib/gcc/avr/5.4.0/../../../avr/lib/avr5/libm.a(addsf3x.o)
                              /usr/lib/gcc/avr/5.4.0/../../../avr/lib/avr5/libm.a(addsf3.o) (__addsf3x)
/usr/lib/gcc/avr/5.4.0/../../../avr/lib/avr5/libm.a(cmpsf2.o)
                              ./SERIVICES/source/calculation_functions.o (__ltsf2)
/usr/lib/gcc/avr/5.4.0/../../../avr/lib/avr5/libm.a(divsf3.o)
                              ./MCAL/ADC/source/ADC.o (__divsf3)
/usr/lib/gcc/avr/5.4.0/../../../avr/lib/avr5/libm.a(divsf3x.o)
                              /usr/lib/gcc/avr/5.4.0/../../../avr/lib/avr5/libm.a(divsf3.o) (__divsf3x)
/usr/lib/gcc/avr/5.4.0/../../../avr/lib/avr5/libm.a(fixsfsi.o)
                              ./SERIVICES/source/calculation_functions.o (__fixsfsi)
/usr/lib/gcc/avr/5.4.0/../../../avr/lib/avr5/libm.a(fixunssfsi.o)
                              ./MCAL/ADC/source/ADC.o (__fixunssfsi)
/usr/lib/gcc/avr/5.4.0/../../../avr/lib/avr5/libm.a(floatsisf.o)
                              ./MCAL/ADC/source/ADC.o (__floatunsisf)
/usr/lib/gcc/avr/5.4.0/../../../avr/lib/avr5/libm.a(fp_cmp.o)
                              /usr/lib/gcc/avr/5.4.0/../../../avr/lib/avr5/libm.a(cmpsf2.o) (__fp_cmp)
/usr/lib/gcc/avr/5.4.0/../../../avr/lib/avr5/libm.a(fp_inf.o)
                              /usr/lib/gcc/avr/5.4.0/../../../avr/lib/avr5/libm.a(addsf3x.o) (__fp_inf)
/usr/lib/gcc/avr/5.4.0/../../../avr/lib/avr5/libm.a(fp_nan.o)
                              /usr/lib/gcc/avr/5.4.0/../../../avr/lib/avr5/libm.a(addsf3x.o) (__fp_nan)
/usr/lib/gcc/avr/5.4.0/../../../avr/lib/avr5/libm.a(fp_pscA.o)
                              /usr/lib/gcc/avr/5.4.0/../../../avr/lib/avr5/libm.a(addsf3x.o) (__fp_pscA)
/usr/lib/gcc/avr/5.4.0/../../../avr/lib/avr5/libm.a(fp_pscB.o)
                              /usr/lib/gcc/avr/5.4.0/../../../avr/lib/avr5/libm.a(addsf3x.o) (__fp_pscB)
/usr/lib/gcc/avr/5.4.0/../../../avr/lib/avr5/libm.a(fp_round.o)
                              /usr/lib/gcc/avr/5.4.0/../../../avr/lib/avr5/libm.a(addsf3.o) (__fp_round)
/usr/lib/gcc/avr/5.4.0/../../../avr/lib/avr5/libm.a(fp_split3.o)
                              /usr/lib/gcc/avr/5.4.0/../../../avr/lib/avr5/libm.a(addsf3x.o) (__fp_split3)
/usr/lib/gcc/avr/5.4.0/../../../avr/lib/avr5/libm.a(fp_zero.o)
                              /usr/lib/gcc/avr/5.4.0/../../../avr/lib/avr5/libm.a(addsf3x.o) (__fp_zero)
/usr/lib/gcc/avr/5.4.0/../../../avr/lib/avr5/libm.a(gesf2.o)
                              ./MCAL/ADC/source/ADC.o (__gtsf2)
/usr/lib/gcc/avr/5.4.0/../../../avr/lib/avr5/libm.a(mulsf3.o)
                              ./SERIVICES/source/calculation_functions.o (__mulsf3)
/usr/lib/gcc/avr/5.4.0/../../../avr/lib/avr5/libm.a(mulsf3x.o)
                              /usr/lib/gcc/avr/5.4.0/../../../avr/lib/avr5/libm.a(mulsf3.o) (__mulsf3x)
/usr/lib/gcc/avr/5.4.0/../../../avr/lib/avr5/libc.a(sprintf.o)
                              ./SERIVICES/source/calculation_functions.o (sprintf)
/usr/lib/gcc/avr/5.4.0/../../../avr/lib/avr5/libc.a(vfprintf_std.o)
                              /usr/lib/gcc/avr/5.4.0/../../../avr/lib/avr5/libc.a(sprintf.o) (vfprintf)
/usr/lib/gcc/avr/5.4.0/../../../avr/lib/avr5/libc.a(strnlen_P.o)
                              /usr/lib/gcc/avr/5.4.0/../../../avr/lib/avr5/libc.a(vfprintf_std.o) (strnlen_P)
/usr/lib/gcc/avr/5.4.0/../../../avr/lib/avr5/libc.a(strnlen.o)
                              /usr/lib/gcc/avr/5.4.0/../../../avr/lib/avr5/libc.a(vfprintf_std.o) (strnlen)
/usr/lib/gcc/avr/5.4.0/../../../avr/lib/avr5/libc.a(fputc.o)
                              /usr/lib/gcc/avr/5.4.0/../../../avr/lib/avr5/libc.a(vfprintf_std.o) (fputc)
/usr/lib/gcc/avr/5.4.0/../../../avr/lib/avr5/libc.a(ultoa_invert.o)
                              /usr/lib/gcc/avr/5.4.0/../../../avr/lib/avr5/libc.a(vfprintf_std.o) (__ultoa_invert)
/usr/lib/gcc/avr/5.4.0/avr5/libgcc.a(_prologue.o)
                              /usr/lib/gcc/avr/5.4.0/../../../avr/lib/avr5/libc.a(sprintf.o) (__prologue_saves__)
/usr/lib/gcc/avr/5.4.0/avr5/libgcc.a(_epilogue.o)
                              /usr/lib/gcc/avr/5.4.0/../../../avr/lib/avr5/libc.a(sprintf.o) (__epilogue_restores__)

Allocating common symbols
Common symbol       size              file

Keypad_Result       0x1               ./APP/main.o
Global_u8EquationArray
                    0x64              ./APP/main.o

Memory Configuration

Name             Origin             Length             Attributes
text             0x0000000000000000 0x0000000000020000 xr
data             0x0000000000800060 0x000000000000ffa0 rw !x
eeprom           0x0000000000810000 0x0000000000010000 rw !x
fuse             0x0000000000820000 0x0000000000000002 rw !x
lock             0x0000000000830000 0x0000000000000400 rw !x
signature        0x0000000000840000 0x0000000000000400 rw !x
user_signatures  0x0000000000850000 0x0000000000000400 rw !x
*default*        0x0000000000000000 0xffffffffffffffff

Linker script and memory map

LOAD /usr/lib/gcc/avr/5.4.0/../../../avr/lib/avr5/crtatmega32.o
LOAD ./SERIVICES/source/calculation_functions.o
LOAD ./MCAL/TIMER0/soruce/TIMER.o
LOAD ./MCAL/TIMER0/soruce/TIMER0_config.o
LOAD ./MCAL/PORT/source/PORT.o
LOAD ./MCAL/PORT/source/PORT_config.o
LOAD ./MCAL/GIE/source/GIE.o
LOAD ./MCAL/GIE/source/GIE_config.o
LOAD ./MCAL/EXTI/source/EXTI.o
LOAD ./MCAL/EXTI/source/EXTI_config.o
LOAD ./MCAL/DIO/source/DIO.o
LOAD ./MCAL/DIO/source/DIO_config.o
LOAD ./MCAL/ADC/source/ADC.o
LOAD ./MCAL/ADC/source/ADC_config.o
LOAD ./HAL/source/SEVEN_SEGMENT/SEVEN_SEGMENT.o
LOAD ./HAL/source/SEVEN_SEGMENT/SEVEN_SEGMENT_config.o
LOAD ./HAL/source/LCD/LCD.o
LOAD ./HAL/source/LCD/LCD_config.o
LOAD ./HAL/source/KEYPAD/KEYPAD.o
LOAD ./HAL/source/KEYPAD/KEYPAD_config.o
LOAD ./HAL/source/BUTTON/BUTTON.o
LOAD ./HAL/source/BUTTON/BUTTON_config.o
LOAD ./APP/main.o
START GROUP
LOAD /usr/lib/gcc/avr/5.4.0/avr5/libgcc.a
LOAD /usr/lib/gcc/avr/5.4.0/../../../avr/lib/avr5/libm.a
LOAD /usr/lib/gcc/avr/5.4.0/../../../avr/lib/avr5/libc.a
LOAD /usr/lib/gcc/avr/5.4.0/../../../avr/lib/avr5/libatmega32.a
END GROUP
                0x0000000000000000                __TEXT_REGION_ORIGIN__ = DEFINED (__TEXT_REGION_ORIGIN__)?__TEXT_REGION_ORIGIN__:0x0
                0x0000000000800060                __DATA_REGION_ORIGIN__ = DEFINED (__DATA_REGION_ORIGIN__)?__DATA_REGION_ORIGIN__:0x800060
                0x0000000000020000                __TEXT_REGION_LENGTH__ = DEFINED (__TEXT_REGION_LENGTH__)?__TEXT_REGION_LENGTH__:0x20000
                0x000000000000ffa0                __DATA_REGION_LENGTH__ = DEFINED (__DATA_REGION_LENGTH__)?__DATA_REGION_LENGTH__:0xffa0
                0x0000000000010000                __EEPROM_REGION_LENGTH__ = DEFINED (__EEPROM_REGION_LENGTH__)?__EEPROM_REGION_LENGTH__:0x10000
                [0x0000000000000002]                __FUSE_REGION_LENGTH__ = DEFINED (__FUSE_REGION_LENGTH__)?__FUSE_REGION_LENGTH__:0x400
                0x0000000000000400                __LOCK_REGION_LENGTH__ = DEFINED (__LOCK_REGION_LENGTH__)?__LOCK_REGION_LENGTH__:0x400
                0x0000000000000400                __SIGNATURE_REGION_LENGTH__ = DEFINED (__SIGNATURE_REGION_LENGTH__)?__SIGNATURE_REGION_LENGTH__:0x400
                0x0000000000000400                __USER_SIGNATURE_REGION_LENGTH__ = DEFINED (__USER_SIGNATURE_REGION_LENGTH__)?__USER_SIGNATURE_REGION_LENGTH__:0x400

.hash
 *(.hash)

.dynsym
 *(.dynsym)

.dynstr
 *(.dynstr)

.gnu.version
 *(.gnu.version)

.gnu.version_d
 *(.gnu.version_d)

.gnu.version_r
 *(.gnu.version_r)

.rel.init
 *(.rel.init)

.rela.init
 *(.rela.init)

.rel.text
 *(.rel.text)
 *(.rel.text.*)
 *(.rel.gnu.linkonce.t*)

.rela.text
 *(.rela.text)
 *(.rela.text.*)
 *(.rela.gnu.linkonce.t*)

.rel.fini
 *(.rel.fini)

.rela.fini
 *(.rela.fini)

.rel.rodata
 *(.rel.rodata)
 *(.rel.rodata.*)
 *(.rel.gnu.linkonce.r*)

.rela.rodata
 *(.rela.rodata)
 *(.rela.rodata.*)
 *(.rela.gnu.linkonce.r*)

.rel.data
 *(.rel.data)
 *(.rel.data.*)
 *(.rel.gnu.linkonce.d*)

.rela.data
 *(.rela.data)
 *(.rela.data.*)
 *(.rela.gnu.linkonce.d*)

.rel.ctors
 *(.rel.ctors)

.rela.ctors
 *(.rela.ctors)

.rel.dtors
 *(.rel.dtors)

.rela.dtors
 *(.rela.dtors)

.rel.got
 *(.rel.got)

.rela.got
 *(.rela.got)

.rel.bss
 *(.rel.bss)

.rela.bss
 *(.rela.bss)

.rel.plt
 *(.rel.plt)

.rela.plt
 *(.rela.plt)

.text           0x0000000000000000     0x4b72
 *(.vectors)
 .vectors       0x0000000000000000       0x54 /usr/lib/gcc/avr/5.4.0/../../../avr/lib/avr5/crtatmega32.o
                0x0000000000000000                __vectors
                0x0000000000000000                __vector_default
 *(.vectors)
 *(.progmem.gcc*)
                0x0000000000000054                . = ALIGN (0x2)
                0x0000000000000054                __trampolines_start = .
 *(.trampolines)
 .trampolines   0x0000000000000054        0x0 linker stubs
 *(.trampolines*)
                0x0000000000000054                __trampolines_end = .
 *libprintf_flt.a:*(.progmem.data)
 *libc.a:*(.progmem.data)
 *(.progmem*)
                0x0000000000000054                . = ALIGN (0x2)
 *(.jumptables)
 *(.jumptables*)
 *(.lowtext)
 *(.lowtext*)
                0x0000000000000054                __ctors_start = .
 *(.ctors)
                0x0000000000000054                __ctors_end = .
                0x0000000000000054                __dtors_start = .
 *(.dtors)
                0x0000000000000054                __dtors_end = .
 SORT(*)(.ctors)
 SORT(*)(.dtors)
 *(.init0)
 .init0         0x0000000000000054        0x0 /usr/lib/gcc/avr/5.4.0/../../../avr/lib/avr5/crtatmega32.o
                0x0000000000000054                __init
 *(.init0)
 *(.init1)
 *(.init1)
 *(.init2)
 .init2         0x0000000000000054        0xc /usr/lib/gcc/avr/5.4.0/../../../avr/lib/avr5/crtatmega32.o
 *(.init2)
 *(.init3)
 *(.init3)
 *(.init4)
 .init4         0x0000000000000060       0x16 /usr/lib/gcc/avr/5.4.0/avr5/libgcc.a(_copy_data.o)
                0x0000000000000060                __do_copy_data
 .init4         0x0000000000000076       0x10 /usr/lib/gcc/avr/5.4.0/avr5/libgcc.a(_clear_bss.o)
                0x0000000000000076                __do_clear_bss
 *(.init4)
 *(.init5)
 *(.init5)
 *(.init6)
 *(.init6)
 *(.init7)
 *(.init7)
 *(.init8)
 *(.init8)
 *(.init9)
 .init9         0x0000000000000086        0x8 /usr/lib/gcc/avr/5.4.0/../../../avr/lib/avr5/crtatmega32.o
 *(.init9)
 *(.text)
 .text          0x000000000000008e        0x4 /usr/lib/gcc/avr/5.4.0/../../../avr/lib/avr5/crtatmega32.o
                0x000000000000008e                __vector_12
                0x000000000000008e                __bad_interrupt
                0x000000000000008e                __vector_6
                0x000000000000008e                __vector_13
                0x000000000000008e                __vector_17
                0x000000000000008e                __vector_19
                0x000000000000008e                __vector_7
                0x000000000000008e                __vector_5
                0x000000000000008e                __vector_4
                0x000000000000008e                __vector_9
                0x000000000000008e                __vector_15
                0x000000000000008e                __vector_8
                0x000000000000008e                __vector_14
                0x000000000000008e                __vector_18
                0x000000000000008e                __vector_20
 .text          0x0000000000000092        0x0 ./SERIVICES/source/calculation_functions.o
 .text          0x0000000000000092        0x0 ./MCAL/TIMER0/soruce/TIMER.o
 .text          0x0000000000000092        0x0 ./MCAL/TIMER0/soruce/TIMER0_config.o
 .text          0x0000000000000092        0x0 ./MCAL/PORT/source/PORT.o
 .text          0x0000000000000092        0x0 ./MCAL/PORT/source/PORT_config.o
 .text          0x0000000000000092        0x0 ./MCAL/GIE/source/GIE.o
 .text          0x0000000000000092        0x0 ./MCAL/GIE/source/GIE_config.o
 .text          0x0000000000000092        0x0 ./MCAL/EXTI/source/EXTI.o
 .text          0x0000000000000092        0x0 ./MCAL/EXTI/source/EXTI_config.o
 .text          0x0000000000000092        0x0 ./MCAL/DIO/source/DIO.o
 .text          0x0000000000000092        0x0 ./MCAL/DIO/source/DIO_config.o
 .text          0x0000000000000092        0x0 ./MCAL/ADC/source/ADC.o
 .text          0x0000000000000092        0x0 ./MCAL/ADC/source/ADC_config.o
 .text          0x0000000000000092        0x0 ./HAL/source/SEVEN_SEGMENT/SEVEN_SEGMENT.o
 .text          0x0000000000000092        0x0 ./HAL/source/SEVEN_SEGMENT/SEVEN_SEGMENT_config.o
 .text          0x0000000000000092        0x0 ./HAL/source/LCD/LCD.o
 .text          0x0000000000000092        0x0 ./HAL/source/LCD/LCD_config.o
 .text          0x0000000000000092        0x0 ./HAL/source/KEYPAD/KEYPAD.o
 .text          0x0000000000000092        0x0 ./HAL/source/KEYPAD/KEYPAD_config.o
 .text          0x0000000000000092        0x0 ./HAL/source/BUTTON/BUTTON.o
 .text          0x0000000000000092        0x0 ./HAL/source/BUTTON/BUTTON_config.o
 .text          0x0000000000000092        0x0 ./APP/main.o
 .text          0x0000000000000092        0x0 /usr/lib/gcc/avr/5.4.0/avr5/libgcc.a(_mulsi3.o)
 .text          0x0000000000000092        0x0 /usr/lib/gcc/avr/5.4.0/avr5/libgcc.a(_exit.o)
 .text          0x0000000000000092        0x0 /usr/lib/gcc/avr/5.4.0/avr5/libgcc.a(_copy_data.o)
 .text          0x0000000000000092        0x0 /usr/lib/gcc/avr/5.4.0/avr5/libgcc.a(_clear_bss.o)
 .text          0x0000000000000092        0x0 /usr/lib/gcc/avr/5.4.0/avr5/libgcc.a(_muluhisi3.o)
 .text          0x0000000000000092        0x0 /usr/lib/gcc/avr/5.4.0/avr5/libgcc.a(_ashldi3.o)
 .text          0x0000000000000092        0x0 /usr/lib/gcc/avr/5.4.0/avr5/libgcc.a(_adddi3.o)
 .text          0x0000000000000092        0x0 /usr/lib/gcc/avr/5.4.0/avr5/libgcc.a(_umulhisi3.o)
 .text          0x0000000000000092        0x0 /usr/lib/gcc/avr/5.4.0/../../../avr/lib/avr5/libm.a(addsf3.o)
 .text          0x0000000000000092        0x0 /usr/lib/gcc/avr/5.4.0/../../../avr/lib/avr5/libm.a(addsf3x.o)
 .text          0x0000000000000092        0x0 /usr/lib/gcc/avr/5.4.0/../../../avr/lib/avr5/libm.a(cmpsf2.o)
 .text          0x0000000000000092        0x0 /usr/lib/gcc/avr/5.4.0/../../../avr/lib/avr5/libm.a(divsf3.o)
 .text          0x0000000000000092        0x0 /usr/lib/gcc/avr/5.4.0/../../../avr/lib/avr5/libm.a(divsf3x.o)
 .text          0x0000000000000092        0x0 /usr/lib/gcc/avr/5.4.0/../../../avr/lib/avr5/libm.a(fixsfsi.o)
 .text          0x0000000000000092        0x0 /usr/lib/gcc/avr/5.4.0/../../../avr/lib/avr5/libm.a(fixunssfsi.o)
 .text          0x0000000000000092        0x0 /usr/lib/gcc/avr/5.4.0/../../../avr/lib/avr5/libm.a(floatsisf.o)
 .text          0x0000000000000092        0x0 /usr/lib/gcc/avr/5.4.0/../../../avr/lib/avr5/libm.a(fp_cmp.o)
 .text          0x0000000000000092        0x0 /usr/lib/gcc/avr/5.4.0/../../../avr/lib/avr5/libm.a(fp_inf.o)
 .text          0x0000000000000092        0x0 /usr/lib/gcc/avr/5.4.0/../../../avr/lib/avr5/libm.a(fp_nan.o)
 .text          0x0000000000000092        0x0 /usr/lib/gcc/avr/5.4.0/../../../avr/lib/avr5/libm.a(fp_pscA.o)
 .text          0x0000000000000092        0x0 /usr/lib/gcc/avr/5.4.0/../../../avr/lib/avr5/libm.a(fp_pscB.o)
 .text          0x0000000000000092        0x0 /usr/lib/gcc/avr/5.4.0/../../../avr/lib/avr5/libm.a(fp_round.o)
 .text          0x0000000000000092        0x0 /usr/lib/gcc/avr/5.4.0/../../../avr/lib/avr5/libm.a(fp_split3.o)
 .text          0x0000000000000092        0x0 /usr/lib/gcc/avr/5.4.0/../../../avr/lib/avr5/libm.a(fp_zero.o)
 .text          0x0000000000000092        0x0 /usr/lib/gcc/avr/5.4.0/../../../avr/lib/avr5/libm.a(gesf2.o)
 .text          0x0000000000000092        0x0 /usr/lib/gcc/avr/5.4.0/../../../avr/lib/avr5/libm.a(mulsf3.o)
 .text          0x0000000000000092        0x0 /usr/lib/gcc/avr/5.4.0/../../../avr/lib/avr5/libm.a(mulsf3x.o)
 .text          0x0000000000000092        0x0 /usr/lib/gcc/avr/5.4.0/../../../avr/lib/avr5/libc.a(sprintf.o)
 .text          0x0000000000000092        0x0 /usr/lib/gcc/avr/5.4.0/../../../avr/lib/avr5/libc.a(vfprintf_std.o)
 .text          0x0000000000000092        0x0 /usr/lib/gcc/avr/5.4.0/../../../avr/lib/avr5/libc.a(strnlen_P.o)
 .text          0x0000000000000092        0x0 /usr/lib/gcc/avr/5.4.0/../../../avr/lib/avr5/libc.a(strnlen.o)
 .text          0x0000000000000092        0x0 /usr/lib/gcc/avr/5.4.0/../../../avr/lib/avr5/libc.a(fputc.o)
 .text          0x0000000000000092        0x0 /usr/lib/gcc/avr/5.4.0/../../../avr/lib/avr5/libc.a(ultoa_invert.o)
 .text          0x0000000000000092        0x0 /usr/lib/gcc/avr/5.4.0/avr5/libgcc.a(_prologue.o)
 .text          0x0000000000000092        0x0 /usr/lib/gcc/avr/5.4.0/avr5/libgcc.a(_epilogue.o)
                0x0000000000000092                . = ALIGN (0x2)
 *(.text.*)
 .text.Convert_IntToString
                0x0000000000000092       0x7e ./SERIVICES/source/calculation_functions.o
                0x0000000000000092                Convert_IntToString
 .text.Convert_FloatToString
                0x0000000000000110      0x138 ./SERIVICES/source/calculation_functions.o
                0x0000000000000110                Convert_FloatToString
 .text.Convert_StringTou8
                0x0000000000000248      0x1d8 ./SERIVICES/source/calculation_functions.o
                0x0000000000000248                Convert_StringTou8
 .text.Convert_StringTou16
                0x0000000000000420      0x1dc ./SERIVICES/source/calculation_functions.o
                0x0000000000000420                Convert_StringTou16
 .text.Convert_StringTou32
                0x00000000000005fc      0x1e4 ./SERIVICES/source/calculation_functions.o
                0x00000000000005fc                Convert_StringTou32
 .text.Convert_StringTou64
                0x00000000000007e0      0x202 ./SERIVICES/source/calculation_functions.o
                0x00000000000007e0                Convert_StringTou64
 .text.Timer0_enuInit
                0x00000000000009e2      0x15e ./MCAL/TIMER0/soruce/TIMER.o
                0x00000000000009e2                Timer0_enuInit
 .text.Timer0_DeInit
                0x0000000000000b40       0x42 ./MCAL/TIMER0/soruce/TIMER.o
                0x0000000000000b40                Timer0_DeInit
 .text.Timer0_enuEnableInterrupt
                0x0000000000000b82       0x62 ./MCAL/TIMER0/soruce/TIMER.o
                0x0000000000000b82                Timer0_enuEnableInterrupt
 .text.Timer0_enuDisableInterrupt
                0x0000000000000be4       0x62 ./MCAL/TIMER0/soruce/TIMER.o
                0x0000000000000be4                Timer0_enuDisableInterrupt
 .text.Timer0_SetValue
                0x0000000000000c46       0x3e ./MCAL/TIMER0/soruce/TIMER.o
                0x0000000000000c46                Timer0_SetValue
 .text.Timer0_GetTimeElapsed
                0x0000000000000c84       0x38 ./MCAL/TIMER0/soruce/TIMER.o
                0x0000000000000c84                Timer0_GetTimeElapsed
 .text.Timer0_GetRemaining
                0x0000000000000cbc       0x50 ./MCAL/TIMER0/soruce/TIMER.o
                0x0000000000000cbc                Timer0_GetRemaining
 .text.Timer0_SetCallbackFunction
                0x0000000000000d0c       0x60 ./MCAL/TIMER0/soruce/TIMER.o
                0x0000000000000d0c                Timer0_SetCallbackFunction
 .text.__vector_10
                0x0000000000000d6c       0x6e ./MCAL/TIMER0/soruce/TIMER.o
                0x0000000000000d6c                __vector_10
 .text.__vector_11
                0x0000000000000dda       0x7a ./MCAL/TIMER0/soruce/TIMER.o
                0x0000000000000dda                __vector_11
 .text.Port_voidInit
                0x0000000000000e54       0x5c ./MCAL/PORT/source/PORT.o
                0x0000000000000e54                Port_voidInit
 .text.Port_enuSetPinDirection
                0x0000000000000eb0       0xf4 ./MCAL/PORT/source/PORT.o
                0x0000000000000eb0                Port_enuSetPinDirection
 .text.Port_enuSetPinMode
                0x0000000000000fa4      0x2c8 ./MCAL/PORT/source/PORT.o
                0x0000000000000fa4                Port_enuSetPinMode
 .text.Gie_enuEnableGlobalInterrupt
                0x000000000000126c       0x28 ./MCAL/GIE/source/GIE.o
                0x000000000000126c                Gie_enuEnableGlobalInterrupt
 .text.Gie_enuDisableGlobalInterrupt
                0x0000000000001294       0x28 ./MCAL/GIE/source/GIE.o
                0x0000000000001294                Gie_enuDisableGlobalInterrupt
 .text.Gie_enuSetGloablInterrupt
                0x00000000000012bc       0x40 ./MCAL/GIE/source/GIE.o
                0x00000000000012bc                Gie_enuSetGloablInterrupt
 .text.Gie_enuGetGloablInterrupt
                0x00000000000012fc       0x4a ./MCAL/GIE/source/GIE.o
                0x00000000000012fc                Gie_enuGetGloablInterrupt
 .text.Exti_enuEnable
                0x0000000000001346      0x14c ./MCAL/EXTI/source/EXTI.o
                0x0000000000001346                Exti_enuEnable
 .text.Exti_enuDisable
                0x0000000000001492       0x7c ./MCAL/EXTI/source/EXTI.o
                0x0000000000001492                Exti_enuDisable
 .text.Exti_enuSetCallbackFunction
                0x000000000000150e       0x58 ./MCAL/EXTI/source/EXTI.o
                0x000000000000150e                Exti_enuSetCallbackFunction
 .text.__vector_1
                0x0000000000001566       0x6e ./MCAL/EXTI/source/EXTI.o
                0x0000000000001566                __vector_1
 .text.__vector_2
                0x00000000000015d4       0x6e ./MCAL/EXTI/source/EXTI.o
                0x00000000000015d4                __vector_2
 .text.__vector_3
                0x0000000000001642       0x6e ./MCAL/EXTI/source/EXTI.o
                0x0000000000001642                __vector_3
 .text.Dio_enuWriteChannel
                0x00000000000016b0       0xde ./MCAL/DIO/source/DIO.o
                0x00000000000016b0                Dio_enuWriteChannel
 .text.Dio_enuReadChannel
                0x000000000000178e       0xc6 ./MCAL/DIO/source/DIO.o
                0x000000000000178e                Dio_enuReadChannel
 .text.Dio_enuWritePort
                0x0000000000001854       0x68 ./MCAL/DIO/source/DIO.o
                0x0000000000001854                Dio_enuWritePort
 .text.Dio_enuReadPort
                0x00000000000018bc       0x80 ./MCAL/DIO/source/DIO.o
                0x00000000000018bc                Dio_enuReadPort
 .text.Dio_enuFlipChannel
                0x000000000000193c       0xbe ./MCAL/DIO/source/DIO.o
                0x000000000000193c                Dio_enuFlipChannel
 .text.Adc_enuInit
                0x00000000000019fa       0xfa ./MCAL/ADC/source/ADC.o
                0x00000000000019fa                Adc_enuInit
 .text.Adc_enuDeInit
                0x0000000000001af4       0x2a ./MCAL/ADC/source/ADC.o
                0x0000000000001af4                Adc_enuDeInit
 .text.Adc_enuStartConversionSync
                0x0000000000001b1e      0x2f4 ./MCAL/ADC/source/ADC.o
                0x0000000000001b1e                Adc_enuStartConversionSync
 .text.Adc_ConvertResultToVoltage
                0x0000000000001e12       0x72 ./MCAL/ADC/source/ADC.o
                0x0000000000001e12                Adc_ConvertResultToVoltage
 .text.Adc_StartConversionAsync
                0x0000000000001e84       0x98 ./MCAL/ADC/source/ADC.o
                0x0000000000001e84                Adc_StartConversionAsync
 .text.Adc_enuEnableInterrupt
                0x0000000000001f1c       0x2a ./MCAL/ADC/source/ADC.o
                0x0000000000001f1c                Adc_enuEnableInterrupt
 .text.Adc_enuDisableInterrupt
                0x0000000000001f46       0x2a ./MCAL/ADC/source/ADC.o
                0x0000000000001f46                Adc_enuDisableInterrupt
 .text.Adc_GetResult
                0x0000000000001f70       0x94 ./MCAL/ADC/source/ADC.o
 .text.Adc_SetCallbackFunction
                0x0000000000002004       0x58 ./MCAL/ADC/source/ADC.o
                0x0000000000002004                Adc_SetCallbackFunction
 .text.__vector_16
                0x000000000000205c       0xae ./MCAL/ADC/source/ADC.o
                0x000000000000205c                __vector_16
 .text.Seven_Segment_WriteBCDConnection
                0x000000000000210a       0x88 ./HAL/source/SEVEN_SEGMENT/SEVEN_SEGMENT.o
                0x000000000000210a                Seven_Segment_WriteBCDConnection
 .text.Lcd_4bit_enuInit
                0x0000000000002192      0x45a ./HAL/source/LCD/LCD.o
                0x0000000000002192                Lcd_4bit_enuInit
 .text.Lcd_4bit_enuSendCommand
                0x00000000000025ec       0x7c ./HAL/source/LCD/LCD.o
                0x00000000000025ec                Lcd_4bit_enuSendCommand
 .text.Lcd_4bit_enuDisplayCharacter
                0x0000000000002668       0x76 ./HAL/source/LCD/LCD.o
                0x0000000000002668                Lcd_4bit_enuDisplayCharacter
 .text.Lcd_4bit_enuDisplayCharacterWithPosition
                0x00000000000026de       0x8e ./HAL/source/LCD/LCD.o
                0x00000000000026de                Lcd_4bit_enuDisplayCharacterWithPosition
 .text.Lcd_4bit_enuDisplayStringWithPosition
                0x000000000000276c       0x98 ./HAL/source/LCD/LCD.o
                0x000000000000276c                Lcd_4bit_enuDisplayStringWithPosition
 .text.Lcd_4bit_enuCreateCustomCharacter
                0x0000000000002804       0xac ./HAL/source/LCD/LCD.o
                0x0000000000002804                Lcd_4bit_enuCreateCustomCharacter
 .text.Lcd_4bit_enuGoToXY
                0x00000000000028b0       0xe4 ./HAL/source/LCD/LCD.o
                0x00000000000028b0                Lcd_4bit_enuGoToXY
 .text.Lcd_4bit_enuDisplayString
                0x0000000000002994       0x7e ./HAL/source/LCD/LCD.o
                0x0000000000002994                Lcd_4bit_enuDisplayString
 .text.Lcd_4bit_enuDisplayNumber
                0x0000000000002a12       0x9e ./HAL/source/LCD/LCD.o
                0x0000000000002a12                Lcd_4bit_enuDisplayNumber
 .text.Lcd_4bit_enuDisplayNumberWithPosition
                0x0000000000002ab0       0xdc ./HAL/source/LCD/LCD.o
                0x0000000000002ab0                Lcd_4bit_enuDisplayNumberWithPosition
 .text.Lcd_4bit_enuDisplayFloatNumber
                0x0000000000002b8c       0x9e ./HAL/source/LCD/LCD.o
                0x0000000000002b8c                Lcd_4bit_enuDisplayFloatNumber
 .text.Lcd_4bit_enuSet4BitsOnPins
                0x0000000000002c2a       0x7c ./HAL/source/LCD/LCD.o
 .text.Lcd_4bit_enuSendEnableSignal
                0x0000000000002ca6      0x23a ./HAL/source/LCD/LCD.o
 .text.Keypad_enuRead
                0x0000000000002ee0      0x218 ./HAL/source/KEYPAD/KEYPAD.o
                0x0000000000002ee0                Keypad_enuRead
 .text.Keypad_DisableControlPins
                0x00000000000030f8       0xbe ./HAL/source/KEYPAD/KEYPAD.o
 .text.Button_enuRead
                0x00000000000031b6       0xa6 ./HAL/source/BUTTON/BUTTON.o
                0x00000000000031b6                Button_enuRead
 .text.main     0x000000000000325c       0x42 ./APP/main.o
                0x000000000000325c                main
 .text.Calculator_GetEquation
                0x000000000000329e      0x13e ./APP/main.o
                0x000000000000329e                Calculator_GetEquation
 .text.Calculator_DisplayResult
                0x00000000000033dc      0x152 ./APP/main.o
                0x00000000000033dc                Calculator_DisplayResult
 .text.Calculator_DisplaySyntxError
                0x000000000000352e      0x126 ./APP/main.o
                0x000000000000352e                Calculator_DisplaySyntxError
 .text.Calculator_DisplayMathError
                0x0000000000003654      0x126 ./APP/main.o
                0x0000000000003654                Calculator_DisplayMathError
 .text.Calculator_Clear
                0x000000000000377a      0x116 ./APP/main.o
                0x000000000000377a                Calculator_Clear
 .text.Calculator_DoOperations
                0x0000000000003890       0x22 ./APP/main.o
                0x0000000000003890                Calculator_DoOperations
 .text.Calculator_DoMulandDivide
                0x00000000000038b2      0x350 ./APP/main.o
                0x00000000000038b2                Calculator_DoMulandDivide
 .text.Calculator_DoSumandSub
                0x0000000000003c02      0x418 ./APP/main.o
                0x0000000000003c02                Calculator_DoSumandSub
 .text.Keypad_IsrRead
                0x000000000000401a       0x36 ./APP/main.o
                0x000000000000401a                Keypad_IsrRead
 .text.Calculator_InitValues
                0x0000000000004050       0x36 ./APP/main.o
                0x0000000000004050                Calculator_InitValues
 .text.libgcc.mul
                0x0000000000004086       0x20 /usr/lib/gcc/avr/5.4.0/avr5/libgcc.a(_mulsi3.o)
                0x0000000000004086                __mulsi3
 .text.libgcc.div
                0x00000000000040a6        0x0 /usr/lib/gcc/avr/5.4.0/avr5/libgcc.a(_mulsi3.o)
 .text.libgcc   0x00000000000040a6        0x0 /usr/lib/gcc/avr/5.4.0/avr5/libgcc.a(_mulsi3.o)
 .text.libgcc.prologue
                0x00000000000040a6        0x0 /usr/lib/gcc/avr/5.4.0/avr5/libgcc.a(_mulsi3.o)
 .text.libgcc.builtins
                0x00000000000040a6        0x0 /usr/lib/gcc/avr/5.4.0/avr5/libgcc.a(_mulsi3.o)
 .text.libgcc.fmul
                0x00000000000040a6        0x0 /usr/lib/gcc/avr/5.4.0/avr5/libgcc.a(_mulsi3.o)
 .text.libgcc.fixed
                0x00000000000040a6        0x0 /usr/lib/gcc/avr/5.4.0/avr5/libgcc.a(_mulsi3.o)
 .text.libgcc.mul
                0x00000000000040a6        0x0 /usr/lib/gcc/avr/5.4.0/avr5/libgcc.a(_exit.o)
 .text.libgcc.div
                0x00000000000040a6        0x0 /usr/lib/gcc/avr/5.4.0/avr5/libgcc.a(_exit.o)
 .text.libgcc   0x00000000000040a6        0x0 /usr/lib/gcc/avr/5.4.0/avr5/libgcc.a(_exit.o)
 .text.libgcc.prologue
                0x00000000000040a6        0x0 /usr/lib/gcc/avr/5.4.0/avr5/libgcc.a(_exit.o)
 .text.libgcc.builtins
                0x00000000000040a6        0x0 /usr/lib/gcc/avr/5.4.0/avr5/libgcc.a(_exit.o)
 .text.libgcc.fmul
                0x00000000000040a6        0x0 /usr/lib/gcc/avr/5.4.0/avr5/libgcc.a(_exit.o)
 .text.libgcc.fixed
                0x00000000000040a6        0x0 /usr/lib/gcc/avr/5.4.0/avr5/libgcc.a(_exit.o)
 .text.libgcc.mul
                0x00000000000040a6        0x0 /usr/lib/gcc/avr/5.4.0/avr5/libgcc.a(_copy_data.o)
 .text.libgcc.div
                0x00000000000040a6        0x0 /usr/lib/gcc/avr/5.4.0/avr5/libgcc.a(_copy_data.o)
 .text.libgcc   0x00000000000040a6        0x0 /usr/lib/gcc/avr/5.4.0/avr5/libgcc.a(_copy_data.o)
 .text.libgcc.prologue
                0x00000000000040a6        0x0 /usr/lib/gcc/avr/5.4.0/avr5/libgcc.a(_copy_data.o)
 .text.libgcc.builtins
                0x00000000000040a6        0x0 /usr/lib/gcc/avr/5.4.0/avr5/libgcc.a(_copy_data.o)
 .text.libgcc.fmul
                0x00000000000040a6        0x0 /usr/lib/gcc/avr/5.4.0/avr5/libgcc.a(_copy_data.o)
 .text.libgcc.fixed
                0x00000000000040a6        0x0 /usr/lib/gcc/avr/5.4.0/avr5/libgcc.a(_copy_data.o)
 .text.libgcc.mul
                0x00000000000040a6        0x0 /usr/lib/gcc/avr/5.4.0/avr5/libgcc.a(_clear_bss.o)
 .text.libgcc.div
                0x00000000000040a6        0x0 /usr/lib/gcc/avr/5.4.0/avr5/libgcc.a(_clear_bss.o)
 .text.libgcc   0x00000000000040a6        0x0 /usr/lib/gcc/avr/5.4.0/avr5/libgcc.a(_clear_bss.o)
 .text.libgcc.prologue
                0x00000000000040a6        0x0 /usr/lib/gcc/avr/5.4.0/avr5/libgcc.a(_clear_bss.o)
 .text.libgcc.builtins
                0x00000000000040a6        0x0 /usr/lib/gcc/avr/5.4.0/avr5/libgcc.a(_clear_bss.o)
 .text.libgcc.fmul
                0x00000000000040a6        0x0 /usr/lib/gcc/avr/5.4.0/avr5/libgcc.a(_clear_bss.o)
 .text.libgcc.fixed
                0x00000000000040a6        0x0 /usr/lib/gcc/avr/5.4.0/avr5/libgcc.a(_clear_bss.o)
 .text.libgcc.mul
                0x00000000000040a6       0x16 /usr/lib/gcc/avr/5.4.0/avr5/libgcc.a(_muluhisi3.o)
                0x00000000000040a6                __muluhisi3
 .text.libgcc.div
                0x00000000000040bc        0x0 /usr/lib/gcc/avr/5.4.0/avr5/libgcc.a(_muluhisi3.o)
 .text.libgcc   0x00000000000040bc        0x0 /usr/lib/gcc/avr/5.4.0/avr5/libgcc.a(_muluhisi3.o)
 .text.libgcc.prologue
                0x00000000000040bc        0x0 /usr/lib/gcc/avr/5.4.0/avr5/libgcc.a(_muluhisi3.o)
 .text.libgcc.builtins
                0x00000000000040bc        0x0 /usr/lib/gcc/avr/5.4.0/avr5/libgcc.a(_muluhisi3.o)
 .text.libgcc.fmul
                0x00000000000040bc        0x0 /usr/lib/gcc/avr/5.4.0/avr5/libgcc.a(_muluhisi3.o)
 .text.libgcc.fixed
                0x00000000000040bc        0x0 /usr/lib/gcc/avr/5.4.0/avr5/libgcc.a(_muluhisi3.o)
 .text.libgcc.mul
                0x00000000000040bc        0x0 /usr/lib/gcc/avr/5.4.0/avr5/libgcc.a(_ashldi3.o)
 .text.libgcc.div
                0x00000000000040bc        0x0 /usr/lib/gcc/avr/5.4.0/avr5/libgcc.a(_ashldi3.o)
 .text.libgcc   0x00000000000040bc        0x0 /usr/lib/gcc/avr/5.4.0/avr5/libgcc.a(_ashldi3.o)
 .text.libgcc.prologue
                0x00000000000040bc        0x0 /usr/lib/gcc/avr/5.4.0/avr5/libgcc.a(_ashldi3.o)
 .text.libgcc.builtins
                0x00000000000040bc       0x32 /usr/lib/gcc/avr/5.4.0/avr5/libgcc.a(_ashldi3.o)
                0x00000000000040bc                __ashldi3
 .text.libgcc.fmul
                0x00000000000040ee        0x0 /usr/lib/gcc/avr/5.4.0/avr5/libgcc.a(_ashldi3.o)
 .text.libgcc.fixed
                0x00000000000040ee        0x0 /usr/lib/gcc/avr/5.4.0/avr5/libgcc.a(_ashldi3.o)
 .text.libgcc.mul
                0x00000000000040ee        0x0 /usr/lib/gcc/avr/5.4.0/avr5/libgcc.a(_adddi3.o)
 .text.libgcc.div
                0x00000000000040ee        0x0 /usr/lib/gcc/avr/5.4.0/avr5/libgcc.a(_adddi3.o)
 .text.libgcc   0x00000000000040ee       0x12 /usr/lib/gcc/avr/5.4.0/avr5/libgcc.a(_adddi3.o)
                0x00000000000040ee                __adddi3
 .text.libgcc.prologue
                0x0000000000004100        0x0 /usr/lib/gcc/avr/5.4.0/avr5/libgcc.a(_adddi3.o)
 .text.libgcc.builtins
                0x0000000000004100        0x0 /usr/lib/gcc/avr/5.4.0/avr5/libgcc.a(_adddi3.o)
 .text.libgcc.fmul
                0x0000000000004100        0x0 /usr/lib/gcc/avr/5.4.0/avr5/libgcc.a(_adddi3.o)
 .text.libgcc.fixed
                0x0000000000004100        0x0 /usr/lib/gcc/avr/5.4.0/avr5/libgcc.a(_adddi3.o)
 .text.libgcc.mul
                0x0000000000004100       0x1e /usr/lib/gcc/avr/5.4.0/avr5/libgcc.a(_umulhisi3.o)
                0x0000000000004100                __umulhisi3
 .text.libgcc.div
                0x000000000000411e        0x0 /usr/lib/gcc/avr/5.4.0/avr5/libgcc.a(_umulhisi3.o)
 .text.libgcc   0x000000000000411e        0x0 /usr/lib/gcc/avr/5.4.0/avr5/libgcc.a(_umulhisi3.o)
 .text.libgcc.prologue
                0x000000000000411e        0x0 /usr/lib/gcc/avr/5.4.0/avr5/libgcc.a(_umulhisi3.o)
 .text.libgcc.builtins
                0x000000000000411e        0x0 /usr/lib/gcc/avr/5.4.0/avr5/libgcc.a(_umulhisi3.o)
 .text.libgcc.fmul
                0x000000000000411e        0x0 /usr/lib/gcc/avr/5.4.0/avr5/libgcc.a(_umulhisi3.o)
 .text.libgcc.fixed
                0x000000000000411e        0x0 /usr/lib/gcc/avr/5.4.0/avr5/libgcc.a(_umulhisi3.o)
 .text.avr-libc.fplib
                0x000000000000411e        0xe /usr/lib/gcc/avr/5.4.0/../../../avr/lib/avr5/libm.a(addsf3.o)
                0x000000000000411e                __subsf3
                0x0000000000004120                __addsf3
 .text.avr-libc.fplib
                0x000000000000412c       0xcc /usr/lib/gcc/avr/5.4.0/../../../avr/lib/avr5/libm.a(addsf3x.o)
                0x000000000000414e                __addsf3x
 .text.avr-libc.fplib
                0x00000000000041f8        0xa /usr/lib/gcc/avr/5.4.0/../../../avr/lib/avr5/libm.a(cmpsf2.o)
                0x00000000000041f8                __lesf2
                0x00000000000041f8                __nesf2
                0x00000000000041f8                __eqsf2
                0x00000000000041f8                __cmpsf2
                0x00000000000041f8                __ltsf2
 .text.avr-libc.fplib
                0x0000000000004202        0x8 /usr/lib/gcc/avr/5.4.0/../../../avr/lib/avr5/libm.a(divsf3.o)
                0x0000000000004202                __divsf3
 .text.avr-libc.fplib
                0x000000000000420a       0xdc /usr/lib/gcc/avr/5.4.0/../../../avr/lib/avr5/libm.a(divsf3x.o)
                0x000000000000422a                __divsf3x
                0x0000000000004230                __divsf3_pse
 .text.avr-libc.fplib
                0x00000000000042e6        0xe /usr/lib/gcc/avr/5.4.0/../../../avr/lib/avr5/libm.a(fixsfsi.o)
                0x00000000000042e6                __fixsfsi
 .text.avr-libc.fplib
                0x00000000000042f4       0x5e /usr/lib/gcc/avr/5.4.0/../../../avr/lib/avr5/libm.a(fixunssfsi.o)
                0x00000000000042f4                __fixunssfsi
 .text.avr-libc.fplib
                0x0000000000004352       0x7a /usr/lib/gcc/avr/5.4.0/../../../avr/lib/avr5/libm.a(floatsisf.o)
                0x0000000000004352                __floatunsisf
                0x0000000000004356                __floatsisf
 .text.avr-libc.fplib
                0x00000000000043cc       0x48 /usr/lib/gcc/avr/5.4.0/../../../avr/lib/avr5/libm.a(fp_cmp.o)
                0x00000000000043cc                __fp_cmp
 .text.avr-libc.fplib
                0x0000000000004414        0xc /usr/lib/gcc/avr/5.4.0/../../../avr/lib/avr5/libm.a(fp_inf.o)
                0x0000000000004414                __fp_inf
 .text.avr-libc.fplib
                0x0000000000004420        0x6 /usr/lib/gcc/avr/5.4.0/../../../avr/lib/avr5/libm.a(fp_nan.o)
                0x0000000000004420                __fp_nan
 .text.avr-libc.fplib
                0x0000000000004426        0xe /usr/lib/gcc/avr/5.4.0/../../../avr/lib/avr5/libm.a(fp_pscA.o)
                0x0000000000004426                __fp_pscA
 .text.avr-libc.fplib
                0x0000000000004434        0xe /usr/lib/gcc/avr/5.4.0/../../../avr/lib/avr5/libm.a(fp_pscB.o)
                0x0000000000004434                __fp_pscB
 .text.avr-libc.fplib
                0x0000000000004442       0x22 /usr/lib/gcc/avr/5.4.0/../../../avr/lib/avr5/libm.a(fp_round.o)
                0x0000000000004442                __fp_round
 .text.avr-libc.fplib
                0x0000000000004464       0x44 /usr/lib/gcc/avr/5.4.0/../../../avr/lib/avr5/libm.a(fp_split3.o)
                0x0000000000004464                __fp_split3
                0x0000000000004474                __fp_splitA
 .text.avr-libc.fplib
                0x00000000000044a8        0xe /usr/lib/gcc/avr/5.4.0/../../../avr/lib/avr5/libm.a(fp_zero.o)
                0x00000000000044a8                __fp_zero
                0x00000000000044aa                __fp_szero
 .text.avr-libc.fplib
                0x00000000000044b6        0xa /usr/lib/gcc/avr/5.4.0/../../../avr/lib/avr5/libm.a(gesf2.o)
                0x00000000000044b6                __gtsf2
                0x00000000000044b6                __gesf2
 .text.avr-libc.fplib
                0x00000000000044c0        0x8 /usr/lib/gcc/avr/5.4.0/../../../avr/lib/avr5/libm.a(mulsf3.o)
                0x00000000000044c0                __mulsf3
 .text.avr-libc.fplib
                0x00000000000044c8       0xd2 /usr/lib/gcc/avr/5.4.0/../../../avr/lib/avr5/libm.a(mulsf3x.o)
                0x00000000000044e6                __mulsf3x
                0x00000000000044ec                __mulsf3_pse
 .text.avr-libc
                0x000000000000459a       0x44 /usr/lib/gcc/avr/5.4.0/../../../avr/lib/avr5/libc.a(sprintf.o)
                0x000000000000459a                sprintf
 .text.avr-libc
                0x00000000000045de      0x3c2 /usr/lib/gcc/avr/5.4.0/../../../avr/lib/avr5/libc.a(vfprintf_std.o)
                0x00000000000045de                vfprintf
 .text.avr-libc
                0x00000000000049a0       0x16 /usr/lib/gcc/avr/5.4.0/../../../avr/lib/avr5/libc.a(strnlen_P.o)
                0x00000000000049a0                strnlen_P
 .text.avr-libc
                0x00000000000049b6       0x16 /usr/lib/gcc/avr/5.4.0/../../../avr/lib/avr5/libc.a(strnlen.o)
                0x00000000000049b6                strnlen
 .text.avr-libc
                0x00000000000049cc       0x78 /usr/lib/gcc/avr/5.4.0/../../../avr/lib/avr5/libc.a(fputc.o)
                0x00000000000049cc                fputc
 .text.avr-libc
                0x0000000000004a44       0xbc /usr/lib/gcc/avr/5.4.0/../../../avr/lib/avr5/libc.a(ultoa_invert.o)
                0x0000000000004a44                __ultoa_invert
 .text.libgcc.mul
                0x0000000000004b00        0x0 /usr/lib/gcc/avr/5.4.0/avr5/libgcc.a(_prologue.o)
 .text.libgcc.div
                0x0000000000004b00        0x0 /usr/lib/gcc/avr/5.4.0/avr5/libgcc.a(_prologue.o)
 .text.libgcc   0x0000000000004b00        0x0 /usr/lib/gcc/avr/5.4.0/avr5/libgcc.a(_prologue.o)
 .text.libgcc.prologue
                0x0000000000004b00       0x38 /usr/lib/gcc/avr/5.4.0/avr5/libgcc.a(_prologue.o)
                0x0000000000004b00                __prologue_saves__
 .text.libgcc.builtins
                0x0000000000004b38        0x0 /usr/lib/gcc/avr/5.4.0/avr5/libgcc.a(_prologue.o)
 .text.libgcc.fmul
                0x0000000000004b38        0x0 /usr/lib/gcc/avr/5.4.0/avr5/libgcc.a(_prologue.o)
 .text.libgcc.fixed
                0x0000000000004b38        0x0 /usr/lib/gcc/avr/5.4.0/avr5/libgcc.a(_prologue.o)
 .text.libgcc.mul
                0x0000000000004b38        0x0 /usr/lib/gcc/avr/5.4.0/avr5/libgcc.a(_epilogue.o)
 .text.libgcc.div
                0x0000000000004b38        0x0 /usr/lib/gcc/avr/5.4.0/avr5/libgcc.a(_epilogue.o)
 .text.libgcc   0x0000000000004b38        0x0 /usr/lib/gcc/avr/5.4.0/avr5/libgcc.a(_epilogue.o)
 .text.libgcc.prologue
                0x0000000000004b38       0x36 /usr/lib/gcc/avr/5.4.0/avr5/libgcc.a(_epilogue.o)
                0x0000000000004b38                __epilogue_restores__
 .text.libgcc.builtins
                0x0000000000004b6e        0x0 /usr/lib/gcc/avr/5.4.0/avr5/libgcc.a(_epilogue.o)
 .text.libgcc.fmul
                0x0000000000004b6e        0x0 /usr/lib/gcc/avr/5.4.0/avr5/libgcc.a(_epilogue.o)
 .text.libgcc.fixed
                0x0000000000004b6e        0x0 /usr/lib/gcc/avr/5.4.0/avr5/libgcc.a(_epilogue.o)
                0x0000000000004b6e                . = ALIGN (0x2)
 *(.fini9)
 .fini9         0x0000000000004b6e        0x0 /usr/lib/gcc/avr/5.4.0/avr5/libgcc.a(_exit.o)
                0x0000000000004b6e                exit
                0x0000000000004b6e                _exit
 *(.fini9)
 *(.fini8)
 *(.fini8)
 *(.fini7)
 *(.fini7)
 *(.fini6)
 *(.fini6)
 *(.fini5)
 *(.fini5)
 *(.fini4)
 *(.fini4)
 *(.fini3)
 *(.fini3)
 *(.fini2)
 *(.fini2)
 *(.fini1)
 *(.fini1)
 *(.fini0)
 .fini0         0x0000000000004b6e        0x4 /usr/lib/gcc/avr/5.4.0/avr5/libgcc.a(_exit.o)
 *(.fini0)
                0x0000000000004b72                _etext = .

.data           0x0000000000800060       0x84 load address 0x0000000000004b72
                0x0000000000800060                PROVIDE (__data_start, .)
 *(.data)
 .data          0x0000000000800060        0x0 /usr/lib/gcc/avr/5.4.0/../../../avr/lib/avr5/crtatmega32.o
 .data          0x0000000000800060        0x0 ./SERIVICES/source/calculation_functions.o
 .data          0x0000000000800060        0x0 ./MCAL/TIMER0/soruce/TIMER.o
 .data          0x0000000000800060        0x0 ./MCAL/TIMER0/soruce/TIMER0_config.o
 .data          0x0000000000800060        0x0 ./MCAL/PORT/source/PORT.o
 .data          0x0000000000800060        0x0 ./MCAL/PORT/source/PORT_config.o
 .data          0x0000000000800060        0x0 ./MCAL/GIE/source/GIE.o
 .data          0x0000000000800060        0x0 ./MCAL/GIE/source/GIE_config.o
 .data          0x0000000000800060        0x0 ./MCAL/EXTI/source/EXTI.o
 .data          0x0000000000800060        0x0 ./MCAL/EXTI/source/EXTI_config.o
 .data          0x0000000000800060        0x0 ./MCAL/DIO/source/DIO.o
 .data          0x0000000000800060        0x0 ./MCAL/DIO/source/DIO_config.o
 .data          0x0000000000800060        0x0 ./MCAL/ADC/source/ADC.o
 .data          0x0000000000800060        0x0 ./MCAL/ADC/source/ADC_config.o
 .data          0x0000000000800060        0x0 ./HAL/source/SEVEN_SEGMENT/SEVEN_SEGMENT.o
 .data          0x0000000000800060        0x0 ./HAL/source/SEVEN_SEGMENT/SEVEN_SEGMENT_config.o
 .data          0x0000000000800060        0x0 ./HAL/source/LCD/LCD.o
 .data          0x0000000000800060        0x0 ./HAL/source/LCD/LCD_config.o
 .data          0x0000000000800060        0x0 ./HAL/source/KEYPAD/KEYPAD.o
 .data          0x0000000000800060        0x0 ./HAL/source/KEYPAD/KEYPAD_config.o
 .data          0x0000000000800060        0x0 ./HAL/source/BUTTON/BUTTON.o
 .data          0x0000000000800060        0x0 ./HAL/source/BUTTON/BUTTON_config.o
 .data          0x0000000000800060        0x0 ./APP/main.o
 .data          0x0000000000800060        0x0 /usr/lib/gcc/avr/5.4.0/avr5/libgcc.a(_mulsi3.o)
 .data          0x0000000000800060        0x0 /usr/lib/gcc/avr/5.4.0/avr5/libgcc.a(_exit.o)
 .data          0x0000000000800060        0x0 /usr/lib/gcc/avr/5.4.0/avr5/libgcc.a(_copy_data.o)
 .data          0x0000000000800060        0x0 /usr/lib/gcc/avr/5.4.0/avr5/libgcc.a(_clear_bss.o)
 .data          0x0000000000800060        0x0 /usr/lib/gcc/avr/5.4.0/avr5/libgcc.a(_muluhisi3.o)
 .data          0x0000000000800060        0x0 /usr/lib/gcc/avr/5.4.0/avr5/libgcc.a(_ashldi3.o)
 .data          0x0000000000800060        0x0 /usr/lib/gcc/avr/5.4.0/avr5/libgcc.a(_adddi3.o)
 .data          0x0000000000800060        0x0 /usr/lib/gcc/avr/5.4.0/avr5/libgcc.a(_umulhisi3.o)
 .data          0x0000000000800060        0x0 /usr/lib/gcc/avr/5.4.0/../../../avr/lib/avr5/libm.a(addsf3.o)
 .data          0x0000000000800060        0x0 /usr/lib/gcc/avr/5.4.0/../../../avr/lib/avr5/libm.a(addsf3x.o)
 .data          0x0000000000800060        0x0 /usr/lib/gcc/avr/5.4.0/../../../avr/lib/avr5/libm.a(cmpsf2.o)
 .data          0x0000000000800060        0x0 /usr/lib/gcc/avr/5.4.0/../../../avr/lib/avr5/libm.a(divsf3.o)
 .data          0x0000000000800060        0x0 /usr/lib/gcc/avr/5.4.0/../../../avr/lib/avr5/libm.a(divsf3x.o)
 .data          0x0000000000800060        0x0 /usr/lib/gcc/avr/5.4.0/../../../avr/lib/avr5/libm.a(fixsfsi.o)
 .data          0x0000000000800060        0x0 /usr/lib/gcc/avr/5.4.0/../../../avr/lib/avr5/libm.a(fixunssfsi.o)
 .data          0x0000000000800060        0x0 /usr/lib/gcc/avr/5.4.0/../../../avr/lib/avr5/libm.a(floatsisf.o)
 .data          0x0000000000800060        0x0 /usr/lib/gcc/avr/5.4.0/../../../avr/lib/avr5/libm.a(fp_cmp.o)
 .data          0x0000000000800060        0x0 /usr/lib/gcc/avr/5.4.0/../../../avr/lib/avr5/libm.a(fp_inf.o)
 .data          0x0000000000800060        0x0 /usr/lib/gcc/avr/5.4.0/../../../avr/lib/avr5/libm.a(fp_nan.o)
 .data          0x0000000000800060        0x0 /usr/lib/gcc/avr/5.4.0/../../../avr/lib/avr5/libm.a(fp_pscA.o)
 .data          0x0000000000800060        0x0 /usr/lib/gcc/avr/5.4.0/../../../avr/lib/avr5/libm.a(fp_pscB.o)
 .data          0x0000000000800060        0x0 /usr/lib/gcc/avr/5.4.0/../../../avr/lib/avr5/libm.a(fp_round.o)
 .data          0x0000000000800060        0x0 /usr/lib/gcc/avr/5.4.0/../../../avr/lib/avr5/libm.a(fp_split3.o)
 .data          0x0000000000800060        0x0 /usr/lib/gcc/avr/5.4.0/../../../avr/lib/avr5/libm.a(fp_zero.o)
 .data          0x0000000000800060        0x0 /usr/lib/gcc/avr/5.4.0/../../../avr/lib/avr5/libm.a(gesf2.o)
 .data          0x0000000000800060        0x0 /usr/lib/gcc/avr/5.4.0/../../../avr/lib/avr5/libm.a(mulsf3.o)
 .data          0x0000000000800060        0x0 /usr/lib/gcc/avr/5.4.0/../../../avr/lib/avr5/libm.a(mulsf3x.o)
 .data          0x0000000000800060        0x0 /usr/lib/gcc/avr/5.4.0/../../../avr/lib/avr5/libc.a(sprintf.o)
 .data          0x0000000000800060        0x0 /usr/lib/gcc/avr/5.4.0/../../../avr/lib/avr5/libc.a(vfprintf_std.o)
 .data          0x0000000000800060        0x0 /usr/lib/gcc/avr/5.4.0/../../../avr/lib/avr5/libc.a(strnlen_P.o)
 .data          0x0000000000800060        0x0 /usr/lib/gcc/avr/5.4.0/../../../avr/lib/avr5/libc.a(strnlen.o)
 .data          0x0000000000800060        0x0 /usr/lib/gcc/avr/5.4.0/../../../avr/lib/avr5/libc.a(fputc.o)
 .data          0x0000000000800060        0x0 /usr/lib/gcc/avr/5.4.0/../../../avr/lib/avr5/libc.a(ultoa_invert.o)
 .data          0x0000000000800060        0x0 /usr/lib/gcc/avr/5.4.0/avr5/libgcc.a(_prologue.o)
 .data          0x0000000000800060        0x0 /usr/lib/gcc/avr/5.4.0/avr5/libgcc.a(_epilogue.o)
 *(.data*)
 .data.Dio_DdraRegsiterArr
                0x0000000000800060        0x8 ./MCAL/PORT/source/PORT.o
 .data.Dio_PortRegistersArr
                0x0000000000800068        0x8 ./MCAL/PORT/source/PORT.o
 .data.Dio_DdraRegsiterArr
                0x0000000000800070        0x8 ./MCAL/DIO/source/DIO.o
 .data.Dio_PortRegistersArr
                0x0000000000800078        0x8 ./MCAL/DIO/source/DIO.o
 .data.Dio_PinRegistersArr
                0x0000000000800080        0x8 ./MCAL/DIO/source/DIO.o
 .data.Seven_Segment
                0x0000000000800088        0x4 ./HAL/source/SEVEN_SEGMENT/SEVEN_SEGMENT_config.o
                0x0000000000800088                Seven_Segment
 .data.Seven_SegmentCom4
                0x000000000080008c        0x1 ./HAL/source/SEVEN_SEGMENT/SEVEN_SEGMENT_config.o
                0x000000000080008c                Seven_SegmentCom4
 .data.Seven_SegmentCom3
                0x000000000080008d        0x1 ./HAL/source/SEVEN_SEGMENT/SEVEN_SEGMENT_config.o
                0x000000000080008d                Seven_SegmentCom3
 .data.Seven_SegmentCom2
                0x000000000080008e        0x1 ./HAL/source/SEVEN_SEGMENT/SEVEN_SEGMENT_config.o
                0x000000000080008e                Seven_SegmentCom2
 .data.Seven_SegmentCom1
                0x000000000080008f        0x1 ./HAL/source/SEVEN_SEGMENT/SEVEN_SEGMENT_config.o
                0x000000000080008f                Seven_SegmentCom1
 .data.Lcd      0x0000000000800090        0x7 ./HAL/source/LCD/LCD_config.o
                0x0000000000800090                Lcd
 .data.Keypad   0x0000000000800097        0xa ./HAL/source/KEYPAD/KEYPAD_config.o
                0x0000000000800097                Keypad
 .data.Inc_Button
                0x00000000008000a1        0x2 ./HAL/source/BUTTON/BUTTON_config.o
                0x00000000008000a1                Inc_Button
 .data.Dec_Button
                0x00000000008000a3        0x2 ./HAL/source/BUTTON/BUTTON_config.o
                0x00000000008000a3                Dec_Button
 .data.Reset_Button
                0x00000000008000a5        0x2 ./HAL/source/BUTTON/BUTTON_config.o
                0x00000000008000a5                Reset_Button
 .data.Timer0   0x00000000008000a7        0x3 ./APP/main.o
                0x00000000008000a7                Timer0
 .data.Keypad_Status
                0x00000000008000aa        0x1 ./APP/main.o
                0x00000000008000aa                Keypad_Status
 .data.Global_enuFlag
                0x00000000008000ab        0x1 ./APP/main.o
                0x00000000008000ab                Global_enuFlag
 *(.gnu.linkonce.d*)
 *(.rodata)
 .rodata        0x00000000008000ac        0xf ./SERIVICES/source/calculation_functions.o
 .rodata        0x00000000008000bb       0x18 ./APP/main.o
 *(.rodata*)
 .rodata.Keypad_Matrix
                0x00000000008000d3       0x10 ./HAL/source/KEYPAD/KEYPAD_config.o
                0x00000000008000d3                Keypad_Matrix
 *(.gnu.linkonce.r*)
                0x00000000008000e4                . = ALIGN (0x2)
 *fill*         0x00000000008000e3        0x1 
                0x00000000008000e4                _edata = .
                0x00000000008000e4                PROVIDE (__data_end, .)

.bss            0x00000000008000e4       0x87
                0x00000000008000e4                PROVIDE (__bss_start, .)
 *(.bss)
 .bss           0x00000000008000e4        0x0 /usr/lib/gcc/avr/5.4.0/../../../avr/lib/avr5/crtatmega32.o
 .bss           0x00000000008000e4        0x0 ./SERIVICES/source/calculation_functions.o
 .bss           0x00000000008000e4        0x0 ./MCAL/TIMER0/soruce/TIMER.o
 .bss           0x00000000008000e4        0x0 ./MCAL/TIMER0/soruce/TIMER0_config.o
 .bss           0x00000000008000e4        0x0 ./MCAL/PORT/source/PORT.o
 .bss           0x00000000008000e4        0x0 ./MCAL/PORT/source/PORT_config.o
 .bss           0x00000000008000e4        0x0 ./MCAL/GIE/source/GIE.o
 .bss           0x00000000008000e4        0x0 ./MCAL/GIE/source/GIE_config.o
 .bss           0x00000000008000e4        0x0 ./MCAL/EXTI/source/EXTI.o
 .bss           0x00000000008000e4        0x0 ./MCAL/EXTI/source/EXTI_config.o
 .bss           0x00000000008000e4        0x0 ./MCAL/DIO/source/DIO.o
 .bss           0x00000000008000e4        0x0 ./MCAL/DIO/source/DIO_config.o
 .bss           0x00000000008000e4        0x0 ./MCAL/ADC/source/ADC.o
 .bss           0x00000000008000e4        0x0 ./MCAL/ADC/source/ADC_config.o
 .bss           0x00000000008000e4        0x0 ./HAL/source/SEVEN_SEGMENT/SEVEN_SEGMENT.o
 .bss           0x00000000008000e4        0x0 ./HAL/source/SEVEN_SEGMENT/SEVEN_SEGMENT_config.o
 .bss           0x00000000008000e4        0x0 ./HAL/source/LCD/LCD.o
 .bss           0x00000000008000e4        0x0 ./HAL/source/LCD/LCD_config.o
 .bss           0x00000000008000e4        0x0 ./HAL/source/KEYPAD/KEYPAD.o
 .bss           0x00000000008000e4        0x0 ./HAL/source/KEYPAD/KEYPAD_config.o
 .bss           0x00000000008000e4        0x0 ./HAL/source/BUTTON/BUTTON.o
 .bss           0x00000000008000e4        0x0 ./HAL/source/BUTTON/BUTTON_config.o
 .bss           0x00000000008000e4        0x0 ./APP/main.o
 .bss           0x00000000008000e4        0x0 /usr/lib/gcc/avr/5.4.0/avr5/libgcc.a(_mulsi3.o)
 .bss           0x00000000008000e4        0x0 /usr/lib/gcc/avr/5.4.0/avr5/libgcc.a(_exit.o)
 .bss           0x00000000008000e4        0x0 /usr/lib/gcc/avr/5.4.0/avr5/libgcc.a(_copy_data.o)
 .bss           0x00000000008000e4        0x0 /usr/lib/gcc/avr/5.4.0/avr5/libgcc.a(_clear_bss.o)
 .bss           0x00000000008000e4        0x0 /usr/lib/gcc/avr/5.4.0/avr5/libgcc.a(_muluhisi3.o)
 .bss           0x00000000008000e4        0x0 /usr/lib/gcc/avr/5.4.0/avr5/libgcc.a(_ashldi3.o)
 .bss           0x00000000008000e4        0x0 /usr/lib/gcc/avr/5.4.0/avr5/libgcc.a(_adddi3.o)
 .bss           0x00000000008000e4        0x0 /usr/lib/gcc/avr/5.4.0/avr5/libgcc.a(_umulhisi3.o)
 .bss           0x00000000008000e4        0x0 /usr/lib/gcc/avr/5.4.0/../../../avr/lib/avr5/libm.a(addsf3.o)
 .bss           0x00000000008000e4        0x0 /usr/lib/gcc/avr/5.4.0/../../../avr/lib/avr5/libm.a(addsf3x.o)
 .bss           0x00000000008000e4        0x0 /usr/lib/gcc/avr/5.4.0/../../../avr/lib/avr5/libm.a(cmpsf2.o)
 .bss           0x00000000008000e4        0x0 /usr/lib/gcc/avr/5.4.0/../../../avr/lib/avr5/libm.a(divsf3.o)
 .bss           0x00000000008000e4        0x0 /usr/lib/gcc/avr/5.4.0/../../../avr/lib/avr5/libm.a(divsf3x.o)
 .bss           0x00000000008000e4        0x0 /usr/lib/gcc/avr/5.4.0/../../../avr/lib/avr5/libm.a(fixsfsi.o)
 .bss           0x00000000008000e4        0x0 /usr/lib/gcc/avr/5.4.0/../../../avr/lib/avr5/libm.a(fixunssfsi.o)
 .bss           0x00000000008000e4        0x0 /usr/lib/gcc/avr/5.4.0/../../../avr/lib/avr5/libm.a(floatsisf.o)
 .bss           0x00000000008000e4        0x0 /usr/lib/gcc/avr/5.4.0/../../../avr/lib/avr5/libm.a(fp_cmp.o)
 .bss           0x00000000008000e4        0x0 /usr/lib/gcc/avr/5.4.0/../../../avr/lib/avr5/libm.a(fp_inf.o)
 .bss           0x00000000008000e4        0x0 /usr/lib/gcc/avr/5.4.0/../../../avr/lib/avr5/libm.a(fp_nan.o)
 .bss           0x00000000008000e4        0x0 /usr/lib/gcc/avr/5.4.0/../../../avr/lib/avr5/libm.a(fp_pscA.o)
 .bss           0x00000000008000e4        0x0 /usr/lib/gcc/avr/5.4.0/../../../avr/lib/avr5/libm.a(fp_pscB.o)
 .bss           0x00000000008000e4        0x0 /usr/lib/gcc/avr/5.4.0/../../../avr/lib/avr5/libm.a(fp_round.o)
 .bss           0x00000000008000e4        0x0 /usr/lib/gcc/avr/5.4.0/../../../avr/lib/avr5/libm.a(fp_split3.o)
 .bss           0x00000000008000e4        0x0 /usr/lib/gcc/avr/5.4.0/../../../avr/lib/avr5/libm.a(fp_zero.o)
 .bss           0x00000000008000e4        0x0 /usr/lib/gcc/avr/5.4.0/../../../avr/lib/avr5/libm.a(gesf2.o)
 .bss           0x00000000008000e4        0x0 /usr/lib/gcc/avr/5.4.0/../../../avr/lib/avr5/libm.a(mulsf3.o)
 .bss           0x00000000008000e4        0x0 /usr/lib/gcc/avr/5.4.0/../../../avr/lib/avr5/libm.a(mulsf3x.o)
 .bss           0x00000000008000e4        0x0 /usr/lib/gcc/avr/5.4.0/../../../avr/lib/avr5/libc.a(sprintf.o)
 .bss           0x00000000008000e4        0x0 /usr/lib/gcc/avr/5.4.0/../../../avr/lib/avr5/libc.a(vfprintf_std.o)
 .bss           0x00000000008000e4        0x0 /usr/lib/gcc/avr/5.4.0/../../../avr/lib/avr5/libc.a(strnlen_P.o)
 .bss           0x00000000008000e4        0x0 /usr/lib/gcc/avr/5.4.0/../../../avr/lib/avr5/libc.a(strnlen.o)
 .bss           0x00000000008000e4        0x0 /usr/lib/gcc/avr/5.4.0/../../../avr/lib/avr5/libc.a(fputc.o)
 .bss           0x00000000008000e4        0x0 /usr/lib/gcc/avr/5.4.0/../../../avr/lib/avr5/libc.a(ultoa_invert.o)
 .bss           0x00000000008000e4        0x0 /usr/lib/gcc/avr/5.4.0/avr5/libgcc.a(_prologue.o)
 .bss           0x00000000008000e4        0x0 /usr/lib/gcc/avr/5.4.0/avr5/libgcc.a(_epilogue.o)
 *(.bss*)
 .bss.Timer0_OverflowInterruptHandler
                0x00000000008000e4        0x2 ./MCAL/TIMER0/soruce/TIMER.o
 .bss.Timer0_CompareInterruptHandler
                0x00000000008000e6        0x2 ./MCAL/TIMER0/soruce/TIMER.o
 .bss.Timer0_InitValue
                0x00000000008000e8        0x1 ./MCAL/TIMER0/soruce/TIMER.o
 .bss.Exti_InterruptHandler
                0x00000000008000e9        0x6 ./MCAL/EXTI/source/EXTI.o
 .bss.Adc_InterruptHandlerArr
                0x00000000008000ef       0x10 ./MCAL/ADC/source/ADC.o
 .bss.current_format
                0x00000000008000ff        0x1 ./MCAL/ADC/source/ADC.o
 .bss.Global_AdcInterruptIndex
                0x0000000000800100        0x1 ./MCAL/ADC/source/ADC.o
 .bss.Global_u8Index
                0x0000000000800101        0x1 ./APP/main.o
                0x0000000000800101                Global_u8Index
 .bss.Global_u8Mul_Divide_Operations
                0x0000000000800102        0x1 ./APP/main.o
                0x0000000000800102                Global_u8Mul_Divide_Operations
 .bss.Global_u8Mul_Divide_Inxdex
                0x0000000000800103        0x1 ./APP/main.o
                0x0000000000800103                Global_u8Mul_Divide_Inxdex
 .bss.Global_u8Operations
                0x0000000000800104        0x1 ./APP/main.o
                0x0000000000800104                Global_u8Operations
 .bss.counter.2226
                0x0000000000800105        0x1 ./APP/main.o
 *(COMMON)
 COMMON         0x0000000000800106       0x65 ./APP/main.o
                0x0000000000800106                Keypad_Result
                0x0000000000800107                Global_u8EquationArray
                0x000000000080016b                PROVIDE (__bss_end, .)
                0x0000000000004b72                __data_load_start = LOADADDR (.data)
                0x0000000000004bf6                __data_load_end = (__data_load_start + SIZEOF (.data))

.noinit         0x000000000080016b        0x0
                [!provide]                        PROVIDE (__noinit_start, .)
 *(.noinit*)
                [!provide]                        PROVIDE (__noinit_end, .)
                0x000000000080016b                _end = .
                [!provide]                        PROVIDE (__heap_start, .)

.eeprom         0x0000000000810000        0x0
 *(.eeprom*)
                0x0000000000810000                __eeprom_end = .

.fuse
 *(.fuse)
 *(.lfuse)
 *(.hfuse)
 *(.efuse)

.lock
 *(.lock*)

.signature
 *(.signature*)

.user_signatures
 *(.user_signatures*)

.stab           0x0000000000000000     0x9174
 *(.stab)
 .stab          0x0000000000000000      0xb70 ./SERIVICES/source/calculation_functions.o
 .stab          0x0000000000000b70      0x978 ./MCAL/TIMER0/soruce/TIMER.o
                                        0x984 (size before relaxing)
 .stab          0x00000000000014e8      0x270 ./MCAL/TIMER0/soruce/TIMER0_config.o
                                        0x27c (size before relaxing)
 .stab          0x0000000000001758      0x69c ./MCAL/PORT/source/PORT.o
                                        0x6a8 (size before relaxing)
 .stab          0x0000000000001df4      0x270 ./MCAL/PORT/source/PORT_config.o
                                        0x27c (size before relaxing)
 .stab          0x0000000000002064      0x54c ./MCAL/GIE/source/GIE.o
                                        0x558 (size before relaxing)
 .stab          0x00000000000025b0      0x270 ./MCAL/GIE/source/GIE_config.o
                                        0x27c (size before relaxing)
 .stab          0x0000000000002820      0x72c ./MCAL/EXTI/source/EXTI.o
                                        0x738 (size before relaxing)
 .stab          0x0000000000002f4c      0x270 ./MCAL/EXTI/source/EXTI_config.o
                                        0x27c (size before relaxing)
 .stab          0x00000000000031bc      0x7a4 ./MCAL/DIO/source/DIO.o
                                        0x7b0 (size before relaxing)
 .stab          0x0000000000003960      0x270 ./MCAL/DIO/source/DIO_config.o
                                        0x27c (size before relaxing)
 .stab          0x0000000000003bd0      0xc24 ./MCAL/ADC/source/ADC.o
                                        0xdbc (size before relaxing)
 .stab          0x00000000000047f4      0x270 ./MCAL/ADC/source/ADC_config.o
                                        0x27c (size before relaxing)
 .stab          0x0000000000004a64      0x4b0 ./HAL/source/SEVEN_SEGMENT/SEVEN_SEGMENT.o
                                        0x4bc (size before relaxing)
 .stab          0x0000000000004f14      0x2d0 ./HAL/source/SEVEN_SEGMENT/SEVEN_SEGMENT_config.o
                                        0x3e4 (size before relaxing)
 .stab          0x00000000000051e4     0x1440 ./HAL/source/LCD/LCD.o
                                       0x15e4 (size before relaxing)
 .stab          0x0000000000006624      0x2a0 ./HAL/source/LCD/LCD_config.o
                                        0x3a8 (size before relaxing)
 .stab          0x00000000000068c4      0x7a4 ./HAL/source/KEYPAD/KEYPAD.o
                                        0x7b0 (size before relaxing)
 .stab          0x0000000000007068      0x2ac ./HAL/source/KEYPAD/KEYPAD_config.o
                                        0x3d8 (size before relaxing)
 .stab          0x0000000000007314      0x4bc ./HAL/source/BUTTON/BUTTON.o
                                        0x4c8 (size before relaxing)
 .stab          0x00000000000077d0      0x2b8 ./HAL/source/BUTTON/BUTTON_config.o
                                        0x3e4 (size before relaxing)
 .stab          0x0000000000007a88     0x16ec ./APP/main.o
                                       0x1890 (size before relaxing)

.stabstr        0x0000000000000000     0x56c5
 *(.stabstr)
 .stabstr       0x0000000000000000     0x56c5 ./SERIVICES/source/calculation_functions.o

.stab.excl
 *(.stab.excl)

.stab.exclstr
 *(.stab.exclstr)

.stab.index
 *(.stab.index)

.stab.indexstr
 *(.stab.indexstr)

.comment        0x0000000000000000       0x11
 *(.comment)
 .comment       0x0000000000000000       0x11 ./SERIVICES/source/calculation_functions.o
                                         0x12 (size before relaxing)
 .comment       0x0000000000000011       0x12 ./MCAL/TIMER0/soruce/TIMER.o
 .comment       0x0000000000000011       0x12 ./MCAL/TIMER0/soruce/TIMER0_config.o
 .comment       0x0000000000000011       0x12 ./MCAL/PORT/source/PORT.o
 .comment       0x0000000000000011       0x12 ./MCAL/PORT/source/PORT_config.o
 .comment       0x0000000000000011       0x12 ./MCAL/GIE/source/GIE.o
 .comment       0x0000000000000011       0x12 ./MCAL/GIE/source/GIE_config.o
 .comment       0x0000000000000011       0x12 ./MCAL/EXTI/source/EXTI.o
 .comment       0x0000000000000011       0x12 ./MCAL/EXTI/source/EXTI_config.o
 .comment       0x0000000000000011       0x12 ./MCAL/DIO/source/DIO.o
 .comment       0x0000000000000011       0x12 ./MCAL/DIO/source/DIO_config.o
 .comment       0x0000000000000011       0x12 ./MCAL/ADC/source/ADC.o
 .comment       0x0000000000000011       0x12 ./MCAL/ADC/source/ADC_config.o
 .comment       0x0000000000000011       0x12 ./HAL/source/SEVEN_SEGMENT/SEVEN_SEGMENT.o
 .comment       0x0000000000000011       0x12 ./HAL/source/SEVEN_SEGMENT/SEVEN_SEGMENT_config.o
 .comment       0x0000000000000011       0x12 ./HAL/source/LCD/LCD.o
 .comment       0x0000000000000011       0x12 ./HAL/source/LCD/LCD_config.o
 .comment       0x0000000000000011       0x12 ./HAL/source/KEYPAD/KEYPAD.o
 .comment       0x0000000000000011       0x12 ./HAL/source/KEYPAD/KEYPAD_config.o
 .comment       0x0000000000000011       0x12 ./HAL/source/BUTTON/BUTTON.o
 .comment       0x0000000000000011       0x12 ./HAL/source/BUTTON/BUTTON_config.o
 .comment       0x0000000000000011       0x12 ./APP/main.o
 .comment       0x0000000000000011       0x12 /usr/lib/gcc/avr/5.4.0/../../../avr/lib/avr5/libc.a(sprintf.o)
 .comment       0x0000000000000011       0x12 /usr/lib/gcc/avr/5.4.0/../../../avr/lib/avr5/libc.a(vfprintf_std.o)
 .comment       0x0000000000000011       0x12 /usr/lib/gcc/avr/5.4.0/../../../avr/lib/avr5/libc.a(fputc.o)

.note.gnu.avr.deviceinfo
                0x0000000000000000       0x3c
 .note.gnu.avr.deviceinfo
                0x0000000000000000       0x3c /usr/lib/gcc/avr/5.4.0/../../../avr/lib/avr5/crtatmega32.o

.note.gnu.build-id
 *(.note.gnu.build-id)

.debug
 *(.debug)

.line
 *(.line)

.debug_srcinfo
 *(.debug_srcinfo)

.debug_sfnames
 *(.debug_sfnames)

.debug_aranges
 *(.debug_aranges)

.debug_pubnames
 *(.debug_pubnames)

.debug_info     0x0000000000000000      0x4e6
 *(.debug_info .gnu.linkonce.wi.*)
 .debug_info    0x0000000000000000      0x4e6 /usr/lib/gcc/avr/5.4.0/../../../avr/lib/avr5/crtatmega32.o

.debug_abbrev   0x0000000000000000      0x4a3
 *(.debug_abbrev)
 .debug_abbrev  0x0000000000000000      0x4a3 /usr/lib/gcc/avr/5.4.0/../../../avr/lib/avr5/crtatmega32.o

.debug_line     0x0000000000000000       0x1a
 *(.debug_line .debug_line.* .debug_line_end)
 .debug_line    0x0000000000000000       0x1a /usr/lib/gcc/avr/5.4.0/../../../avr/lib/avr5/crtatmega32.o

.debug_frame
 *(.debug_frame)

.debug_str      0x0000000000000000      0x196
 *(.debug_str)
 .debug_str     0x0000000000000000      0x196 /usr/lib/gcc/avr/5.4.0/../../../avr/lib/avr5/crtatmega32.o

.debug_loc
 *(.debug_loc)

.debug_macinfo
 *(.debug_macinfo)

.debug_weaknames
 *(.debug_weaknames)

.debug_funcnames
 *(.debug_funcnames)

.debug_typenames
 *(.debug_typenames)

.debug_varnames
 *(.debug_varnames)

.debug_pubtypes
 *(.debug_pubtypes)

.debug_ranges
 *(.debug_ranges)

.debug_macro
 *(.debug_macro)
OUTPUT(NTI_Atmega32.elf elf32-avr)
LOAD linker stubs
