Archive member included to satisfy reference by file (symbol)

/usr/lib/gcc/avr/5.4.0/avr5/libgcc.a(_exit.o)
                              /usr/lib/gcc/avr/5.4.0/../../../avr/lib/avr5/crtatmega32.o (exit)
/usr/lib/gcc/avr/5.4.0/avr5/libgcc.a(_copy_data.o)
                              ./SERIVICES/source/calculation_functions.o (__do_copy_data)
/usr/lib/gcc/avr/5.4.0/avr5/libgcc.a(_clear_bss.o)
                              ./MCAL/EXTI/source/EXTI.o (__do_clear_bss)
/usr/lib/gcc/avr/5.4.0/avr5/libgcc.a(_ashldi3.o)
                              ./SERIVICES/source/calculation_functions.o (__ashldi3)
/usr/lib/gcc/avr/5.4.0/avr5/libgcc.a(_adddi3.o)
                              ./SERIVICES/source/calculation_functions.o (__adddi3)
/usr/lib/gcc/avr/5.4.0/../../../avr/lib/avr5/libm.a(addsf3.o)
                              ./HAL/source/LCD/LCD.o (__addsf3)
/usr/lib/gcc/avr/5.4.0/../../../avr/lib/avr5/libm.a(addsf3x.o)
                              /usr/lib/gcc/avr/5.4.0/../../../avr/lib/avr5/libm.a(addsf3.o) (__addsf3x)
/usr/lib/gcc/avr/5.4.0/../../../avr/lib/avr5/libm.a(cmpsf2.o)
                              ./HAL/source/LCD/LCD.o (__ltsf2)
/usr/lib/gcc/avr/5.4.0/../../../avr/lib/avr5/libm.a(divsf3.o)
                              ./HAL/source/LCD/LCD.o (__divsf3)
/usr/lib/gcc/avr/5.4.0/../../../avr/lib/avr5/libm.a(divsf3x.o)
                              /usr/lib/gcc/avr/5.4.0/../../../avr/lib/avr5/libm.a(divsf3.o) (__divsf3x)
/usr/lib/gcc/avr/5.4.0/../../../avr/lib/avr5/libm.a(fixunssfsi.o)
                              ./HAL/source/LCD/LCD.o (__fixunssfsi)
/usr/lib/gcc/avr/5.4.0/../../../avr/lib/avr5/libm.a(fp_cmp.o)
                              /usr/lib/gcc/avr/5.4.0/../../../avr/lib/avr5/libm.a(cmpsf2.o) (__fp_cmp)
/usr/lib/gcc/avr/5.4.0/../../../avr/lib/avr5/libm.a(fp_inf.o)
                              /usr/lib/gcc/avr/5.4.0/../../../avr/lib/avr5/libm.a(addsf3x.o) (__fp_inf)
/usr/lib/gcc/avr/5.4.0/../../../avr/lib/avr5/libm.a(fp_nan.o)
                              /usr/lib/gcc/avr/5.4.0/../../../avr/lib/avr5/libm.a(addsf3x.o) (__fp_nan)
/usr/lib/gcc/avr/5.4.0/../../../avr/lib/avr5/libm.a(fp_pscA.o)
                              /usr/lib/gcc/avr/5.4.0/../../../avr/lib/avr5/libm.a(addsf3x.o) (__fp_pscA)
/usr/lib/gcc/avr/5.4.0/../../../avr/lib/avr5/libm.a(fp_pscB.o)
                              /usr/lib/gcc/avr/5.4.0/../../../avr/lib/avr5/libm.a(addsf3x.o) (__fp_pscB)
/usr/lib/gcc/avr/5.4.0/../../../avr/lib/avr5/libm.a(fp_round.o)
                              /usr/lib/gcc/avr/5.4.0/../../../avr/lib/avr5/libm.a(addsf3.o) (__fp_round)
/usr/lib/gcc/avr/5.4.0/../../../avr/lib/avr5/libm.a(fp_split3.o)
                              /usr/lib/gcc/avr/5.4.0/../../../avr/lib/avr5/libm.a(addsf3x.o) (__fp_split3)
/usr/lib/gcc/avr/5.4.0/../../../avr/lib/avr5/libm.a(fp_zero.o)
                              /usr/lib/gcc/avr/5.4.0/../../../avr/lib/avr5/libm.a(addsf3x.o) (__fp_zero)
/usr/lib/gcc/avr/5.4.0/../../../avr/lib/avr5/libm.a(gesf2.o)
                              ./HAL/source/LCD/LCD.o (__gtsf2)
/usr/lib/gcc/avr/5.4.0/../../../avr/lib/avr5/libm.a(mulsf3.o)
                              ./HAL/source/LCD/LCD.o (__mulsf3)
/usr/lib/gcc/avr/5.4.0/../../../avr/lib/avr5/libm.a(mulsf3x.o)
                              /usr/lib/gcc/avr/5.4.0/../../../avr/lib/avr5/libm.a(mulsf3.o) (__mulsf3x)
/usr/lib/gcc/avr/5.4.0/../../../avr/lib/avr5/libc.a(sprintf.o)
                              ./SERIVICES/source/calculation_functions.o (sprintf)
/usr/lib/gcc/avr/5.4.0/../../../avr/lib/avr5/libc.a(vfprintf_std.o)
                              /usr/lib/gcc/avr/5.4.0/../../../avr/lib/avr5/libc.a(sprintf.o) (vfprintf)
/usr/lib/gcc/avr/5.4.0/../../../avr/lib/avr5/libc.a(strnlen_P.o)
                              /usr/lib/gcc/avr/5.4.0/../../../avr/lib/avr5/libc.a(vfprintf_std.o) (strnlen_P)
/usr/lib/gcc/avr/5.4.0/../../../avr/lib/avr5/libc.a(strnlen.o)
                              /usr/lib/gcc/avr/5.4.0/../../../avr/lib/avr5/libc.a(vfprintf_std.o) (strnlen)
/usr/lib/gcc/avr/5.4.0/../../../avr/lib/avr5/libc.a(fputc.o)
                              /usr/lib/gcc/avr/5.4.0/../../../avr/lib/avr5/libc.a(vfprintf_std.o) (fputc)
/usr/lib/gcc/avr/5.4.0/../../../avr/lib/avr5/libc.a(ultoa_invert.o)
                              /usr/lib/gcc/avr/5.4.0/../../../avr/lib/avr5/libc.a(vfprintf_std.o) (__ultoa_invert)
/usr/lib/gcc/avr/5.4.0/avr5/libgcc.a(_prologue.o)
                              /usr/lib/gcc/avr/5.4.0/../../../avr/lib/avr5/libc.a(sprintf.o) (__prologue_saves__)
/usr/lib/gcc/avr/5.4.0/avr5/libgcc.a(_epilogue.o)
                              /usr/lib/gcc/avr/5.4.0/../../../avr/lib/avr5/libc.a(sprintf.o) (__epilogue_restores__)

Memory Configuration

Name             Origin             Length             Attributes
text             0x0000000000000000 0x0000000000020000 xr
data             0x0000000000800060 0x000000000000ffa0 rw !x
eeprom           0x0000000000810000 0x0000000000010000 rw !x
fuse             0x0000000000820000 0x0000000000000002 rw !x
lock             0x0000000000830000 0x0000000000000400 rw !x
signature        0x0000000000840000 0x0000000000000400 rw !x
user_signatures  0x0000000000850000 0x0000000000000400 rw !x
*default*        0x0000000000000000 0xffffffffffffffff

Linker script and memory map

LOAD /usr/lib/gcc/avr/5.4.0/../../../avr/lib/avr5/crtatmega32.o
LOAD ./SERIVICES/source/calculation_functions.o
LOAD ./MCAL/PORT/source/PORT.o
LOAD ./MCAL/PORT/source/PORT_config.o
LOAD ./MCAL/GIE/source/GIE.o
LOAD ./MCAL/GIE/source/GIE_config.o
LOAD ./MCAL/EXTI/source/EXTI.o
LOAD ./MCAL/EXTI/source/EXTI_config.o
LOAD ./MCAL/DIO/source/DIO.o
LOAD ./MCAL/DIO/source/DIO_config.o
LOAD ./HAL/source/LCD/LCD.o
LOAD ./HAL/source/LCD/LCD_config.o
LOAD ./HAL/source/KEYPAD/KEYPAD.o
LOAD ./HAL/source/KEYPAD/KEYPAD_config.o
LOAD ./APP/main.o
START GROUP
LOAD /usr/lib/gcc/avr/5.4.0/avr5/libgcc.a
LOAD /usr/lib/gcc/avr/5.4.0/../../../avr/lib/avr5/libm.a
LOAD /usr/lib/gcc/avr/5.4.0/../../../avr/lib/avr5/libc.a
LOAD /usr/lib/gcc/avr/5.4.0/../../../avr/lib/avr5/libatmega32.a
END GROUP
                0x0000000000000000                __TEXT_REGION_ORIGIN__ = DEFINED (__TEXT_REGION_ORIGIN__)?__TEXT_REGION_ORIGIN__:0x0
                0x0000000000800060                __DATA_REGION_ORIGIN__ = DEFINED (__DATA_REGION_ORIGIN__)?__DATA_REGION_ORIGIN__:0x800060
                0x0000000000020000                __TEXT_REGION_LENGTH__ = DEFINED (__TEXT_REGION_LENGTH__)?__TEXT_REGION_LENGTH__:0x20000
                0x000000000000ffa0                __DATA_REGION_LENGTH__ = DEFINED (__DATA_REGION_LENGTH__)?__DATA_REGION_LENGTH__:0xffa0
                0x0000000000010000                __EEPROM_REGION_LENGTH__ = DEFINED (__EEPROM_REGION_LENGTH__)?__EEPROM_REGION_LENGTH__:0x10000
                [0x0000000000000002]                __FUSE_REGION_LENGTH__ = DEFINED (__FUSE_REGION_LENGTH__)?__FUSE_REGION_LENGTH__:0x400
                0x0000000000000400                __LOCK_REGION_LENGTH__ = DEFINED (__LOCK_REGION_LENGTH__)?__LOCK_REGION_LENGTH__:0x400
                0x0000000000000400                __SIGNATURE_REGION_LENGTH__ = DEFINED (__SIGNATURE_REGION_LENGTH__)?__SIGNATURE_REGION_LENGTH__:0x400
                0x0000000000000400                __USER_SIGNATURE_REGION_LENGTH__ = DEFINED (__USER_SIGNATURE_REGION_LENGTH__)?__USER_SIGNATURE_REGION_LENGTH__:0x400

.hash
 *(.hash)

.dynsym
 *(.dynsym)

.dynstr
 *(.dynstr)

.gnu.version
 *(.gnu.version)

.gnu.version_d
 *(.gnu.version_d)

.gnu.version_r
 *(.gnu.version_r)

.rel.init
 *(.rel.init)

.rela.init
 *(.rela.init)

.rel.text
 *(.rel.text)
 *(.rel.text.*)
 *(.rel.gnu.linkonce.t*)

.rela.text
 *(.rela.text)
 *(.rela.text.*)
 *(.rela.gnu.linkonce.t*)

.rel.fini
 *(.rel.fini)

.rela.fini
 *(.rela.fini)

.rel.rodata
 *(.rel.rodata)
 *(.rel.rodata.*)
 *(.rel.gnu.linkonce.r*)

.rela.rodata
 *(.rela.rodata)
 *(.rela.rodata.*)
 *(.rela.gnu.linkonce.r*)

.rel.data
 *(.rel.data)
 *(.rel.data.*)
 *(.rel.gnu.linkonce.d*)

.rela.data
 *(.rela.data)
 *(.rela.data.*)
 *(.rela.gnu.linkonce.d*)

.rel.ctors
 *(.rel.ctors)

.rela.ctors
 *(.rela.ctors)

.rel.dtors
 *(.rel.dtors)

.rela.dtors
 *(.rela.dtors)

.rel.got
 *(.rel.got)

.rela.got
 *(.rela.got)

.rel.bss
 *(.rel.bss)

.rela.bss
 *(.rela.bss)

.rel.plt
 *(.rel.plt)

.rela.plt
 *(.rela.plt)

.text           0x0000000000000000     0x2852
 *(.vectors)
 .vectors       0x0000000000000000       0x54 /usr/lib/gcc/avr/5.4.0/../../../avr/lib/avr5/crtatmega32.o
                0x0000000000000000                __vectors
                0x0000000000000000                __vector_default
 *(.vectors)
 *(.progmem.gcc*)
                0x0000000000000054                . = ALIGN (0x2)
                0x0000000000000054                __trampolines_start = .
 *(.trampolines)
 .trampolines   0x0000000000000054        0x0 linker stubs
 *(.trampolines*)
                0x0000000000000054                __trampolines_end = .
 *libprintf_flt.a:*(.progmem.data)
 *libc.a:*(.progmem.data)
 *(.progmem*)
                0x0000000000000054                . = ALIGN (0x2)
 *(.jumptables)
 *(.jumptables*)
 *(.lowtext)
 *(.lowtext*)
                0x0000000000000054                __ctors_start = .
 *(.ctors)
                0x0000000000000054                __ctors_end = .
                0x0000000000000054                __dtors_start = .
 *(.dtors)
                0x0000000000000054                __dtors_end = .
 SORT(*)(.ctors)
 SORT(*)(.dtors)
 *(.init0)
 .init0         0x0000000000000054        0x0 /usr/lib/gcc/avr/5.4.0/../../../avr/lib/avr5/crtatmega32.o
                0x0000000000000054                __init
 *(.init0)
 *(.init1)
 *(.init1)
 *(.init2)
 .init2         0x0000000000000054        0xc /usr/lib/gcc/avr/5.4.0/../../../avr/lib/avr5/crtatmega32.o
 *(.init2)
 *(.init3)
 *(.init3)
 *(.init4)
 .init4         0x0000000000000060       0x16 /usr/lib/gcc/avr/5.4.0/avr5/libgcc.a(_copy_data.o)
                0x0000000000000060                __do_copy_data
 .init4         0x0000000000000076       0x10 /usr/lib/gcc/avr/5.4.0/avr5/libgcc.a(_clear_bss.o)
                0x0000000000000076                __do_clear_bss
 *(.init4)
 *(.init5)
 *(.init5)
 *(.init6)
 *(.init6)
 *(.init7)
 *(.init7)
 *(.init8)
 *(.init8)
 *(.init9)
 .init9         0x0000000000000086        0x8 /usr/lib/gcc/avr/5.4.0/../../../avr/lib/avr5/crtatmega32.o
 *(.init9)
 *(.text)
 .text          0x000000000000008e        0x4 /usr/lib/gcc/avr/5.4.0/../../../avr/lib/avr5/crtatmega32.o
                0x000000000000008e                __vector_12
                0x000000000000008e                __bad_interrupt
                0x000000000000008e                __vector_6
                0x000000000000008e                __vector_11
                0x000000000000008e                __vector_13
                0x000000000000008e                __vector_17
                0x000000000000008e                __vector_19
                0x000000000000008e                __vector_7
                0x000000000000008e                __vector_5
                0x000000000000008e                __vector_4
                0x000000000000008e                __vector_9
                0x000000000000008e                __vector_15
                0x000000000000008e                __vector_8
                0x000000000000008e                __vector_14
                0x000000000000008e                __vector_10
                0x000000000000008e                __vector_16
                0x000000000000008e                __vector_18
                0x000000000000008e                __vector_20
 .text          0x0000000000000092        0x0 ./SERIVICES/source/calculation_functions.o
 .text          0x0000000000000092        0x0 ./MCAL/PORT/source/PORT.o
 .text          0x0000000000000092        0x0 ./MCAL/PORT/source/PORT_config.o
 .text          0x0000000000000092        0x0 ./MCAL/GIE/source/GIE.o
 .text          0x0000000000000092        0x0 ./MCAL/GIE/source/GIE_config.o
 .text          0x0000000000000092        0x0 ./MCAL/EXTI/source/EXTI.o
 .text          0x0000000000000092        0x0 ./MCAL/EXTI/source/EXTI_config.o
 .text          0x0000000000000092        0x0 ./MCAL/DIO/source/DIO.o
 .text          0x0000000000000092        0x0 ./MCAL/DIO/source/DIO_config.o
 .text          0x0000000000000092        0x0 ./HAL/source/LCD/LCD.o
 .text          0x0000000000000092        0x0 ./HAL/source/LCD/LCD_config.o
 .text          0x0000000000000092        0x0 ./HAL/source/KEYPAD/KEYPAD.o
 .text          0x0000000000000092        0x0 ./HAL/source/KEYPAD/KEYPAD_config.o
 .text          0x0000000000000092        0x0 ./APP/main.o
 .text          0x0000000000000092        0x0 /usr/lib/gcc/avr/5.4.0/avr5/libgcc.a(_exit.o)
 .text          0x0000000000000092        0x0 /usr/lib/gcc/avr/5.4.0/avr5/libgcc.a(_copy_data.o)
 .text          0x0000000000000092        0x0 /usr/lib/gcc/avr/5.4.0/avr5/libgcc.a(_clear_bss.o)
 .text          0x0000000000000092        0x0 /usr/lib/gcc/avr/5.4.0/avr5/libgcc.a(_ashldi3.o)
 .text          0x0000000000000092        0x0 /usr/lib/gcc/avr/5.4.0/avr5/libgcc.a(_adddi3.o)
 .text          0x0000000000000092        0x0 /usr/lib/gcc/avr/5.4.0/../../../avr/lib/avr5/libm.a(addsf3.o)
 .text          0x0000000000000092        0x0 /usr/lib/gcc/avr/5.4.0/../../../avr/lib/avr5/libm.a(addsf3x.o)
 .text          0x0000000000000092        0x0 /usr/lib/gcc/avr/5.4.0/../../../avr/lib/avr5/libm.a(cmpsf2.o)
 .text          0x0000000000000092        0x0 /usr/lib/gcc/avr/5.4.0/../../../avr/lib/avr5/libm.a(divsf3.o)
 .text          0x0000000000000092        0x0 /usr/lib/gcc/avr/5.4.0/../../../avr/lib/avr5/libm.a(divsf3x.o)
 .text          0x0000000000000092        0x0 /usr/lib/gcc/avr/5.4.0/../../../avr/lib/avr5/libm.a(fixunssfsi.o)
 .text          0x0000000000000092        0x0 /usr/lib/gcc/avr/5.4.0/../../../avr/lib/avr5/libm.a(fp_cmp.o)
 .text          0x0000000000000092        0x0 /usr/lib/gcc/avr/5.4.0/../../../avr/lib/avr5/libm.a(fp_inf.o)
 .text          0x0000000000000092        0x0 /usr/lib/gcc/avr/5.4.0/../../../avr/lib/avr5/libm.a(fp_nan.o)
 .text          0x0000000000000092        0x0 /usr/lib/gcc/avr/5.4.0/../../../avr/lib/avr5/libm.a(fp_pscA.o)
 .text          0x0000000000000092        0x0 /usr/lib/gcc/avr/5.4.0/../../../avr/lib/avr5/libm.a(fp_pscB.o)
 .text          0x0000000000000092        0x0 /usr/lib/gcc/avr/5.4.0/../../../avr/lib/avr5/libm.a(fp_round.o)
 .text          0x0000000000000092        0x0 /usr/lib/gcc/avr/5.4.0/../../../avr/lib/avr5/libm.a(fp_split3.o)
 .text          0x0000000000000092        0x0 /usr/lib/gcc/avr/5.4.0/../../../avr/lib/avr5/libm.a(fp_zero.o)
 .text          0x0000000000000092        0x0 /usr/lib/gcc/avr/5.4.0/../../../avr/lib/avr5/libm.a(gesf2.o)
 .text          0x0000000000000092        0x0 /usr/lib/gcc/avr/5.4.0/../../../avr/lib/avr5/libm.a(mulsf3.o)
 .text          0x0000000000000092        0x0 /usr/lib/gcc/avr/5.4.0/../../../avr/lib/avr5/libm.a(mulsf3x.o)
 .text          0x0000000000000092        0x0 /usr/lib/gcc/avr/5.4.0/../../../avr/lib/avr5/libc.a(sprintf.o)
 .text          0x0000000000000092        0x0 /usr/lib/gcc/avr/5.4.0/../../../avr/lib/avr5/libc.a(vfprintf_std.o)
 .text          0x0000000000000092        0x0 /usr/lib/gcc/avr/5.4.0/../../../avr/lib/avr5/libc.a(strnlen_P.o)
 .text          0x0000000000000092        0x0 /usr/lib/gcc/avr/5.4.0/../../../avr/lib/avr5/libc.a(strnlen.o)
 .text          0x0000000000000092        0x0 /usr/lib/gcc/avr/5.4.0/../../../avr/lib/avr5/libc.a(fputc.o)
 .text          0x0000000000000092        0x0 /usr/lib/gcc/avr/5.4.0/../../../avr/lib/avr5/libc.a(ultoa_invert.o)
 .text          0x0000000000000092        0x0 /usr/lib/gcc/avr/5.4.0/avr5/libgcc.a(_prologue.o)
 .text          0x0000000000000092        0x0 /usr/lib/gcc/avr/5.4.0/avr5/libgcc.a(_epilogue.o)
                0x0000000000000092                . = ALIGN (0x2)
 *(.text.*)
 .text.Convert_IntToString
                0x0000000000000092       0x64 ./SERIVICES/source/calculation_functions.o
                0x0000000000000092                Convert_IntToString
 .text.Convert_FloatToString
                0x00000000000000f6       0x7e ./SERIVICES/source/calculation_functions.o
                0x00000000000000f6                Convert_FloatToString
 .text.Convert_StringToInt
                0x0000000000000174      0x202 ./SERIVICES/source/calculation_functions.o
                0x0000000000000174                Convert_StringToInt
 .text.Port_voidInit
                0x0000000000000376       0x58 ./MCAL/PORT/source/PORT.o
                0x0000000000000376                Port_voidInit
 .text.Port_enuSetPinDirection
                0x00000000000003ce       0xf4 ./MCAL/PORT/source/PORT.o
                0x00000000000003ce                Port_enuSetPinDirection
 .text.Port_enuSetPinMode
                0x00000000000004c2      0x2c8 ./MCAL/PORT/source/PORT.o
                0x00000000000004c2                Port_enuSetPinMode
 .text.Gie_enuEnableGlobalInterrupt
                0x000000000000078a       0x28 ./MCAL/GIE/source/GIE.o
                0x000000000000078a                Gie_enuEnableGlobalInterrupt
 .text.Gie_enuDisableGlobalInterrupt
                0x00000000000007b2       0x28 ./MCAL/GIE/source/GIE.o
                0x00000000000007b2                Gie_enuDisableGlobalInterrupt
 .text.Gie_enuSetGloablInterrupt
                0x00000000000007da       0x40 ./MCAL/GIE/source/GIE.o
                0x00000000000007da                Gie_enuSetGloablInterrupt
 .text.Gie_enuGetGloablInterrupt
                0x000000000000081a       0x4a ./MCAL/GIE/source/GIE.o
                0x000000000000081a                Gie_enuGetGloablInterrupt
 .text.Exti_enuEnable
                0x0000000000000864      0x14c ./MCAL/EXTI/source/EXTI.o
                0x0000000000000864                Exti_enuEnable
 .text.Exti_enuDisable
                0x00000000000009b0       0x7c ./MCAL/EXTI/source/EXTI.o
                0x00000000000009b0                Exti_enuDisable
 .text.Exti_enuSetCallbackFunction
                0x0000000000000a2c       0x58 ./MCAL/EXTI/source/EXTI.o
                0x0000000000000a2c                Exti_enuSetCallbackFunction
 .text.__vector_1
                0x0000000000000a84       0x6e ./MCAL/EXTI/source/EXTI.o
                0x0000000000000a84                __vector_1
 .text.__vector_2
                0x0000000000000af2       0x6e ./MCAL/EXTI/source/EXTI.o
                0x0000000000000af2                __vector_2
 .text.__vector_3
                0x0000000000000b60       0x6e ./MCAL/EXTI/source/EXTI.o
                0x0000000000000b60                __vector_3
 .text.Dio_enuWriteChannel
                0x0000000000000bce       0xde ./MCAL/DIO/source/DIO.o
                0x0000000000000bce                Dio_enuWriteChannel
 .text.Dio_enuReadChannel
                0x0000000000000cac       0xc6 ./MCAL/DIO/source/DIO.o
                0x0000000000000cac                Dio_enuReadChannel
 .text.Dio_enuWritePort
                0x0000000000000d72       0x68 ./MCAL/DIO/source/DIO.o
                0x0000000000000d72                Dio_enuWritePort
 .text.Dio_enuReadPort
                0x0000000000000dda       0x80 ./MCAL/DIO/source/DIO.o
                0x0000000000000dda                Dio_enuReadPort
 .text.Dio_enuFlipChannel
                0x0000000000000e5a       0xbe ./MCAL/DIO/source/DIO.o
                0x0000000000000e5a                Dio_enuFlipChannel
 .text.Lcd_4bit_enuInit
                0x0000000000000f18      0x45a ./HAL/source/LCD/LCD.o
                0x0000000000000f18                Lcd_4bit_enuInit
 .text.Lcd_4bit_enuSendCommand
                0x0000000000001372       0x7c ./HAL/source/LCD/LCD.o
                0x0000000000001372                Lcd_4bit_enuSendCommand
 .text.Lcd_4bit_enuDisplayCharacter
                0x00000000000013ee       0x76 ./HAL/source/LCD/LCD.o
                0x00000000000013ee                Lcd_4bit_enuDisplayCharacter
 .text.Lcd_4bit_enuDisplayCharacterWithPosition
                0x0000000000001464       0x8e ./HAL/source/LCD/LCD.o
                0x0000000000001464                Lcd_4bit_enuDisplayCharacterWithPosition
 .text.Lcd_4bit_enuCreateCustomCharacter
                0x00000000000014f2       0xac ./HAL/source/LCD/LCD.o
                0x00000000000014f2                Lcd_4bit_enuCreateCustomCharacter
 .text.Lcd_4bit_enuGoToXY
                0x000000000000159e       0xe4 ./HAL/source/LCD/LCD.o
                0x000000000000159e                Lcd_4bit_enuGoToXY
 .text.Lcd_4bit_enuDisplayString
                0x0000000000001682       0x7e ./HAL/source/LCD/LCD.o
                0x0000000000001682                Lcd_4bit_enuDisplayString
 .text.Lcd_4bit_enuDisplayNumber
                0x0000000000001700       0x8e ./HAL/source/LCD/LCD.o
                0x0000000000001700                Lcd_4bit_enuDisplayNumber
 .text.Lcd_4bit_enuDisplayFloatNumber
                0x000000000000178e       0x9e ./HAL/source/LCD/LCD.o
                0x000000000000178e                Lcd_4bit_enuDisplayFloatNumber
 .text.Lcd_4bit_enuSet4BitsOnPins
                0x000000000000182c       0x7c ./HAL/source/LCD/LCD.o
 .text.Lcd_4bit_enuSendEnableSignal
                0x00000000000018a8      0x23a ./HAL/source/LCD/LCD.o
 .text.Keypad_enuRead
                0x0000000000001ae2      0x218 ./HAL/source/KEYPAD/KEYPAD.o
                0x0000000000001ae2                Keypad_enuRead
 .text.Keypad_DisableControlPins
                0x0000000000001cfa       0xbe ./HAL/source/KEYPAD/KEYPAD.o
 .text.Exti_ApplicationIsr0
                0x0000000000001db8       0x16 ./APP/main.o
                0x0000000000001db8                Exti_ApplicationIsr0
 .text.Exti_ApplicationIsr1
                0x0000000000001dce       0x16 ./APP/main.o
                0x0000000000001dce                Exti_ApplicationIsr1
 .text.Exti_ApplicationIsr2
                0x0000000000001de4       0x16 ./APP/main.o
                0x0000000000001de4                Exti_ApplicationIsr2
 .text.main     0x0000000000001dfa       0x48 ./APP/main.o
                0x0000000000001dfa                main
 .text.libgcc.mul
                0x0000000000001e42        0x0 /usr/lib/gcc/avr/5.4.0/avr5/libgcc.a(_exit.o)
 .text.libgcc.div
                0x0000000000001e42        0x0 /usr/lib/gcc/avr/5.4.0/avr5/libgcc.a(_exit.o)
 .text.libgcc   0x0000000000001e42        0x0 /usr/lib/gcc/avr/5.4.0/avr5/libgcc.a(_exit.o)
 .text.libgcc.prologue
                0x0000000000001e42        0x0 /usr/lib/gcc/avr/5.4.0/avr5/libgcc.a(_exit.o)
 .text.libgcc.builtins
                0x0000000000001e42        0x0 /usr/lib/gcc/avr/5.4.0/avr5/libgcc.a(_exit.o)
 .text.libgcc.fmul
                0x0000000000001e42        0x0 /usr/lib/gcc/avr/5.4.0/avr5/libgcc.a(_exit.o)
 .text.libgcc.fixed
                0x0000000000001e42        0x0 /usr/lib/gcc/avr/5.4.0/avr5/libgcc.a(_exit.o)
 .text.libgcc.mul
                0x0000000000001e42        0x0 /usr/lib/gcc/avr/5.4.0/avr5/libgcc.a(_copy_data.o)
 .text.libgcc.div
                0x0000000000001e42        0x0 /usr/lib/gcc/avr/5.4.0/avr5/libgcc.a(_copy_data.o)
 .text.libgcc   0x0000000000001e42        0x0 /usr/lib/gcc/avr/5.4.0/avr5/libgcc.a(_copy_data.o)
 .text.libgcc.prologue
                0x0000000000001e42        0x0 /usr/lib/gcc/avr/5.4.0/avr5/libgcc.a(_copy_data.o)
 .text.libgcc.builtins
                0x0000000000001e42        0x0 /usr/lib/gcc/avr/5.4.0/avr5/libgcc.a(_copy_data.o)
 .text.libgcc.fmul
                0x0000000000001e42        0x0 /usr/lib/gcc/avr/5.4.0/avr5/libgcc.a(_copy_data.o)
 .text.libgcc.fixed
                0x0000000000001e42        0x0 /usr/lib/gcc/avr/5.4.0/avr5/libgcc.a(_copy_data.o)
 .text.libgcc.mul
                0x0000000000001e42        0x0 /usr/lib/gcc/avr/5.4.0/avr5/libgcc.a(_clear_bss.o)
 .text.libgcc.div
                0x0000000000001e42        0x0 /usr/lib/gcc/avr/5.4.0/avr5/libgcc.a(_clear_bss.o)
 .text.libgcc   0x0000000000001e42        0x0 /usr/lib/gcc/avr/5.4.0/avr5/libgcc.a(_clear_bss.o)
 .text.libgcc.prologue
                0x0000000000001e42        0x0 /usr/lib/gcc/avr/5.4.0/avr5/libgcc.a(_clear_bss.o)
 .text.libgcc.builtins
                0x0000000000001e42        0x0 /usr/lib/gcc/avr/5.4.0/avr5/libgcc.a(_clear_bss.o)
 .text.libgcc.fmul
                0x0000000000001e42        0x0 /usr/lib/gcc/avr/5.4.0/avr5/libgcc.a(_clear_bss.o)
 .text.libgcc.fixed
                0x0000000000001e42        0x0 /usr/lib/gcc/avr/5.4.0/avr5/libgcc.a(_clear_bss.o)
 .text.libgcc.mul
                0x0000000000001e42        0x0 /usr/lib/gcc/avr/5.4.0/avr5/libgcc.a(_ashldi3.o)
 .text.libgcc.div
                0x0000000000001e42        0x0 /usr/lib/gcc/avr/5.4.0/avr5/libgcc.a(_ashldi3.o)
 .text.libgcc   0x0000000000001e42        0x0 /usr/lib/gcc/avr/5.4.0/avr5/libgcc.a(_ashldi3.o)
 .text.libgcc.prologue
                0x0000000000001e42        0x0 /usr/lib/gcc/avr/5.4.0/avr5/libgcc.a(_ashldi3.o)
 .text.libgcc.builtins
                0x0000000000001e42       0x32 /usr/lib/gcc/avr/5.4.0/avr5/libgcc.a(_ashldi3.o)
                0x0000000000001e42                __ashldi3
 .text.libgcc.fmul
                0x0000000000001e74        0x0 /usr/lib/gcc/avr/5.4.0/avr5/libgcc.a(_ashldi3.o)
 .text.libgcc.fixed
                0x0000000000001e74        0x0 /usr/lib/gcc/avr/5.4.0/avr5/libgcc.a(_ashldi3.o)
 .text.libgcc.mul
                0x0000000000001e74        0x0 /usr/lib/gcc/avr/5.4.0/avr5/libgcc.a(_adddi3.o)
 .text.libgcc.div
                0x0000000000001e74        0x0 /usr/lib/gcc/avr/5.4.0/avr5/libgcc.a(_adddi3.o)
 .text.libgcc   0x0000000000001e74       0x12 /usr/lib/gcc/avr/5.4.0/avr5/libgcc.a(_adddi3.o)
                0x0000000000001e74                __adddi3
 .text.libgcc.prologue
                0x0000000000001e86        0x0 /usr/lib/gcc/avr/5.4.0/avr5/libgcc.a(_adddi3.o)
 .text.libgcc.builtins
                0x0000000000001e86        0x0 /usr/lib/gcc/avr/5.4.0/avr5/libgcc.a(_adddi3.o)
 .text.libgcc.fmul
                0x0000000000001e86        0x0 /usr/lib/gcc/avr/5.4.0/avr5/libgcc.a(_adddi3.o)
 .text.libgcc.fixed
                0x0000000000001e86        0x0 /usr/lib/gcc/avr/5.4.0/avr5/libgcc.a(_adddi3.o)
 .text.avr-libc.fplib
                0x0000000000001e86        0xe /usr/lib/gcc/avr/5.4.0/../../../avr/lib/avr5/libm.a(addsf3.o)
                0x0000000000001e86                __subsf3
                0x0000000000001e88                __addsf3
 .text.avr-libc.fplib
                0x0000000000001e94       0xcc /usr/lib/gcc/avr/5.4.0/../../../avr/lib/avr5/libm.a(addsf3x.o)
                0x0000000000001eb6                __addsf3x
 .text.avr-libc.fplib
                0x0000000000001f60        0xa /usr/lib/gcc/avr/5.4.0/../../../avr/lib/avr5/libm.a(cmpsf2.o)
                0x0000000000001f60                __lesf2
                0x0000000000001f60                __nesf2
                0x0000000000001f60                __eqsf2
                0x0000000000001f60                __cmpsf2
                0x0000000000001f60                __ltsf2
 .text.avr-libc.fplib
                0x0000000000001f6a        0x8 /usr/lib/gcc/avr/5.4.0/../../../avr/lib/avr5/libm.a(divsf3.o)
                0x0000000000001f6a                __divsf3
 .text.avr-libc.fplib
                0x0000000000001f72       0xdc /usr/lib/gcc/avr/5.4.0/../../../avr/lib/avr5/libm.a(divsf3x.o)
                0x0000000000001f92                __divsf3x
                0x0000000000001f98                __divsf3_pse
 .text.avr-libc.fplib
                0x000000000000204e       0x5e /usr/lib/gcc/avr/5.4.0/../../../avr/lib/avr5/libm.a(fixunssfsi.o)
                0x000000000000204e                __fixunssfsi
 .text.avr-libc.fplib
                0x00000000000020ac       0x48 /usr/lib/gcc/avr/5.4.0/../../../avr/lib/avr5/libm.a(fp_cmp.o)
                0x00000000000020ac                __fp_cmp
 .text.avr-libc.fplib
                0x00000000000020f4        0xc /usr/lib/gcc/avr/5.4.0/../../../avr/lib/avr5/libm.a(fp_inf.o)
                0x00000000000020f4                __fp_inf
 .text.avr-libc.fplib
                0x0000000000002100        0x6 /usr/lib/gcc/avr/5.4.0/../../../avr/lib/avr5/libm.a(fp_nan.o)
                0x0000000000002100                __fp_nan
 .text.avr-libc.fplib
                0x0000000000002106        0xe /usr/lib/gcc/avr/5.4.0/../../../avr/lib/avr5/libm.a(fp_pscA.o)
                0x0000000000002106                __fp_pscA
 .text.avr-libc.fplib
                0x0000000000002114        0xe /usr/lib/gcc/avr/5.4.0/../../../avr/lib/avr5/libm.a(fp_pscB.o)
                0x0000000000002114                __fp_pscB
 .text.avr-libc.fplib
                0x0000000000002122       0x22 /usr/lib/gcc/avr/5.4.0/../../../avr/lib/avr5/libm.a(fp_round.o)
                0x0000000000002122                __fp_round
 .text.avr-libc.fplib
                0x0000000000002144       0x44 /usr/lib/gcc/avr/5.4.0/../../../avr/lib/avr5/libm.a(fp_split3.o)
                0x0000000000002144                __fp_split3
                0x0000000000002154                __fp_splitA
 .text.avr-libc.fplib
                0x0000000000002188        0xe /usr/lib/gcc/avr/5.4.0/../../../avr/lib/avr5/libm.a(fp_zero.o)
                0x0000000000002188                __fp_zero
                0x000000000000218a                __fp_szero
 .text.avr-libc.fplib
                0x0000000000002196        0xa /usr/lib/gcc/avr/5.4.0/../../../avr/lib/avr5/libm.a(gesf2.o)
                0x0000000000002196                __gtsf2
                0x0000000000002196                __gesf2
 .text.avr-libc.fplib
                0x00000000000021a0        0x8 /usr/lib/gcc/avr/5.4.0/../../../avr/lib/avr5/libm.a(mulsf3.o)
                0x00000000000021a0                __mulsf3
 .text.avr-libc.fplib
                0x00000000000021a8       0xd2 /usr/lib/gcc/avr/5.4.0/../../../avr/lib/avr5/libm.a(mulsf3x.o)
                0x00000000000021c6                __mulsf3x
                0x00000000000021cc                __mulsf3_pse
 .text.avr-libc
                0x000000000000227a       0x44 /usr/lib/gcc/avr/5.4.0/../../../avr/lib/avr5/libc.a(sprintf.o)
                0x000000000000227a                sprintf
 .text.avr-libc
                0x00000000000022be      0x3c2 /usr/lib/gcc/avr/5.4.0/../../../avr/lib/avr5/libc.a(vfprintf_std.o)
                0x00000000000022be                vfprintf
 .text.avr-libc
                0x0000000000002680       0x16 /usr/lib/gcc/avr/5.4.0/../../../avr/lib/avr5/libc.a(strnlen_P.o)
                0x0000000000002680                strnlen_P
 .text.avr-libc
                0x0000000000002696       0x16 /usr/lib/gcc/avr/5.4.0/../../../avr/lib/avr5/libc.a(strnlen.o)
                0x0000000000002696                strnlen
 .text.avr-libc
                0x00000000000026ac       0x78 /usr/lib/gcc/avr/5.4.0/../../../avr/lib/avr5/libc.a(fputc.o)
                0x00000000000026ac                fputc
 .text.avr-libc
                0x0000000000002724       0xbc /usr/lib/gcc/avr/5.4.0/../../../avr/lib/avr5/libc.a(ultoa_invert.o)
                0x0000000000002724                __ultoa_invert
 .text.libgcc.mul
                0x00000000000027e0        0x0 /usr/lib/gcc/avr/5.4.0/avr5/libgcc.a(_prologue.o)
 .text.libgcc.div
                0x00000000000027e0        0x0 /usr/lib/gcc/avr/5.4.0/avr5/libgcc.a(_prologue.o)
 .text.libgcc   0x00000000000027e0        0x0 /usr/lib/gcc/avr/5.4.0/avr5/libgcc.a(_prologue.o)
 .text.libgcc.prologue
                0x00000000000027e0       0x38 /usr/lib/gcc/avr/5.4.0/avr5/libgcc.a(_prologue.o)
                0x00000000000027e0                __prologue_saves__
 .text.libgcc.builtins
                0x0000000000002818        0x0 /usr/lib/gcc/avr/5.4.0/avr5/libgcc.a(_prologue.o)
 .text.libgcc.fmul
                0x0000000000002818        0x0 /usr/lib/gcc/avr/5.4.0/avr5/libgcc.a(_prologue.o)
 .text.libgcc.fixed
                0x0000000000002818        0x0 /usr/lib/gcc/avr/5.4.0/avr5/libgcc.a(_prologue.o)
 .text.libgcc.mul
                0x0000000000002818        0x0 /usr/lib/gcc/avr/5.4.0/avr5/libgcc.a(_epilogue.o)
 .text.libgcc.div
                0x0000000000002818        0x0 /usr/lib/gcc/avr/5.4.0/avr5/libgcc.a(_epilogue.o)
 .text.libgcc   0x0000000000002818        0x0 /usr/lib/gcc/avr/5.4.0/avr5/libgcc.a(_epilogue.o)
 .text.libgcc.prologue
                0x0000000000002818       0x36 /usr/lib/gcc/avr/5.4.0/avr5/libgcc.a(_epilogue.o)
                0x0000000000002818                __epilogue_restores__
 .text.libgcc.builtins
                0x000000000000284e        0x0 /usr/lib/gcc/avr/5.4.0/avr5/libgcc.a(_epilogue.o)
 .text.libgcc.fmul
                0x000000000000284e        0x0 /usr/lib/gcc/avr/5.4.0/avr5/libgcc.a(_epilogue.o)
 .text.libgcc.fixed
                0x000000000000284e        0x0 /usr/lib/gcc/avr/5.4.0/avr5/libgcc.a(_epilogue.o)
                0x000000000000284e                . = ALIGN (0x2)
 *(.fini9)
 .fini9         0x000000000000284e        0x0 /usr/lib/gcc/avr/5.4.0/avr5/libgcc.a(_exit.o)
                0x000000000000284e                exit
                0x000000000000284e                _exit
 *(.fini9)
 *(.fini8)
 *(.fini8)
 *(.fini7)
 *(.fini7)
 *(.fini6)
 *(.fini6)
 *(.fini5)
 *(.fini5)
 *(.fini4)
 *(.fini4)
 *(.fini3)
 *(.fini3)
 *(.fini2)
 *(.fini2)
 *(.fini1)
 *(.fini1)
 *(.fini0)
 .fini0         0x000000000000284e        0x4 /usr/lib/gcc/avr/5.4.0/avr5/libgcc.a(_exit.o)
 *(.fini0)
                0x0000000000002852                _etext = .

.data           0x0000000000800060       0x50 load address 0x0000000000002852
                0x0000000000800060                PROVIDE (__data_start, .)
 *(.data)
 .data          0x0000000000800060        0x0 /usr/lib/gcc/avr/5.4.0/../../../avr/lib/avr5/crtatmega32.o
 .data          0x0000000000800060        0x0 ./SERIVICES/source/calculation_functions.o
 .data          0x0000000000800060        0x0 ./MCAL/PORT/source/PORT.o
 .data          0x0000000000800060        0x0 ./MCAL/PORT/source/PORT_config.o
 .data          0x0000000000800060        0x0 ./MCAL/GIE/source/GIE.o
 .data          0x0000000000800060        0x0 ./MCAL/GIE/source/GIE_config.o
 .data          0x0000000000800060        0x0 ./MCAL/EXTI/source/EXTI.o
 .data          0x0000000000800060        0x0 ./MCAL/EXTI/source/EXTI_config.o
 .data          0x0000000000800060        0x0 ./MCAL/DIO/source/DIO.o
 .data          0x0000000000800060        0x0 ./MCAL/DIO/source/DIO_config.o
 .data          0x0000000000800060        0x0 ./HAL/source/LCD/LCD.o
 .data          0x0000000000800060        0x0 ./HAL/source/LCD/LCD_config.o
 .data          0x0000000000800060        0x0 ./HAL/source/KEYPAD/KEYPAD.o
 .data          0x0000000000800060        0x0 ./HAL/source/KEYPAD/KEYPAD_config.o
 .data          0x0000000000800060        0x0 ./APP/main.o
 .data          0x0000000000800060        0x0 /usr/lib/gcc/avr/5.4.0/avr5/libgcc.a(_exit.o)
 .data          0x0000000000800060        0x0 /usr/lib/gcc/avr/5.4.0/avr5/libgcc.a(_copy_data.o)
 .data          0x0000000000800060        0x0 /usr/lib/gcc/avr/5.4.0/avr5/libgcc.a(_clear_bss.o)
 .data          0x0000000000800060        0x0 /usr/lib/gcc/avr/5.4.0/avr5/libgcc.a(_ashldi3.o)
 .data          0x0000000000800060        0x0 /usr/lib/gcc/avr/5.4.0/avr5/libgcc.a(_adddi3.o)
 .data          0x0000000000800060        0x0 /usr/lib/gcc/avr/5.4.0/../../../avr/lib/avr5/libm.a(addsf3.o)
 .data          0x0000000000800060        0x0 /usr/lib/gcc/avr/5.4.0/../../../avr/lib/avr5/libm.a(addsf3x.o)
 .data          0x0000000000800060        0x0 /usr/lib/gcc/avr/5.4.0/../../../avr/lib/avr5/libm.a(cmpsf2.o)
 .data          0x0000000000800060        0x0 /usr/lib/gcc/avr/5.4.0/../../../avr/lib/avr5/libm.a(divsf3.o)
 .data          0x0000000000800060        0x0 /usr/lib/gcc/avr/5.4.0/../../../avr/lib/avr5/libm.a(divsf3x.o)
 .data          0x0000000000800060        0x0 /usr/lib/gcc/avr/5.4.0/../../../avr/lib/avr5/libm.a(fixunssfsi.o)
 .data          0x0000000000800060        0x0 /usr/lib/gcc/avr/5.4.0/../../../avr/lib/avr5/libm.a(fp_cmp.o)
 .data          0x0000000000800060        0x0 /usr/lib/gcc/avr/5.4.0/../../../avr/lib/avr5/libm.a(fp_inf.o)
 .data          0x0000000000800060        0x0 /usr/lib/gcc/avr/5.4.0/../../../avr/lib/avr5/libm.a(fp_nan.o)
 .data          0x0000000000800060        0x0 /usr/lib/gcc/avr/5.4.0/../../../avr/lib/avr5/libm.a(fp_pscA.o)
 .data          0x0000000000800060        0x0 /usr/lib/gcc/avr/5.4.0/../../../avr/lib/avr5/libm.a(fp_pscB.o)
 .data          0x0000000000800060        0x0 /usr/lib/gcc/avr/5.4.0/../../../avr/lib/avr5/libm.a(fp_round.o)
 .data          0x0000000000800060        0x0 /usr/lib/gcc/avr/5.4.0/../../../avr/lib/avr5/libm.a(fp_split3.o)
 .data          0x0000000000800060        0x0 /usr/lib/gcc/avr/5.4.0/../../../avr/lib/avr5/libm.a(fp_zero.o)
 .data          0x0000000000800060        0x0 /usr/lib/gcc/avr/5.4.0/../../../avr/lib/avr5/libm.a(gesf2.o)
 .data          0x0000000000800060        0x0 /usr/lib/gcc/avr/5.4.0/../../../avr/lib/avr5/libm.a(mulsf3.o)
 .data          0x0000000000800060        0x0 /usr/lib/gcc/avr/5.4.0/../../../avr/lib/avr5/libm.a(mulsf3x.o)
 .data          0x0000000000800060        0x0 /usr/lib/gcc/avr/5.4.0/../../../avr/lib/avr5/libc.a(sprintf.o)
 .data          0x0000000000800060        0x0 /usr/lib/gcc/avr/5.4.0/../../../avr/lib/avr5/libc.a(vfprintf_std.o)
 .data          0x0000000000800060        0x0 /usr/lib/gcc/avr/5.4.0/../../../avr/lib/avr5/libc.a(strnlen_P.o)
 .data          0x0000000000800060        0x0 /usr/lib/gcc/avr/5.4.0/../../../avr/lib/avr5/libc.a(strnlen.o)
 .data          0x0000000000800060        0x0 /usr/lib/gcc/avr/5.4.0/../../../avr/lib/avr5/libc.a(fputc.o)
 .data          0x0000000000800060        0x0 /usr/lib/gcc/avr/5.4.0/../../../avr/lib/avr5/libc.a(ultoa_invert.o)
 .data          0x0000000000800060        0x0 /usr/lib/gcc/avr/5.4.0/avr5/libgcc.a(_prologue.o)
 .data          0x0000000000800060        0x0 /usr/lib/gcc/avr/5.4.0/avr5/libgcc.a(_epilogue.o)
 *(.data*)
 .data.Dio_DdraRegsiterArr
                0x0000000000800060        0x8 ./MCAL/PORT/source/PORT.o
 .data.Dio_PortRegistersArr
                0x0000000000800068        0x8 ./MCAL/PORT/source/PORT.o
 .data.Dio_DdraRegsiterArr
                0x0000000000800070        0x8 ./MCAL/DIO/source/DIO.o
 .data.Dio_PortRegistersArr
                0x0000000000800078        0x8 ./MCAL/DIO/source/DIO.o
 .data.Dio_PinRegistersArr
                0x0000000000800080        0x8 ./MCAL/DIO/source/DIO.o
 .data.Lcd      0x0000000000800088        0x7 ./HAL/source/LCD/LCD_config.o
                0x0000000000800088                Lcd
 .data.Keypad   0x000000000080008f        0xa ./HAL/source/KEYPAD/KEYPAD_config.o
                0x000000000080008f                Keypad
 *(.gnu.linkonce.d*)
 *(.rodata)
 .rodata        0x0000000000800099        0x7 ./SERIVICES/source/calculation_functions.o
 *(.rodata*)
 .rodata.Keypad_Matrix
                0x00000000008000a0       0x10 ./HAL/source/KEYPAD/KEYPAD_config.o
                0x00000000008000a0                Keypad_Matrix
 *(.gnu.linkonce.r*)
                0x00000000008000b0                . = ALIGN (0x2)
                0x00000000008000b0                _edata = .
                0x00000000008000b0                PROVIDE (__data_end, .)

.bss            0x00000000008000b0        0x6
                0x00000000008000b0                PROVIDE (__bss_start, .)
 *(.bss)
 .bss           0x00000000008000b0        0x0 /usr/lib/gcc/avr/5.4.0/../../../avr/lib/avr5/crtatmega32.o
 .bss           0x00000000008000b0        0x0 ./SERIVICES/source/calculation_functions.o
 .bss           0x00000000008000b0        0x0 ./MCAL/PORT/source/PORT.o
 .bss           0x00000000008000b0        0x0 ./MCAL/PORT/source/PORT_config.o
 .bss           0x00000000008000b0        0x0 ./MCAL/GIE/source/GIE.o
 .bss           0x00000000008000b0        0x0 ./MCAL/GIE/source/GIE_config.o
 .bss           0x00000000008000b0        0x0 ./MCAL/EXTI/source/EXTI.o
 .bss           0x00000000008000b0        0x0 ./MCAL/EXTI/source/EXTI_config.o
 .bss           0x00000000008000b0        0x0 ./MCAL/DIO/source/DIO.o
 .bss           0x00000000008000b0        0x0 ./MCAL/DIO/source/DIO_config.o
 .bss           0x00000000008000b0        0x0 ./HAL/source/LCD/LCD.o
 .bss           0x00000000008000b0        0x0 ./HAL/source/LCD/LCD_config.o
 .bss           0x00000000008000b0        0x0 ./HAL/source/KEYPAD/KEYPAD.o
 .bss           0x00000000008000b0        0x0 ./HAL/source/KEYPAD/KEYPAD_config.o
 .bss           0x00000000008000b0        0x0 ./APP/main.o
 .bss           0x00000000008000b0        0x0 /usr/lib/gcc/avr/5.4.0/avr5/libgcc.a(_exit.o)
 .bss           0x00000000008000b0        0x0 /usr/lib/gcc/avr/5.4.0/avr5/libgcc.a(_copy_data.o)
 .bss           0x00000000008000b0        0x0 /usr/lib/gcc/avr/5.4.0/avr5/libgcc.a(_clear_bss.o)
 .bss           0x00000000008000b0        0x0 /usr/lib/gcc/avr/5.4.0/avr5/libgcc.a(_ashldi3.o)
 .bss           0x00000000008000b0        0x0 /usr/lib/gcc/avr/5.4.0/avr5/libgcc.a(_adddi3.o)
 .bss           0x00000000008000b0        0x0 /usr/lib/gcc/avr/5.4.0/../../../avr/lib/avr5/libm.a(addsf3.o)
 .bss           0x00000000008000b0        0x0 /usr/lib/gcc/avr/5.4.0/../../../avr/lib/avr5/libm.a(addsf3x.o)
 .bss           0x00000000008000b0        0x0 /usr/lib/gcc/avr/5.4.0/../../../avr/lib/avr5/libm.a(cmpsf2.o)
 .bss           0x00000000008000b0        0x0 /usr/lib/gcc/avr/5.4.0/../../../avr/lib/avr5/libm.a(divsf3.o)
 .bss           0x00000000008000b0        0x0 /usr/lib/gcc/avr/5.4.0/../../../avr/lib/avr5/libm.a(divsf3x.o)
 .bss           0x00000000008000b0        0x0 /usr/lib/gcc/avr/5.4.0/../../../avr/lib/avr5/libm.a(fixunssfsi.o)
 .bss           0x00000000008000b0        0x0 /usr/lib/gcc/avr/5.4.0/../../../avr/lib/avr5/libm.a(fp_cmp.o)
 .bss           0x00000000008000b0        0x0 /usr/lib/gcc/avr/5.4.0/../../../avr/lib/avr5/libm.a(fp_inf.o)
 .bss           0x00000000008000b0        0x0 /usr/lib/gcc/avr/5.4.0/../../../avr/lib/avr5/libm.a(fp_nan.o)
 .bss           0x00000000008000b0        0x0 /usr/lib/gcc/avr/5.4.0/../../../avr/lib/avr5/libm.a(fp_pscA.o)
 .bss           0x00000000008000b0        0x0 /usr/lib/gcc/avr/5.4.0/../../../avr/lib/avr5/libm.a(fp_pscB.o)
 .bss           0x00000000008000b0        0x0 /usr/lib/gcc/avr/5.4.0/../../../avr/lib/avr5/libm.a(fp_round.o)
 .bss           0x00000000008000b0        0x0 /usr/lib/gcc/avr/5.4.0/../../../avr/lib/avr5/libm.a(fp_split3.o)
 .bss           0x00000000008000b0        0x0 /usr/lib/gcc/avr/5.4.0/../../../avr/lib/avr5/libm.a(fp_zero.o)
 .bss           0x00000000008000b0        0x0 /usr/lib/gcc/avr/5.4.0/../../../avr/lib/avr5/libm.a(gesf2.o)
 .bss           0x00000000008000b0        0x0 /usr/lib/gcc/avr/5.4.0/../../../avr/lib/avr5/libm.a(mulsf3.o)
 .bss           0x00000000008000b0        0x0 /usr/lib/gcc/avr/5.4.0/../../../avr/lib/avr5/libm.a(mulsf3x.o)
 .bss           0x00000000008000b0        0x0 /usr/lib/gcc/avr/5.4.0/../../../avr/lib/avr5/libc.a(sprintf.o)
 .bss           0x00000000008000b0        0x0 /usr/lib/gcc/avr/5.4.0/../../../avr/lib/avr5/libc.a(vfprintf_std.o)
 .bss           0x00000000008000b0        0x0 /usr/lib/gcc/avr/5.4.0/../../../avr/lib/avr5/libc.a(strnlen_P.o)
 .bss           0x00000000008000b0        0x0 /usr/lib/gcc/avr/5.4.0/../../../avr/lib/avr5/libc.a(strnlen.o)
 .bss           0x00000000008000b0        0x0 /usr/lib/gcc/avr/5.4.0/../../../avr/lib/avr5/libc.a(fputc.o)
 .bss           0x00000000008000b0        0x0 /usr/lib/gcc/avr/5.4.0/../../../avr/lib/avr5/libc.a(ultoa_invert.o)
 .bss           0x00000000008000b0        0x0 /usr/lib/gcc/avr/5.4.0/avr5/libgcc.a(_prologue.o)
 .bss           0x00000000008000b0        0x0 /usr/lib/gcc/avr/5.4.0/avr5/libgcc.a(_epilogue.o)
 *(.bss*)
 .bss.Exti_InterruptHandler
                0x00000000008000b0        0x6 ./MCAL/EXTI/source/EXTI.o
 *(COMMON)
                0x00000000008000b6                PROVIDE (__bss_end, .)
                0x0000000000002852                __data_load_start = LOADADDR (.data)
                0x00000000000028a2                __data_load_end = (__data_load_start + SIZEOF (.data))

.noinit         0x00000000008000b6        0x0
                [!provide]                        PROVIDE (__noinit_start, .)
 *(.noinit*)
                [!provide]                        PROVIDE (__noinit_end, .)
                0x00000000008000b6                _end = .
                [!provide]                        PROVIDE (__heap_start, .)

.eeprom         0x0000000000810000        0x0
 *(.eeprom*)
                0x0000000000810000                __eeprom_end = .

.fuse
 *(.fuse)
 *(.lfuse)
 *(.hfuse)
 *(.efuse)

.lock
 *(.lock*)

.signature
 *(.signature*)

.user_signatures
 *(.user_signatures*)

.stab           0x0000000000000000     0x50f4
 *(.stab)
 .stab          0x0000000000000000      0x594 ./SERIVICES/source/calculation_functions.o
 .stab          0x0000000000000594      0x69c ./MCAL/PORT/source/PORT.o
                                        0x6a8 (size before relaxing)
 .stab          0x0000000000000c30      0x270 ./MCAL/PORT/source/PORT_config.o
                                        0x27c (size before relaxing)
 .stab          0x0000000000000ea0      0x54c ./MCAL/GIE/source/GIE.o
                                        0x558 (size before relaxing)
 .stab          0x00000000000013ec      0x270 ./MCAL/GIE/source/GIE_config.o
                                        0x27c (size before relaxing)
 .stab          0x000000000000165c      0x72c ./MCAL/EXTI/source/EXTI.o
                                        0x738 (size before relaxing)
 .stab          0x0000000000001d88      0x270 ./MCAL/EXTI/source/EXTI_config.o
                                        0x27c (size before relaxing)
 .stab          0x0000000000001ff8      0x7a4 ./MCAL/DIO/source/DIO.o
                                        0x7b0 (size before relaxing)
 .stab          0x000000000000279c      0x270 ./MCAL/DIO/source/DIO_config.o
                                        0x27c (size before relaxing)
 .stab          0x0000000000002a0c     0x13e0 ./HAL/source/LCD/LCD.o
                                       0x13ec (size before relaxing)
 .stab          0x0000000000003dec      0x2a0 ./HAL/source/LCD/LCD_config.o
                                        0x3a8 (size before relaxing)
 .stab          0x000000000000408c      0x7a4 ./HAL/source/KEYPAD/KEYPAD.o
                                        0x7b0 (size before relaxing)
 .stab          0x0000000000004830      0x2ac ./HAL/source/KEYPAD/KEYPAD_config.o
                                        0x3d8 (size before relaxing)
 .stab          0x0000000000004adc      0x618 ./APP/main.o
                                        0x7bc (size before relaxing)

.stabstr        0x0000000000000000     0x2de7
 *(.stabstr)
 .stabstr       0x0000000000000000     0x2de7 ./SERIVICES/source/calculation_functions.o

.stab.excl
 *(.stab.excl)

.stab.exclstr
 *(.stab.exclstr)

.stab.index
 *(.stab.index)

.stab.indexstr
 *(.stab.indexstr)

.comment        0x0000000000000000       0x11
 *(.comment)
 .comment       0x0000000000000000       0x11 ./SERIVICES/source/calculation_functions.o
                                         0x12 (size before relaxing)
 .comment       0x0000000000000011       0x12 ./MCAL/PORT/source/PORT.o
 .comment       0x0000000000000011       0x12 ./MCAL/PORT/source/PORT_config.o
 .comment       0x0000000000000011       0x12 ./MCAL/GIE/source/GIE.o
 .comment       0x0000000000000011       0x12 ./MCAL/GIE/source/GIE_config.o
 .comment       0x0000000000000011       0x12 ./MCAL/EXTI/source/EXTI.o
 .comment       0x0000000000000011       0x12 ./MCAL/EXTI/source/EXTI_config.o
 .comment       0x0000000000000011       0x12 ./MCAL/DIO/source/DIO.o
 .comment       0x0000000000000011       0x12 ./MCAL/DIO/source/DIO_config.o
 .comment       0x0000000000000011       0x12 ./HAL/source/LCD/LCD.o
 .comment       0x0000000000000011       0x12 ./HAL/source/LCD/LCD_config.o
 .comment       0x0000000000000011       0x12 ./HAL/source/KEYPAD/KEYPAD.o
 .comment       0x0000000000000011       0x12 ./HAL/source/KEYPAD/KEYPAD_config.o
 .comment       0x0000000000000011       0x12 ./APP/main.o
 .comment       0x0000000000000011       0x12 /usr/lib/gcc/avr/5.4.0/../../../avr/lib/avr5/libc.a(sprintf.o)
 .comment       0x0000000000000011       0x12 /usr/lib/gcc/avr/5.4.0/../../../avr/lib/avr5/libc.a(vfprintf_std.o)
 .comment       0x0000000000000011       0x12 /usr/lib/gcc/avr/5.4.0/../../../avr/lib/avr5/libc.a(fputc.o)

.note.gnu.avr.deviceinfo
                0x0000000000000000       0x3c
 .note.gnu.avr.deviceinfo
                0x0000000000000000       0x3c /usr/lib/gcc/avr/5.4.0/../../../avr/lib/avr5/crtatmega32.o

.note.gnu.build-id
 *(.note.gnu.build-id)

.debug
 *(.debug)

.line
 *(.line)

.debug_srcinfo
 *(.debug_srcinfo)

.debug_sfnames
 *(.debug_sfnames)

.debug_aranges
 *(.debug_aranges)

.debug_pubnames
 *(.debug_pubnames)

.debug_info     0x0000000000000000      0x4e6
 *(.debug_info .gnu.linkonce.wi.*)
 .debug_info    0x0000000000000000      0x4e6 /usr/lib/gcc/avr/5.4.0/../../../avr/lib/avr5/crtatmega32.o

.debug_abbrev   0x0000000000000000      0x4a3
 *(.debug_abbrev)
 .debug_abbrev  0x0000000000000000      0x4a3 /usr/lib/gcc/avr/5.4.0/../../../avr/lib/avr5/crtatmega32.o

.debug_line     0x0000000000000000       0x1a
 *(.debug_line .debug_line.* .debug_line_end)
 .debug_line    0x0000000000000000       0x1a /usr/lib/gcc/avr/5.4.0/../../../avr/lib/avr5/crtatmega32.o

.debug_frame
 *(.debug_frame)

.debug_str      0x0000000000000000      0x196
 *(.debug_str)
 .debug_str     0x0000000000000000      0x196 /usr/lib/gcc/avr/5.4.0/../../../avr/lib/avr5/crtatmega32.o

.debug_loc
 *(.debug_loc)

.debug_macinfo
 *(.debug_macinfo)

.debug_weaknames
 *(.debug_weaknames)

.debug_funcnames
 *(.debug_funcnames)

.debug_typenames
 *(.debug_typenames)

.debug_varnames
 *(.debug_varnames)

.debug_pubtypes
 *(.debug_pubtypes)

.debug_ranges
 *(.debug_ranges)

.debug_macro
 *(.debug_macro)
OUTPUT(NTI_Atmega32.elf elf32-avr)
LOAD linker stubs
